******************************************************************************
                  TI ARM Linker PC v20.2.5                     
******************************************************************************
>> Linked Mon Nov 29 22:13:42 2021

OUTPUT FILE NAME:   <gpiointerrupt_CC3220S_LAUNCHXL_nortos_ccs.out>
ENTRY POINT SYMBOL: "resetISR"  address: 2000e3d5


MEMORY CONFIGURATION

         name            origin    length      used     unused   attr    fill
----------------------  --------  ---------  --------  --------  ----  --------
  SRAM2                 20000000   00004000  0000130c  00002cf4  RW X
  SRAM                  20004000   0003c000  0000b232  00030dce  RW X
  LOG_DATA              90000000   00040000  00000000  00040000  R   


SEGMENT ALLOCATION MAP

run origin  load origin   length   init length attrs members
----------  ----------- ---------- ----------- ----- -------
20003000    20003000    00001000   00000000    rw-
  20003000    20003000    00001000   00000000    rw- .stack
20004000    20004000    00000040   00000040    r--
  20004000    20004000    00000040   00000040    r-- .resetVecs
20004040    20004040    00008000   00000000    rw-
  20004040    20004040    00008000   00000000    rw- .sysmem
2000c040    2000c040    000025e8   000025e8    r-x
  2000c040    2000c040    000025e8   000025e8    r-x .text
2000e628    2000e628    0000061e   00000000    rw-
  2000e628    2000e628    0000061e   00000000    rw- .data
2000ec48    2000ec48    00000280   00000280    r--
  2000ec48    2000ec48    00000280   00000280    r-- .const
2000eec8    2000eec8    00000274   00000000    rw-
  2000eec8    2000eec8    00000274   00000000    rw- .bss
2000f140    2000f140    000000f8   000000f8    r--
  2000f140    2000f140    000000f8   000000f8    r-- .cinit


SECTION ALLOCATION MAP

 output                                  attributes/
section   page    origin      length       input sections
--------  ----  ----------  ----------   ----------------
.text      0    2000c040    000025e8     
                  2000c040    0000042c     driverlib.a : prcm.obj (.text:PRCMCC3200MCUInit)
                  2000c46c    000001f4     gpiointerrupt.obj (.text:MC_SOS_SM)
                  2000c660    0000019c     nortos_cc32xx.a : PowerCC32XX_nortos.oem4 (.text:PowerCC32XX_sleepPolicy)
                  2000c7fc    00000154     drivers_cc32xx.a : GPIOCC32XX.oem4 (.text:GPIO_setConfig)
                  2000c950    00000148                      : PowerCC32XX.oem4 (.text:parkPins)
                  2000ca98    00000138                      : PowerCC32XX.oem4 (.text:Power_sleep)
                  2000cbd0    00000100     rtsv7M4_T_le_eabi.lib : memory.c.obj (.text:aligned_alloc)
                  2000ccd0    000000e4                           : memory.c.obj (.text:free)
                  2000cdb4    000000c0     drivers_cc32xx.a : PowerCC32XX.oem4 (.text:restoreParkedPins)
                  2000ce74    000000a8     driverlib.a : interrupt.obj (.text:IntEnable)
                  2000cf1c    000000a8     drivers_cc32xx.a : PowerCC32XX.oem4 (.text:PowerCC32XX_configureWakeup)
                  2000cfc4    000000a0     nortos_cc32xx.a : SemaphoreP_nortos.oem4 (.text:SemaphoreP_pend)
                  2000d064    0000009c     rtsv7M4_T_le_eabi.lib : memcpy_t2.asm.obj (.text)
                  2000d100    00000096                           : ull_div_t2.asm.obj (.text)
                  2000d196    00000002     ti_drivers_config.obj (.text:Board_initHook)
                  2000d198    00000090     drivers_cc32xx.a : GPIOCC32XX.oem4 (.text:GPIO_init)
                  2000d228    00000090                      : PowerCC32XX.oem4 (.text:restoreNVICRegs)
                  2000d2b8    0000008c     nortos_cc32xx.a : HwiPCC32XX_nortos.oem4 (.text:HwiP_construct)
                  2000d344    00000088     driverlib.a : interrupt.obj (.text:IntPendSet)
                  2000d3cc    00000088                 : pin.obj (.text:PinConfigSet)
                  2000d454    00000084     drivers_cc32xx.a : PowerCC32XX.oem4 (.text:Power_init)
                  2000d4d8    00000084                      : PowerCC32XX.oem4 (.text:saveNVICRegs)
                  2000d55c    00000080                      : GPIOCC32XX.oem4 (.text:GPIO_write)
                  2000d5dc    00000080                      : PowerCC32XX.oem4 (.text:Power_setDependency)
                  2000d65c    00000074                      : GPIOCC32XX.oem4 (.text:powerNotifyFxn)
                  2000d6d0    00000070     rtsv7M4_T_le_eabi.lib : memory.c.obj (.text:split)
                  2000d740    00000068                           : copy_decompress_lzss.c.obj (.text:decompress:lzss:__TI_decompress_lzss)
                  2000d7a8    00000064     drivers_cc32xx.a : GPIOCC32XX.oem4 (.text:GPIO_setInterruptConfig)
                  2000d80c    00000064                      : PowerCC32XX.oem4 (.text:PowerCC32XX_setParkState)
                  2000d870    00000064     gpiointerrupt.obj (.text:mainThread)
                  2000d8d4    00000060     drivers_cc32xx.a : GPIOCC32XX.oem4 (.text:GPIO_hwiIntFxn)
                  2000d934    00000060     driverlib.a : prcm.obj (.text:PRCMSysResetCauseGet)
                  2000d994    00000060     nortos_cc32xx.a : ClockPSysTick_nortos.oem4 (.text:getTimeUsec)
                  2000d9f4    0000005c                     : ClockPSysTick_nortos.oem4 (.text:sysTickInit)
                  2000da50    00000058     driverlib.a : prcm.obj (.text:PRCMPeripheralReset)
                  2000daa8    00000052     drivers_cc32xx.a : PowerCC32XX_asm.oem4 (.text:PowerCC32XX_resumeLPDS)
                  2000dafa    00000002     nortos_cc32xx.a : PowerCC32XX_nortos.oem4 (.text:PowerCC32XX_initPolicy)
                  2000dafc    00000050                     : ClockPSysTick_nortos.oem4 (.text:ClockP_sysTickHandler)
                  2000db4c    00000050                     : SemaphoreP_nortos.oem4 (.text:SemaphoreP_construct)
                  2000db9c    0000004c     drivers_cc32xx.a : PowerCC32XX.oem4 (.text:PowerCC32XX_parkPin)
                  2000dbe8    0000004c                      : PowerCC32XX.oem4 (.text:restorePeriphClocks)
                  2000dc34    00000048     nortos_cc32xx.a : ClockPSysTick_nortos.oem4 (.text:ClockP_usleep)
                  2000dc7c    00000048     driverlib.a : flash.obj (.text:FlashDisable)
                  2000dcc4    00000048     drivers_cc32xx.a : GPIOCC32XX.oem4 (.text:GPIO_disableInt)
                  2000dd0c    00000048                      : GPIOCC32XX.oem4 (.text:GPIO_enableInt)
                  2000dd54    00000048     driverlib.a : prcm.obj (.text:PRCMLPDSEnter)
                  2000dd9c    00000048                 : prcm.obj (.text:PRCMPeripheralClkEnable)
                  2000dde4    00000044     nortos_cc32xx.a : ClockPSysTick_nortos.oem4 (.text:ClockP_stop)
                  2000de28    00000044     driverlib.a : prcm.obj (.text:PRCMLPDSRestoreInfoSet)
                  2000de6c    00000044     drivers_cc32xx.a : PowerCC32XX_asm.oem4 (.text:PowerCC32XX_enterLPDS)
                  2000deb0    00000044     nortos_cc32xx.a : SemaphoreP_nortos.oem4 (.text:SemaphoreP_post)
                  2000def4    00000044                     : SwiP_nortos.oem4 (.text:SwiP_restore)
                  2000df38    00000044     rtsv7M4_T_le_eabi.lib : autoinit.c.obj (.text:__TI_auto_init_nobinit_nopinit:__TI_auto_init_nobinit_nopinit)
                  2000df7c    00000040     driverlib.a : pin.obj (.text:PinModeSet)
                  2000dfbc    0000003c     nortos_cc32xx.a : ClockPSysTick_nortos.oem4 (.text:ClockP_destruct)
                  2000dff8    0000003a                     : PowerCC32XX_nortos.oem4 (.text:getCountsRTC)
                  2000e032    00000002                     : SemaphoreP_nortos.oem4 (.text:SemaphoreP_destruct)
                  2000e034    00000038     driverlib.a : prcm.obj (.text:PRCMLPDSEnterKeepDebugIf)
                  2000e06c    00000038     nortos_cc32xx.a : ClockPSysTick_nortos.oem4 (.text:addToList)
                  2000e0a4    00000038                     : startup_cc32xx_ccs.oem4 (.text:initVectors)
                  2000e0dc    00000038     drivers_cc32xx.a : PowerCC32XX.oem4 (.text:notify)
                  2000e114    00000034     nortos_cc32xx.a : ClockPSysTick_nortos.oem4 (.text:ClockP_getTicksUntilInterrupt)
                  2000e148    00000034                     : ClockPSysTick_nortos.oem4 (.text:ClockP_startup)
                  2000e17c    00000034     driverlib.a : pin.obj (.text:PinModeGet)
                  2000e1b0    00000030     nortos_cc32xx.a : ClockPSysTick_nortos.oem4 (.text:ClockP_start)
                  2000e1e0    00000030     drivers_cc32xx.a : PowerCC32XX.oem4 (.text:PowerCC32XX_restoreParkedPin)
                  2000e210    0000002a     nortos_cc32xx.a : HwiPCC32XX_nortos.oem4 (.text:HwiP_create)
                  2000e23a    00000002     rtsv7M4_T_le_eabi.lib : _lock.c.obj (.text:_nop)
                  2000e23c    00000028     driverlib.a : prcm.obj (.text:PRCMPeripheralClkDisable)
                  2000e264    00000028     drivers_cc32xx.a : PowerCC32XX.oem4 (.text:Power_registerNotify)
                  2000e28c    00000028     rtsv7M4_T_le_eabi.lib : memory.c.obj (.text:free_list_insert)
                  2000e2b4    00000026     drivers_cc32xx.a : List.oem4 (.text:List_put)
                  2000e2da    00000002     nortos_cc32xx.a : startup_cc32xx_ccs.oem4 (.text:busFaultHandler)
                  2000e2dc    00000024                     : HwiPCC32XX_nortos.oem4 (.text:HwiP_dispatch)
                  2000e300    00000024     rtsv7M4_T_le_eabi.lib : boot_cortex_m.c.obj (.text:_c_int00_noargs:_c_int00_noargs)
                  2000e324    00000024     nortos_cc32xx.a : ClockPSysTick_nortos.oem4 (.text:sleepTicks)
                  2000e348    0000001c     driverlib.a : pin.obj (.text:PinToPadGet)
                  2000e364    0000001c     nortos_cc32xx.a : SwiP_nortos.oem4 (.text:SwiP_disable)
                  2000e380    0000001c     rtsv7M4_T_le_eabi.lib : copy_zero_init.c.obj (.text:decompress:ZI:__TI_zero_init_nomemset:__TI_zero_init_nomemset)
                  2000e39c    0000001c                           : memory.c.obj (.text:free_list_remove)
                  2000e3b8    0000001a     nortos_cc32xx.a : SemaphoreP_nortos.oem4 (.text:SemaphoreP_createBinary)
                  2000e3d2    00000002                     : SemaphoreP_nortos.oem4 (.text:clkFxn)
                  2000e3d4    0000001a                     : startup_cc32xx_ccs.oem4 (.text:resetISR)
                  2000e3ee    00000002                     : startup_cc32xx_ccs.oem4 (.text:defaultHandler)
                  2000e3f0    00000018     drivers_cc32xx.a : GPIO.oem4 (.text:GPIO_setCallback)
                  2000e408    00000018                      : PowerCC32XX.oem4 (.text:Power_getTransitionLatency)
                  2000e420    00000018                      : PowerCC32XX.oem4 (.text:Power_idleFunc)
                  2000e438    00000018     rtsv7M4_T_le_eabi.lib : ll_mul_t2.asm.obj (.text)
                  2000e450    00000016     driverlib.a : prcm.obj (.text:PRCMHIBRegRead)
                  2000e466    00000016                 : prcm.obj (.text:PRCMHIBRegWrite)
                  2000e47c    00000016     nortos_cc32xx.a : SemaphoreP_nortos.oem4 (.text:SemaphoreP_create)
                  2000e492    00000014     ti_drivers_config.obj (.text:Board_init)
                  2000e4a6    00000014     driverlib.a : cpu.obj (.text:CPUcpsid)
                  2000e4ba    00000002     nortos_cc32xx.a : startup_cc32xx_ccs.oem4 (.text:faultISR)
                  2000e4bc    00000014                     : HwiPCC32XX_nortos.oem4 (.text:HwiP_inISR)
                  2000e4d0    00000014     driverlib.a : interrupt.obj (.text:IntVTableBaseSet)
                  2000e4e4    00000014     drivers_cc32xx.a : PowerCC32XX.oem4 (.text:Power_disablePolicy)
                  2000e4f8    00000014                      : PowerCC32XX.oem4 (.text:Power_getDependencyCount)
                  2000e50c    00000012     nortos_cc32xx.a : HwiPCC32XX_nortos.oem4 (.text:HwiP_Params_init)
                  2000e51e    00000012     main_nortos.obj (.text:main)
                  2000e530    00000010     nortos_cc32xx.a : ClockPSysTick_nortos.oem4 (.text:ClockP_add)
                  2000e540    00000010                     : ClockPSysTick_nortos.oem4 (.text:ClockP_getCpuFreq)
                  2000e550    00000010                     : ClockPSysTick_nortos.oem4 (.text:ClockP_getSystemTicks)
                  2000e560    00000010                     : ClockPSysTick_nortos.oem4 (.text:ClockP_setTicks)
                  2000e570    00000010                     : HwiPCC32XX_nortos.oem4 (.text:HwiP_restore)
                  2000e580    00000010     drivers_cc32xx.a : PowerCC32XX.oem4 (.text:Power_enablePolicy)
                  2000e590    00000010     nortos_cc32xx.a : SemaphoreP_nortos.oem4 (.text:SemaphoreP_Params_init)
                  2000e5a0    00000010     gpiointerrupt.obj (.text:gpioButtonFxn1)
                  2000e5b0    0000000e     nortos_cc32xx.a : HwiPCC32XX_nortos.oem4 (.text:HwiP_disable)
                  2000e5be    0000000e                     : HwiPCC32XX_nortos.oem4 (.text:HwiP_enable)
                  2000e5cc    0000000e     rtsv7M4_T_le_eabi.lib : copy_decompress_none.c.obj (.text:decompress:none:__TI_decompress_none)
                  2000e5da    00000002     nortos_cc32xx.a : startup_cc32xx_ccs.oem4 (.text:nmiISR)
                  2000e5dc    0000000c     drivers_cc32xx.a : PowerCC32XX.oem4 (.text:Power_getConstraintMask)
                  2000e5e8    0000000c     gpiointerrupt.obj (.text:gpioButtonFxn0)
                  2000e5f4    0000000a     nortos_cc32xx.a : ClockPSysTick_nortos.oem4 (.text:ClockP_isActive)
                  2000e5fe    0000000a     driverlib.a : interrupt.obj (.text:IntMasterDisable)
                  2000e608    00000008     rtsv7M4_T_le_eabi.lib : memory.c.obj (.text:malloc)
                  2000e610    00000006     driverlib.a : utils.obj (.text:UtilsDelay)
                  2000e616    00000004     nortos_cc32xx.a : HwiPCC32XX_nortos.oem4 (.text:HwiP_post)
                  2000e61a    00000004                     : SemaphoreP_nortos.oem4 (.text:SemaphoreP_delete)
                  2000e61e    00000004     rtsv7M4_T_le_eabi.lib : pre_init.c.obj (.text:_system_pre_init)
                  2000e622    00000004                           : exit.c.obj (.text:abort:abort)
                  2000e626    00000002                           : div0.asm.obj (.text)

.const     0    2000ec48    00000280     
                  2000ec48    00000100     driverlib.a : pin.obj (.const:g_ulPinToPadMap)
                  2000ed48    000000a8                 : prcm.obj (.const:PRCM_PeriphRegsList)
                  2000edf0    00000044     ti_drivers_config.obj (.const:PowerCC32XX_config)
                  2000ee34    00000028     drivers_cc32xx.a : GPIOCC32XX.oem4 (.const:portConfigs)
                  2000ee5c    00000021                      : GPIOCC32XX.oem4 (.const:.string:pinTable)
                  2000ee7d    00000003     --HOLE-- [fill = 0]
                  2000ee80    00000018     driverlib.a : interrupt.obj (.const:g_pulEnRegs)
                  2000ee98    00000018                 : interrupt.obj (.const:g_pulPendRegs)
                  2000eeb0    00000010     ti_drivers_config.obj (.const:GPIO_config)
                  2000eec0    00000008     ti_drivers_config.obj (.const)

.cinit     0    2000f140    000000f8     
                  2000f140    000000cf     (.cinit..data.load) [load image, compression = lzss]
                  2000f20f    00000001     --HOLE-- [fill = 0]
                  2000f210    0000000c     (__TI_handler_table)
                  2000f21c    00000004     --HOLE-- [fill = 0]
                  2000f220    00000008     (.cinit..bss.load) [load image, compression = zero_init]
                  2000f228    00000010     (__TI_cinit_table)

.init_array 
*          0    20004000    00000000     UNINITIALIZED

.ramVecs   0    20000000    0000030c     NOLOAD SECTION
                  20000000    0000030c     nortos_cc32xx.a : startup_cc32xx_ccs.oem4 (.ramVecs)

.stack     0    20003000    00001000     UNINITIALIZED
                  20003000    00000004     rtsv7M4_T_le_eabi.lib : boot_cortex_m.c.obj (.stack)
                  20003004    00000ffc     --HOLE--

.resetVecs 
*          0    20004000    00000040     
                  20004000    00000040     nortos_cc32xx.a : startup_cc32xx_ccs.oem4 (.resetVecs:retain)

.sysmem    0    20004040    00008000     UNINITIALIZED
                  20004040    00000010     rtsv7M4_T_le_eabi.lib : memory.c.obj (.sysmem)
                  20004050    00007ff0     --HOLE--

.data      0    2000e628    0000061e     UNINITIALIZED
                  2000e628    0000030c     nortos_cc32xx.a : HwiPCC32XX_nortos.oem4 (.data:HwiP_dispatchTable)
                  2000e934    0000016c     drivers_cc32xx.a : PowerCC32XX.oem4 (.data:PowerCC32XX_module)
                  2000eaa0    000000f8     ti_drivers_config.obj (.data:parkInfo)
                  2000eb98    00000084     ti_drivers_config.obj (.data:gpioPinConfigs)
                  2000ec1c    00000008     rtsv7M4_T_le_eabi.lib : _lock.c.obj (.data:$O1$$)
                  2000ec24    00000008                           : memory.c.obj (.data:$O1$$)
                  2000ec2c    00000008     nortos_cc32xx.a : SemaphoreP_nortos.oem4 (.data:SemaphoreP_defaultParams)
                  2000ec34    00000008                     : HwiPCC32XX_nortos.oem4 (.data)
                  2000ec3c    00000005                     : ClockPSysTick_nortos.oem4 (.data)
                  2000ec41    00000003                     : SemaphoreP_nortos.oem4 (.data)
                  2000ec44    00000002     drivers_cc32xx.a : GPIOCC32XX.oem4 (.data)

.bss       0    2000eec8    00000274     UNINITIALIZED
                  2000eec8    0000012c     (.common:PowerCC32XX_contextSave)
                  2000eff4    00000084     (.common:gpioCallbackFunctions)
                  2000f078    00000084     (.common:gpioUserArgs)
                  2000f0fc    00000014     drivers_cc32xx.a : GPIOCC32XX.oem4 (.bss:powerNotifyObj)
                  2000f110    00000010     (.common:ClockP_ctrl)
                  2000f120    0000000d     nortos_cc32xx.a : SwiP_nortos.oem4 (.bss)
                  2000f12d    00000003     --HOLE--
                  2000f130    00000004     gpiointerrupt.obj (.bss:$O1$$)
                  2000f134    00000004     drivers_cc32xx.a : GPIOCC32XX.oem4 (.bss)
                  2000f138    00000004     nortos_cc32xx.a : ClockPSysTick_nortos.oem4 (.bss)

.log_data 
*          0    90000000    00000000     COPY SECTION

__llvm_prf_cnts 
*          0    20004000    00000000     UNINITIALIZED

MODULE SUMMARY

       Module                       code   ro data   rw data
       ------                       ----   -------   -------
    .\
       gpiointerrupt.obj            628    0         4      
       main_nortos.obj              18     0         0      
    +--+----------------------------+------+---------+---------+
       Total:                       646    0         4      
                                                            
    .\syscfg\
       ti_drivers_config.obj        22     92        644    
    +--+----------------------------+------+---------+---------+
       Total:                       22     92        644    
                                                            
    C:/ti/simplelink_cc32xx_sdk_5_30_00_08/kernel/nortos/lib/ccs/m4/nortos_cc32xx.a
       HwiPCC32XX_nortos.oem4       304    0         788    
       startup_cc32xx_ccs.oem4      90     64        780    
       ClockPSysTick_nortos.oem4    786    0         25     
       PowerCC32XX_nortos.oem4      472    0         0      
       SemaphoreP_nortos.oem4       380    0         11     
       SwiP_nortos.oem4             96     0         13     
    +--+----------------------------+------+---------+---------+
       Total:                       2128   64        1617   
                                                            
    C:/ti/simplelink_cc32xx_sdk_5_30_00_08/source/ti/devices/cc32xx/driverlib/ccs/Release/driverlib.a
       prcm.obj                     1604   168       0      
       pin.obj                      280    256       0      
       interrupt.obj                334    48        0      
       flash.obj                    72     0         0      
       cpu.obj                      20     0         0      
       utils.obj                    6      0         0      
    +--+----------------------------+------+---------+---------+
       Total:                       2316   472       0      
                                                            
    C:/ti/simplelink_cc32xx_sdk_5_30_00_08/source/ti/drivers/lib/ccs/m4/drivers_cc32xx.a
       PowerCC32XX.oem4             2048   0         664    
       GPIOCC32XX.oem4              1068   73        26     
       PowerCC32XX_asm.oem4         150    0         0      
       List.oem4                    38     0         0      
       GPIO.oem4                    24     0         0      
    +--+----------------------------+------+---------+---------+
       Total:                       3328   73        690    
                                                            
    C:\ti\ccs1040\ccs\tools\compiler\ti-cgt-arm_20.2.5.LTS\lib\rtsv7M4_T_le_eabi.lib
       memory.c.obj                 672    0         8      
       memcpy_t2.asm.obj            156    0         0      
       ull_div_t2.asm.obj           150    0         0      
       copy_decompress_lzss.c.obj   104    0         0      
       autoinit.c.obj               68     0         0      
       boot_cortex_m.c.obj          36     0         0      
       copy_zero_init.c.obj         28     0         0      
       ll_mul_t2.asm.obj            24     0         0      
       copy_decompress_none.c.obj   14     0         0      
       _lock.c.obj                  2      0         8      
       exit.c.obj                   4      0         0      
       pre_init.c.obj               4      0         0      
       div0.asm.obj                 2      0         0      
    +--+----------------------------+------+---------+---------+
       Total:                       1264   0         16     
                                                            
       Heap:                        0      0         32768  
       Stack:                       0      0         4096   
       Linker Generated:            0      243       0      
    +--+----------------------------+------+---------+---------+
       Grand Total:                 9704   944       39835  


LINKER GENERATED COPY TABLES

__TI_cinit_table @ 2000f228 records: 2, size/record: 8, table size: 16
	.data: load addr=2000f140, load size=000000cf bytes, run addr=2000e628, run size=0000061e bytes, compression=lzss
	.bss: load addr=2000f220, load size=00000008 bytes, run addr=2000eec8, run size=00000274 bytes, compression=zero_init


LINKER GENERATED HANDLER TABLE

__TI_handler_table @ 2000f210 records: 3, size/record: 4, table size: 12
	index: 0, handler: __TI_decompress_lzss
	index: 1, handler: __TI_decompress_none
	index: 2, handler: __TI_zero_init


GLOBAL SYMBOLS: SORTED ALPHABETICALLY BY Name 

address   name                          
-------   ----                          
2000e493  Board_init                    
2000d197  Board_initHook                
2000e623  C$$EXIT                       
2000eec2  CONFIG_GPIO_BUTTON_0_CONST    
2000eec3  CONFIG_GPIO_BUTTON_1_CONST    
2000eec4  CONFIG_GPIO_LED_0_CONST       
2000eec5  CONFIG_GPIO_LED_1_CONST       
2000eec6  CONFIG_TIMER_0_CONST          
2000e4a7  CPUcpsid                      
2000e531  ClockP_add                    
2000f110  ClockP_ctrl                   
2000dfbd  ClockP_destruct               
2000dafd  ClockP_doTick                 
2000e541  ClockP_getCpuFreq             
2000e551  ClockP_getSystemTicks         
2000e115  ClockP_getTicksUntilInterrupt 
2000e5f5  ClockP_isActive               
2000e561  ClockP_setTicks               
2000e1b1  ClockP_start                  
2000e149  ClockP_startup                
2000dde5  ClockP_stop                   
2000dafd  ClockP_sysTickHandler         
2000ec3c  ClockP_tickPeriod             
2000dc35  ClockP_usleep                 
2000dc7d  FlashDisable                  
2000eeb0  GPIO_config                   
2000dcc5  GPIO_disableInt               
2000dd0d  GPIO_enableInt                
2000d8d5  GPIO_hwiIntFxn                
2000d199  GPIO_init                     
2000eec0  GPIO_pinLowerBound            
2000eec1  GPIO_pinUpperBound            
2000e3f1  GPIO_setCallback              
2000c7fd  GPIO_setConfig                
2000d7a9  GPIO_setInterruptConfig       
2000d55d  GPIO_write                    
2000e50d  HwiP_Params_init              
2000d2b9  HwiP_construct                
2000e211  HwiP_create                   
2000e5b1  HwiP_disable                  
2000e2dd  HwiP_dispatch                 
2000e5bf  HwiP_enable                   
2000e4bd  HwiP_inISR                    
2000ec34  HwiP_key                      
2000e617  HwiP_post                     
2000e571  HwiP_restore                  
2000ec38  HwiP_swiPIntNum               
UNDEFED   ITM_flush                     
UNDEFED   ITM_restore                   
2000ce75  IntEnable                     
2000e5ff  IntMasterDisable              
2000d345  IntPendSet                    
2000e4d1  IntVTableBaseSet              
2000e2b5  List_put                      
2000f131  MC_OK_State                   
2000c46d  MC_SOS_SM                     
2000f130  MC_SOS_State                  
2000e5bf  NoRTOS_start                  
2000c041  PRCMCC3200MCUInit             
2000e451  PRCMHIBRegRead                
2000e467  PRCMHIBRegWrite               
2000dd55  PRCMLPDSEnter                 
2000e035  PRCMLPDSEnterKeepDebugIf      
2000de29  PRCMLPDSRestoreInfoSet        
2000e23d  PRCMPeripheralClkDisable      
2000dd9d  PRCMPeripheralClkEnable       
2000da51  PRCMPeripheralReset           
2000d935  PRCMSysResetCauseGet          
2000d3cd  PinConfigSet                  
2000e17d  PinModeGet                    
2000df7d  PinModeSet                    
2000e349  PinToPadGet                   
2000edf0  PowerCC32XX_config            
2000cf1d  PowerCC32XX_configureWakeup   
2000eec8  PowerCC32XX_contextSave       
2000de6d  PowerCC32XX_enterLPDS         
2000dafb  PowerCC32XX_initPolicy        
2000e934  PowerCC32XX_module            
2000db9d  PowerCC32XX_parkPin           
2000e1e1  PowerCC32XX_restoreParkedPin  
2000daa9  PowerCC32XX_resumeLPDS        
2000d80d  PowerCC32XX_setParkState      
2000c661  PowerCC32XX_sleepPolicy       
2000e4e5  Power_disablePolicy           
2000e581  Power_enablePolicy            
2000e5dd  Power_getConstraintMask       
2000e4f9  Power_getDependencyCount      
2000e409  Power_getTransitionLatency    
2000e421  Power_idleFunc                
2000d455  Power_init                    
2000e265  Power_registerNotify          
2000d5dd  Power_setDependency           
2000ca99  Power_sleep                   
2000e591  SemaphoreP_Params_init        
2000db4d  SemaphoreP_construct          
2000e47d  SemaphoreP_create             
2000e3b9  SemaphoreP_createBinary       
2000ec2c  SemaphoreP_defaultParams      
2000e61b  SemaphoreP_delete             
2000e033  SemaphoreP_destruct           
2000cfc5  SemaphoreP_pend               
2000deb1  SemaphoreP_post               
2000e365  SwiP_disable                  
2000def5  SwiP_restore                  
2000eec7  Timer_count                   
2000e611  UtilsDelay                    
20004000  __STACK_END                   
00001000  __STACK_SIZE                  
00008000  __SYSMEM_SIZE                 
2000f228  __TI_CINIT_Base               
2000f238  __TI_CINIT_Limit              
2000f210  __TI_Handler_Table_Base       
2000f21c  __TI_Handler_Table_Limit      
2000df39  __TI_auto_init_nobinit_nopinit
2000d741  __TI_decompress_lzss          
2000e5cd  __TI_decompress_none          
ffffffff  __TI_pprof_out_hndl           
ffffffff  __TI_prof_data_size           
ffffffff  __TI_prof_data_start          
2000f140  __TI_static_base__            
2000e381  __TI_zero_init_nomemset       
2000e627  __aeabi_idiv0                 
2000e627  __aeabi_ldiv0                 
2000e439  __aeabi_lmul                  
2000d065  __aeabi_memcpy                
2000d065  __aeabi_memcpy4               
2000d065  __aeabi_memcpy8               
2000d101  __aeabi_uldivmod              
ffffffff  __binit__                     
ffffffff  __c_args__                    
UNDEFED   __mpu_init                    
20003000  __stack                       
20004000  __start___llvm_prf_cnts       
20004000  __stop___llvm_prf_cnts        
2000e301  _c_int00_noargs               
2000ec1c  _lock                         
2000e23b  _nop                          
20004040  _sys_memory                   
UNDEFED   _system_post_cinit            
2000e61f  _system_pre_init              
2000ec20  _unlock                       
2000e623  abort                         
2000cbd1  aligned_alloc                 
ffffffff  binit                         
2000e3d3  clkFxn                        
2000ccd1  free                          
2000e5e9  gpioButtonFxn0                
2000e5a1  gpioButtonFxn1                
2000eff4  gpioCallbackFunctions         
2000eb98  gpioPinConfigs                
2000f078  gpioUserArgs                  
2000e0a5  initVectors                   
2000e51f  main                          
2000d871  mainThread                    
2000e609  malloc                        
2000cbd1  memalign                      
2000d065  memcpy                        
2000eaa0  parkInfo                      
2000e3d5  resetISR                      
2000e3e8  resetVectorAddr               
20004000  resetVectors                  
2000dc35  usleep                        


GLOBAL SYMBOLS: SORTED BY Symbol Address 

address   name                          
-------   ----                          
00001000  __STACK_SIZE                  
00008000  __SYSMEM_SIZE                 
20003000  __stack                       
20004000  __STACK_END                   
20004000  __start___llvm_prf_cnts       
20004000  __stop___llvm_prf_cnts        
20004000  resetVectors                  
20004040  _sys_memory                   
2000c041  PRCMCC3200MCUInit             
2000c46d  MC_SOS_SM                     
2000c661  PowerCC32XX_sleepPolicy       
2000c7fd  GPIO_setConfig                
2000ca99  Power_sleep                   
2000cbd1  aligned_alloc                 
2000cbd1  memalign                      
2000ccd1  free                          
2000ce75  IntEnable                     
2000cf1d  PowerCC32XX_configureWakeup   
2000cfc5  SemaphoreP_pend               
2000d065  __aeabi_memcpy                
2000d065  __aeabi_memcpy4               
2000d065  __aeabi_memcpy8               
2000d065  memcpy                        
2000d101  __aeabi_uldivmod              
2000d197  Board_initHook                
2000d199  GPIO_init                     
2000d2b9  HwiP_construct                
2000d345  IntPendSet                    
2000d3cd  PinConfigSet                  
2000d455  Power_init                    
2000d55d  GPIO_write                    
2000d5dd  Power_setDependency           
2000d741  __TI_decompress_lzss          
2000d7a9  GPIO_setInterruptConfig       
2000d80d  PowerCC32XX_setParkState      
2000d871  mainThread                    
2000d8d5  GPIO_hwiIntFxn                
2000d935  PRCMSysResetCauseGet          
2000da51  PRCMPeripheralReset           
2000daa9  PowerCC32XX_resumeLPDS        
2000dafb  PowerCC32XX_initPolicy        
2000dafd  ClockP_doTick                 
2000dafd  ClockP_sysTickHandler         
2000db4d  SemaphoreP_construct          
2000db9d  PowerCC32XX_parkPin           
2000dc35  ClockP_usleep                 
2000dc35  usleep                        
2000dc7d  FlashDisable                  
2000dcc5  GPIO_disableInt               
2000dd0d  GPIO_enableInt                
2000dd55  PRCMLPDSEnter                 
2000dd9d  PRCMPeripheralClkEnable       
2000dde5  ClockP_stop                   
2000de29  PRCMLPDSRestoreInfoSet        
2000de6d  PowerCC32XX_enterLPDS         
2000deb1  SemaphoreP_post               
2000def5  SwiP_restore                  
2000df39  __TI_auto_init_nobinit_nopinit
2000df7d  PinModeSet                    
2000dfbd  ClockP_destruct               
2000e033  SemaphoreP_destruct           
2000e035  PRCMLPDSEnterKeepDebugIf      
2000e0a5  initVectors                   
2000e115  ClockP_getTicksUntilInterrupt 
2000e149  ClockP_startup                
2000e17d  PinModeGet                    
2000e1b1  ClockP_start                  
2000e1e1  PowerCC32XX_restoreParkedPin  
2000e211  HwiP_create                   
2000e23b  _nop                          
2000e23d  PRCMPeripheralClkDisable      
2000e265  Power_registerNotify          
2000e2b5  List_put                      
2000e2dd  HwiP_dispatch                 
2000e301  _c_int00_noargs               
2000e349  PinToPadGet                   
2000e365  SwiP_disable                  
2000e381  __TI_zero_init_nomemset       
2000e3b9  SemaphoreP_createBinary       
2000e3d3  clkFxn                        
2000e3d5  resetISR                      
2000e3e8  resetVectorAddr               
2000e3f1  GPIO_setCallback              
2000e409  Power_getTransitionLatency    
2000e421  Power_idleFunc                
2000e439  __aeabi_lmul                  
2000e451  PRCMHIBRegRead                
2000e467  PRCMHIBRegWrite               
2000e47d  SemaphoreP_create             
2000e493  Board_init                    
2000e4a7  CPUcpsid                      
2000e4bd  HwiP_inISR                    
2000e4d1  IntVTableBaseSet              
2000e4e5  Power_disablePolicy           
2000e4f9  Power_getDependencyCount      
2000e50d  HwiP_Params_init              
2000e51f  main                          
2000e531  ClockP_add                    
2000e541  ClockP_getCpuFreq             
2000e551  ClockP_getSystemTicks         
2000e561  ClockP_setTicks               
2000e571  HwiP_restore                  
2000e581  Power_enablePolicy            
2000e591  SemaphoreP_Params_init        
2000e5a1  gpioButtonFxn1                
2000e5b1  HwiP_disable                  
2000e5bf  HwiP_enable                   
2000e5bf  NoRTOS_start                  
2000e5cd  __TI_decompress_none          
2000e5dd  Power_getConstraintMask       
2000e5e9  gpioButtonFxn0                
2000e5f5  ClockP_isActive               
2000e5ff  IntMasterDisable              
2000e609  malloc                        
2000e611  UtilsDelay                    
2000e617  HwiP_post                     
2000e61b  SemaphoreP_delete             
2000e61f  _system_pre_init              
2000e623  C$$EXIT                       
2000e623  abort                         
2000e627  __aeabi_idiv0                 
2000e627  __aeabi_ldiv0                 
2000e934  PowerCC32XX_module            
2000eaa0  parkInfo                      
2000eb98  gpioPinConfigs                
2000ec1c  _lock                         
2000ec20  _unlock                       
2000ec2c  SemaphoreP_defaultParams      
2000ec34  HwiP_key                      
2000ec38  HwiP_swiPIntNum               
2000ec3c  ClockP_tickPeriod             
2000edf0  PowerCC32XX_config            
2000eeb0  GPIO_config                   
2000eec0  GPIO_pinLowerBound            
2000eec1  GPIO_pinUpperBound            
2000eec2  CONFIG_GPIO_BUTTON_0_CONST    
2000eec3  CONFIG_GPIO_BUTTON_1_CONST    
2000eec4  CONFIG_GPIO_LED_0_CONST       
2000eec5  CONFIG_GPIO_LED_1_CONST       
2000eec6  CONFIG_TIMER_0_CONST          
2000eec7  Timer_count                   
2000eec8  PowerCC32XX_contextSave       
2000eff4  gpioCallbackFunctions         
2000f078  gpioUserArgs                  
2000f110  ClockP_ctrl                   
2000f130  MC_SOS_State                  
2000f131  MC_OK_State                   
2000f140  __TI_static_base__            
2000f210  __TI_Handler_Table_Base       
2000f21c  __TI_Handler_Table_Limit      
2000f228  __TI_CINIT_Base               
2000f238  __TI_CINIT_Limit              
ffffffff  __TI_pprof_out_hndl           
ffffffff  __TI_prof_data_size           
ffffffff  __TI_prof_data_start          
ffffffff  __binit__                     
ffffffff  __c_args__                    
ffffffff  binit                         
UNDEFED   ITM_flush                     
UNDEFED   ITM_restore                   
UNDEFED   __mpu_init                    
UNDEFED   _system_post_cinit            

[162 symbols]
