<?xml version="1.0" encoding="ISO-8859-1" ?>
<link_info>
   <banner>TI ARM Linker PC v20.2.5.LTS</banner>
   <copyright>Copyright (c) 1996-2018 Texas Instruments Incorporated</copyright>
   <link_time>0x61a596e6</link_time>
   <link_errors>0x0</link_errors>
   <output_file>gpiointerrupt_CC3220S_LAUNCHXL_nortos_ccs.out</output_file>
   <entry_point>
      <name>resetISR</name>
      <address>0x2000e3d5</address>
   </entry_point>
   <input_file_list>
      <input_file id="fl-2">
         <path>.\</path>
         <kind>object</kind>
         <file>gpiointerrupt.obj</file>
         <name>gpiointerrupt.obj</name>
      </input_file>
      <input_file id="fl-3">
         <path>.\syscfg\</path>
         <kind>object</kind>
         <file>ti_drivers_config.obj</file>
         <name>ti_drivers_config.obj</name>
      </input_file>
      <input_file id="fl-4">
         <path>.\</path>
         <kind>object</kind>
         <file>main_nortos.obj</file>
         <name>main_nortos.obj</name>
      </input_file>
      <input_file id="fl-d">
         <kind>object</kind>
         <file>&lt;internal&gt;</file>
         <name>&lt;internal&gt;</name>
      </input_file>
      <input_file id="fl-e">
         <path>C:\ti\simplelink_cc32xx_sdk_5_30_00_08\source\ti\drivers\lib\ccs\m4\</path>
         <kind>archive</kind>
         <file>drivers_cc32xx.a</file>
         <name>GPIO.oem4</name>
      </input_file>
      <input_file id="fl-f">
         <path>C:\ti\simplelink_cc32xx_sdk_5_30_00_08\source\ti\drivers\lib\ccs\m4\</path>
         <kind>archive</kind>
         <file>drivers_cc32xx.a</file>
         <name>Timer.oem4</name>
      </input_file>
      <input_file id="fl-10">
         <path>C:\ti\simplelink_cc32xx_sdk_5_30_00_08\source\ti\drivers\lib\ccs\m4\</path>
         <kind>archive</kind>
         <file>drivers_cc32xx.a</file>
         <name>GPIOCC32XX.oem4</name>
      </input_file>
      <input_file id="fl-11">
         <path>C:\ti\simplelink_cc32xx_sdk_5_30_00_08\source\ti\drivers\lib\ccs\m4\</path>
         <kind>archive</kind>
         <file>drivers_cc32xx.a</file>
         <name>PowerCC32XX.oem4</name>
      </input_file>
      <input_file id="fl-12">
         <path>C:\ti\simplelink_cc32xx_sdk_5_30_00_08\source\ti\drivers\lib\ccs\m4\</path>
         <kind>archive</kind>
         <file>drivers_cc32xx.a</file>
         <name>PowerCC32XX_asm.oem4</name>
      </input_file>
      <input_file id="fl-13">
         <path>C:\ti\simplelink_cc32xx_sdk_5_30_00_08\source\ti\drivers\lib\ccs\m4\</path>
         <kind>archive</kind>
         <file>drivers_cc32xx.a</file>
         <name>TimerCC32XX.oem4</name>
      </input_file>
      <input_file id="fl-14">
         <path>C:\ti\simplelink_cc32xx_sdk_5_30_00_08\source\ti\drivers\lib\ccs\m4\</path>
         <kind>archive</kind>
         <file>drivers_cc32xx.a</file>
         <name>List.oem4</name>
      </input_file>
      <input_file id="fl-15">
         <path>C:\ti\simplelink_cc32xx_sdk_5_30_00_08\kernel\nortos\lib\ccs\m4\</path>
         <kind>archive</kind>
         <file>nortos_cc32xx.a</file>
         <name>posix_sleep.oem4</name>
      </input_file>
      <input_file id="fl-16">
         <path>C:\ti\simplelink_cc32xx_sdk_5_30_00_08\kernel\nortos\lib\ccs\m4\</path>
         <kind>archive</kind>
         <file>nortos_cc32xx.a</file>
         <name>NoRTOS.oem4</name>
      </input_file>
      <input_file id="fl-17">
         <path>C:\ti\simplelink_cc32xx_sdk_5_30_00_08\kernel\nortos\lib\ccs\m4\</path>
         <kind>archive</kind>
         <file>nortos_cc32xx.a</file>
         <name>SemaphoreP_nortos.oem4</name>
      </input_file>
      <input_file id="fl-18">
         <path>C:\ti\simplelink_cc32xx_sdk_5_30_00_08\kernel\nortos\lib\ccs\m4\</path>
         <kind>archive</kind>
         <file>nortos_cc32xx.a</file>
         <name>ClockPSysTick_nortos.oem4</name>
      </input_file>
      <input_file id="fl-19">
         <path>C:\ti\simplelink_cc32xx_sdk_5_30_00_08\kernel\nortos\lib\ccs\m4\</path>
         <kind>archive</kind>
         <file>nortos_cc32xx.a</file>
         <name>HwiPCC32XX_nortos.oem4</name>
      </input_file>
      <input_file id="fl-1a">
         <path>C:\ti\simplelink_cc32xx_sdk_5_30_00_08\kernel\nortos\lib\ccs\m4\</path>
         <kind>archive</kind>
         <file>nortos_cc32xx.a</file>
         <name>PowerCC32XX_nortos.oem4</name>
      </input_file>
      <input_file id="fl-1b">
         <path>C:\ti\simplelink_cc32xx_sdk_5_30_00_08\kernel\nortos\lib\ccs\m4\</path>
         <kind>archive</kind>
         <file>nortos_cc32xx.a</file>
         <name>startup_cc32xx_ccs.oem4</name>
      </input_file>
      <input_file id="fl-1c">
         <path>C:\ti\simplelink_cc32xx_sdk_5_30_00_08\kernel\nortos\lib\ccs\m4\</path>
         <kind>archive</kind>
         <file>nortos_cc32xx.a</file>
         <name>SwiP_nortos.oem4</name>
      </input_file>
      <input_file id="fl-1d">
         <path>C:\ti\simplelink_cc32xx_sdk_5_30_00_08\kernel\nortos\lib\ccs\m4\</path>
         <kind>archive</kind>
         <file>nortos_cc32xx.a</file>
         <name>QueueP_nortos.oem4</name>
      </input_file>
      <input_file id="fl-1e">
         <path>C:\ti\simplelink_cc32xx_sdk_5_30_00_08\source\ti\devices\cc32xx\driverlib\ccs\Release\</path>
         <kind>archive</kind>
         <file>driverlib.a</file>
         <name>cpu.obj</name>
      </input_file>
      <input_file id="fl-1f">
         <path>C:\ti\simplelink_cc32xx_sdk_5_30_00_08\source\ti\devices\cc32xx\driverlib\ccs\Release\</path>
         <kind>archive</kind>
         <file>driverlib.a</file>
         <name>interrupt.obj</name>
      </input_file>
      <input_file id="fl-20">
         <path>C:\ti\simplelink_cc32xx_sdk_5_30_00_08\source\ti\devices\cc32xx\driverlib\ccs\Release\</path>
         <kind>archive</kind>
         <file>driverlib.a</file>
         <name>pin.obj</name>
      </input_file>
      <input_file id="fl-21">
         <path>C:\ti\simplelink_cc32xx_sdk_5_30_00_08\source\ti\devices\cc32xx\driverlib\ccs\Release\</path>
         <kind>archive</kind>
         <file>driverlib.a</file>
         <name>prcm.obj</name>
      </input_file>
      <input_file id="fl-22">
         <path>C:\ti\simplelink_cc32xx_sdk_5_30_00_08\source\ti\devices\cc32xx\driverlib\ccs\Release\</path>
         <kind>archive</kind>
         <file>driverlib.a</file>
         <name>timer.obj</name>
      </input_file>
      <input_file id="fl-23">
         <path>C:\ti\simplelink_cc32xx_sdk_5_30_00_08\source\ti\devices\cc32xx\driverlib\ccs\Release\</path>
         <kind>archive</kind>
         <file>driverlib.a</file>
         <name>utils.obj</name>
      </input_file>
      <input_file id="fl-24">
         <path>C:\ti\simplelink_cc32xx_sdk_5_30_00_08\source\ti\devices\cc32xx\driverlib\ccs\Release\</path>
         <kind>archive</kind>
         <file>driverlib.a</file>
         <name>flash.obj</name>
      </input_file>
      <input_file id="fl-da">
         <path>C:\ti\ccs1040\ccs\tools\compiler\ti-cgt-arm_20.2.5.LTS\lib\</path>
         <kind>archive</kind>
         <file>rtsv7M4_T_le_eabi.lib</file>
         <name>ll_mul_t2.asm.obj</name>
      </input_file>
      <input_file id="fl-db">
         <path>C:\ti\ccs1040\ccs\tools\compiler\ti-cgt-arm_20.2.5.LTS\lib\</path>
         <kind>archive</kind>
         <file>rtsv7M4_T_le_eabi.lib</file>
         <name>memcpy_t2.asm.obj</name>
      </input_file>
      <input_file id="fl-dc">
         <path>C:\ti\ccs1040\ccs\tools\compiler\ti-cgt-arm_20.2.5.LTS\lib\</path>
         <kind>archive</kind>
         <file>rtsv7M4_T_le_eabi.lib</file>
         <name>ull_div_t2.asm.obj</name>
      </input_file>
      <input_file id="fl-dd">
         <path>C:\ti\ccs1040\ccs\tools\compiler\ti-cgt-arm_20.2.5.LTS\lib\</path>
         <kind>archive</kind>
         <file>rtsv7M4_T_le_eabi.lib</file>
         <name>copy_zero_init.c.obj</name>
      </input_file>
      <input_file id="fl-de">
         <path>C:\ti\ccs1040\ccs\tools\compiler\ti-cgt-arm_20.2.5.LTS\lib\</path>
         <kind>archive</kind>
         <file>rtsv7M4_T_le_eabi.lib</file>
         <name>copy_decompress_none.c.obj</name>
      </input_file>
      <input_file id="fl-df">
         <path>C:\ti\ccs1040\ccs\tools\compiler\ti-cgt-arm_20.2.5.LTS\lib\</path>
         <kind>archive</kind>
         <file>rtsv7M4_T_le_eabi.lib</file>
         <name>copy_decompress_lzss.c.obj</name>
      </input_file>
      <input_file id="fl-e0">
         <path>C:\ti\ccs1040\ccs\tools\compiler\ti-cgt-arm_20.2.5.LTS\lib\</path>
         <kind>archive</kind>
         <file>rtsv7M4_T_le_eabi.lib</file>
         <name>memory.c.obj</name>
      </input_file>
      <input_file id="fl-e1">
         <path>C:\ti\ccs1040\ccs\tools\compiler\ti-cgt-arm_20.2.5.LTS\lib\</path>
         <kind>archive</kind>
         <file>rtsv7M4_T_le_eabi.lib</file>
         <name>boot_cortex_m.c.obj</name>
      </input_file>
      <input_file id="fl-e2">
         <path>C:\ti\ccs1040\ccs\tools\compiler\ti-cgt-arm_20.2.5.LTS\lib\</path>
         <kind>archive</kind>
         <file>rtsv7M4_T_le_eabi.lib</file>
         <name>div0.asm.obj</name>
      </input_file>
      <input_file id="fl-e3">
         <path>C:\ti\ccs1040\ccs\tools\compiler\ti-cgt-arm_20.2.5.LTS\lib\</path>
         <kind>archive</kind>
         <file>rtsv7M4_T_le_eabi.lib</file>
         <name>memset_t2.asm.obj</name>
      </input_file>
      <input_file id="fl-e4">
         <path>C:\ti\ccs1040\ccs\tools\compiler\ti-cgt-arm_20.2.5.LTS\lib\</path>
         <kind>archive</kind>
         <file>rtsv7M4_T_le_eabi.lib</file>
         <name>autoinit.c.obj</name>
      </input_file>
      <input_file id="fl-e5">
         <path>C:\ti\ccs1040\ccs\tools\compiler\ti-cgt-arm_20.2.5.LTS\lib\</path>
         <kind>archive</kind>
         <file>rtsv7M4_T_le_eabi.lib</file>
         <name>pre_init.c.obj</name>
      </input_file>
      <input_file id="fl-e6">
         <path>C:\ti\ccs1040\ccs\tools\compiler\ti-cgt-arm_20.2.5.LTS\lib\</path>
         <kind>archive</kind>
         <file>rtsv7M4_T_le_eabi.lib</file>
         <name>cpy_tbl.c.obj</name>
      </input_file>
      <input_file id="fl-e7">
         <path>C:\ti\ccs1040\ccs\tools\compiler\ti-cgt-arm_20.2.5.LTS\lib\</path>
         <kind>archive</kind>
         <file>rtsv7M4_T_le_eabi.lib</file>
         <name>exit.c.obj</name>
      </input_file>
      <input_file id="fl-e8">
         <path>C:\ti\ccs1040\ccs\tools\compiler\ti-cgt-arm_20.2.5.LTS\lib\</path>
         <kind>archive</kind>
         <file>rtsv7M4_T_le_eabi.lib</file>
         <name>_lock.c.obj</name>
      </input_file>
      <input_file id="fl-e9">
         <path>C:\ti\ccs1040\ccs\tools\compiler\ti-cgt-arm_20.2.5.LTS\lib\</path>
         <kind>archive</kind>
         <file>rtsv7M4_T_le_eabi.lib</file>
         <name>args_main.c.obj</name>
      </input_file>
   </input_file_list>
   <object_component_list>
      <object_component id="oc-1ca">
         <name>.text:PRCMCC3200MCUInit</name>
         <load_address>0x2000c040</load_address>
         <run_address>0x2000c040</run_address>
         <size>0x42c</size>
         <input_file_ref idref="fl-21"/>
      </object_component>
      <object_component id="oc-1f6">
         <name>.text:MC_SOS_SM</name>
         <load_address>0x2000c46c</load_address>
         <run_address>0x2000c46c</run_address>
         <size>0x1f4</size>
         <input_file_ref idref="fl-2"/>
      </object_component>
      <object_component id="oc-33a">
         <name>.text:PowerCC32XX_sleepPolicy</name>
         <load_address>0x2000c660</load_address>
         <run_address>0x2000c660</run_address>
         <size>0x19c</size>
         <input_file_ref idref="fl-1a"/>
      </object_component>
      <object_component id="oc-1e4">
         <name>.text:GPIO_setConfig</name>
         <load_address>0x2000c7fc</load_address>
         <run_address>0x2000c7fc</run_address>
         <size>0x154</size>
         <input_file_ref idref="fl-10"/>
      </object_component>
      <object_component id="oc-4e3">
         <name>.text:parkPins</name>
         <load_address>0x2000c950</load_address>
         <run_address>0x2000c950</run_address>
         <size>0x148</size>
         <input_file_ref idref="fl-11"/>
      </object_component>
      <object_component id="oc-43b">
         <name>.text:Power_sleep</name>
         <load_address>0x2000ca98</load_address>
         <run_address>0x2000ca98</run_address>
         <size>0x138</size>
         <input_file_ref idref="fl-11"/>
      </object_component>
      <object_component id="oc-49c">
         <name>.text:aligned_alloc</name>
         <load_address>0x2000cbd0</load_address>
         <run_address>0x2000cbd0</run_address>
         <size>0x100</size>
         <input_file_ref idref="fl-e0"/>
      </object_component>
      <object_component id="oc-358">
         <name>.text:free</name>
         <load_address>0x2000ccd0</load_address>
         <run_address>0x2000ccd0</run_address>
         <size>0xe4</size>
         <input_file_ref idref="fl-e0"/>
      </object_component>
      <object_component id="oc-500">
         <name>.text:restoreParkedPins</name>
         <load_address>0x2000cdb4</load_address>
         <run_address>0x2000cdb4</run_address>
         <size>0xc0</size>
         <input_file_ref idref="fl-11"/>
      </object_component>
      <object_component id="oc-b5">
         <name>.text:IntEnable</name>
         <load_address>0x2000ce74</load_address>
         <run_address>0x2000ce74</run_address>
         <size>0xa8</size>
         <input_file_ref idref="fl-1f"/>
      </object_component>
      <object_component id="oc-26a">
         <name>.text:PowerCC32XX_configureWakeup</name>
         <load_address>0x2000cf1c</load_address>
         <run_address>0x2000cf1c</run_address>
         <size>0xa8</size>
         <input_file_ref idref="fl-11"/>
      </object_component>
      <object_component id="oc-28f">
         <name>.text:SemaphoreP_pend</name>
         <load_address>0x2000cfc4</load_address>
         <run_address>0x2000cfc4</run_address>
         <size>0xa0</size>
         <input_file_ref idref="fl-17"/>
      </object_component>
      <object_component id="oc-3b">
         <name>.text</name>
         <load_address>0x2000d064</load_address>
         <run_address>0x2000d064</run_address>
         <size>0x9c</size>
         <input_file_ref idref="fl-db"/>
      </object_component>
      <object_component id="oc-436">
         <name>.text</name>
         <load_address>0x2000d100</load_address>
         <run_address>0x2000d100</run_address>
         <size>0x96</size>
         <input_file_ref idref="fl-dc"/>
      </object_component>
      <object_component id="oc-1dc">
         <name>.text:Board_initHook</name>
         <load_address>0x2000d196</load_address>
         <run_address>0x2000d196</run_address>
         <size>0x2</size>
         <input_file_ref idref="fl-3"/>
      </object_component>
      <object_component id="oc-1d6">
         <name>.text:GPIO_init</name>
         <load_address>0x2000d198</load_address>
         <run_address>0x2000d198</run_address>
         <size>0x90</size>
         <input_file_ref idref="fl-10"/>
      </object_component>
      <object_component id="oc-4f4">
         <name>.text:restoreNVICRegs</name>
         <load_address>0x2000d228</load_address>
         <run_address>0x2000d228</run_address>
         <size>0x90</size>
         <input_file_ref idref="fl-11"/>
      </object_component>
      <object_component id="oc-3b8">
         <name>.text:HwiP_construct</name>
         <load_address>0x2000d2b8</load_address>
         <run_address>0x2000d2b8</run_address>
         <size>0x8c</size>
         <input_file_ref idref="fl-19"/>
      </object_component>
      <object_component id="oc-580">
         <name>.text:IntPendSet</name>
         <load_address>0x2000d344</load_address>
         <run_address>0x2000d344</run_address>
         <size>0x88</size>
         <input_file_ref idref="fl-1f"/>
      </object_component>
      <object_component id="oc-2b6">
         <name>.text:PinConfigSet</name>
         <load_address>0x2000d3cc</load_address>
         <run_address>0x2000d3cc</run_address>
         <size>0x88</size>
         <input_file_ref idref="fl-20"/>
      </object_component>
      <object_component id="oc-1d0">
         <name>.text:Power_init</name>
         <load_address>0x2000d454</load_address>
         <run_address>0x2000d454</run_address>
         <size>0x84</size>
         <input_file_ref idref="fl-11"/>
      </object_component>
      <object_component id="oc-4e9">
         <name>.text:saveNVICRegs</name>
         <load_address>0x2000d4d8</load_address>
         <run_address>0x2000d4d8</run_address>
         <size>0x84</size>
         <input_file_ref idref="fl-11"/>
      </object_component>
      <object_component id="oc-2e4">
         <name>.text:GPIO_write</name>
         <load_address>0x2000d55c</load_address>
         <run_address>0x2000d55c</run_address>
         <size>0x80</size>
         <input_file_ref idref="fl-10"/>
      </object_component>
      <object_component id="oc-2bc">
         <name>.text:Power_setDependency</name>
         <load_address>0x2000d5dc</load_address>
         <run_address>0x2000d5dc</run_address>
         <size>0x80</size>
         <input_file_ref idref="fl-11"/>
      </object_component>
      <object_component id="oc-2ae">
         <name>.text:powerNotifyFxn</name>
         <load_address>0x2000d65c</load_address>
         <run_address>0x2000d65c</run_address>
         <size>0x74</size>
         <input_file_ref idref="fl-10"/>
      </object_component>
      <object_component id="oc-52e">
         <name>.text:split</name>
         <load_address>0x2000d6d0</load_address>
         <run_address>0x2000d6d0</run_address>
         <size>0x70</size>
         <input_file_ref idref="fl-e0"/>
      </object_component>
      <object_component id="oc-14">
         <name>.text:decompress:lzss:__TI_decompress_lzss</name>
         <load_address>0x2000d740</load_address>
         <run_address>0x2000d740</run_address>
         <size>0x68</size>
         <input_file_ref idref="fl-df"/>
      </object_component>
      <object_component id="oc-2ce">
         <name>.text:GPIO_setInterruptConfig</name>
         <load_address>0x2000d7a8</load_address>
         <run_address>0x2000d7a8</run_address>
         <size>0x64</size>
         <input_file_ref idref="fl-10"/>
      </object_component>
      <object_component id="oc-3a8">
         <name>.text:PowerCC32XX_setParkState</name>
         <load_address>0x2000d80c</load_address>
         <run_address>0x2000d80c</run_address>
         <size>0x64</size>
         <input_file_ref idref="fl-11"/>
      </object_component>
      <object_component id="oc-165">
         <name>.text:mainThread</name>
         <load_address>0x2000d870</load_address>
         <run_address>0x2000d870</run_address>
         <size>0x64</size>
         <input_file_ref idref="fl-2"/>
      </object_component>
      <object_component id="oc-2d7">
         <name>.text:GPIO_hwiIntFxn</name>
         <load_address>0x2000d8d4</load_address>
         <run_address>0x2000d8d4</run_address>
         <size>0x60</size>
         <input_file_ref idref="fl-10"/>
      </object_component>
      <object_component id="oc-238">
         <name>.text:PRCMSysResetCauseGet</name>
         <load_address>0x2000d934</load_address>
         <run_address>0x2000d934</run_address>
         <size>0x60</size>
         <input_file_ref idref="fl-21"/>
      </object_component>
      <object_component id="oc-3d9">
         <name>.text:getTimeUsec</name>
         <load_address>0x2000d994</load_address>
         <run_address>0x2000d994</run_address>
         <size>0x60</size>
         <input_file_ref idref="fl-18"/>
      </object_component>
      <object_component id="oc-4b1">
         <name>.text:sysTickInit</name>
         <load_address>0x2000d9f4</load_address>
         <run_address>0x2000d9f4</run_address>
         <size>0x5c</size>
         <input_file_ref idref="fl-18"/>
      </object_component>
      <object_component id="oc-251">
         <name>.text:PRCMPeripheralReset</name>
         <load_address>0x2000da50</load_address>
         <run_address>0x2000da50</run_address>
         <size>0x58</size>
         <input_file_ref idref="fl-21"/>
      </object_component>
      <object_component id="oc-55d">
         <name>.text:PowerCC32XX_resumeLPDS</name>
         <load_address>0x2000daa8</load_address>
         <run_address>0x2000daa8</run_address>
         <size>0x52</size>
         <input_file_ref idref="fl-12"/>
      </object_component>
      <object_component id="oc-334">
         <name>.text:PowerCC32XX_initPolicy</name>
         <load_address>0x2000dafa</load_address>
         <run_address>0x2000dafa</run_address>
         <size>0x2</size>
         <input_file_ref idref="fl-1a"/>
      </object_component>
      <object_component id="oc-79">
         <name>.text:ClockP_sysTickHandler</name>
         <load_address>0x2000dafc</load_address>
         <run_address>0x2000dafc</run_address>
         <size>0x50</size>
         <input_file_ref idref="fl-18"/>
      </object_component>
      <object_component id="oc-460">
         <name>.text:SemaphoreP_construct</name>
         <load_address>0x2000db4c</load_address>
         <run_address>0x2000db4c</run_address>
         <size>0x50</size>
         <input_file_ref idref="fl-17"/>
      </object_component>
      <object_component id="oc-554">
         <name>.text:PowerCC32XX_parkPin</name>
         <load_address>0x2000db9c</load_address>
         <run_address>0x2000db9c</run_address>
         <size>0x4c</size>
         <input_file_ref idref="fl-11"/>
      </object_component>
      <object_component id="oc-4fa">
         <name>.text:restorePeriphClocks</name>
         <load_address>0x2000dbe8</load_address>
         <run_address>0x2000dbe8</run_address>
         <size>0x4c</size>
         <input_file_ref idref="fl-11"/>
      </object_component>
      <object_component id="oc-2ea">
         <name>.text:ClockP_usleep</name>
         <load_address>0x2000dc34</load_address>
         <run_address>0x2000dc34</run_address>
         <size>0x48</size>
         <input_file_ref idref="fl-18"/>
      </object_component>
      <object_component id="oc-578">
         <name>.text:FlashDisable</name>
         <load_address>0x2000dc7c</load_address>
         <run_address>0x2000dc7c</run_address>
         <size>0x48</size>
         <input_file_ref idref="fl-24"/>
      </object_component>
      <object_component id="oc-3bf">
         <name>.text:GPIO_disableInt</name>
         <load_address>0x2000dcc4</load_address>
         <run_address>0x2000dcc4</run_address>
         <size>0x48</size>
         <input_file_ref idref="fl-10"/>
      </object_component>
      <object_component id="oc-1f0">
         <name>.text:GPIO_enableInt</name>
         <load_address>0x2000dd0c</load_address>
         <run_address>0x2000dd0c</run_address>
         <size>0x48</size>
         <input_file_ref idref="fl-10"/>
      </object_component>
      <object_component id="oc-506">
         <name>.text:PRCMLPDSEnter</name>
         <load_address>0x2000dd54</load_address>
         <run_address>0x2000dd54</run_address>
         <size>0x48</size>
         <input_file_ref idref="fl-21"/>
      </object_component>
      <object_component id="oc-24b">
         <name>.text:PRCMPeripheralClkEnable</name>
         <load_address>0x2000dd9c</load_address>
         <run_address>0x2000dd9c</run_address>
         <size>0x48</size>
         <input_file_ref idref="fl-21"/>
      </object_component>
      <object_component id="oc-488">
         <name>.text:ClockP_stop</name>
         <load_address>0x2000dde4</load_address>
         <run_address>0x2000dde4</run_address>
         <size>0x44</size>
         <input_file_ref idref="fl-18"/>
      </object_component>
      <object_component id="oc-562">
         <name>.text:PRCMLPDSRestoreInfoSet</name>
         <load_address>0x2000de28</load_address>
         <run_address>0x2000de28</run_address>
         <size>0x44</size>
         <input_file_ref idref="fl-21"/>
      </object_component>
      <object_component id="oc-4ef">
         <name>.text:PowerCC32XX_enterLPDS</name>
         <load_address>0x2000de6c</load_address>
         <run_address>0x2000de6c</run_address>
         <size>0x44</size>
         <input_file_ref idref="fl-12"/>
      </object_component>
      <object_component id="oc-29b">
         <name>.text:SemaphoreP_post</name>
         <load_address>0x2000deb0</load_address>
         <run_address>0x2000deb0</run_address>
         <size>0x44</size>
         <input_file_ref idref="fl-17"/>
      </object_component>
      <object_component id="oc-44c">
         <name>.text:SwiP_restore</name>
         <load_address>0x2000def4</load_address>
         <run_address>0x2000def4</run_address>
         <size>0x44</size>
         <input_file_ref idref="fl-1c"/>
      </object_component>
      <object_component id="oc-178">
         <name>.text:__TI_auto_init_nobinit_nopinit:__TI_auto_init_nobinit_nopinit</name>
         <load_address>0x2000df38</load_address>
         <run_address>0x2000df38</run_address>
         <size>0x44</size>
         <input_file_ref idref="fl-e4"/>
      </object_component>
      <object_component id="oc-263">
         <name>.text:PinModeSet</name>
         <load_address>0x2000df7c</load_address>
         <run_address>0x2000df7c</run_address>
         <size>0x40</size>
         <input_file_ref idref="fl-20"/>
      </object_component>
      <object_component id="oc-377">
         <name>.text:ClockP_destruct</name>
         <load_address>0x2000dfbc</load_address>
         <run_address>0x2000dfbc</run_address>
         <size>0x3c</size>
         <input_file_ref idref="fl-18"/>
      </object_component>
      <object_component id="oc-430">
         <name>.text:getCountsRTC</name>
         <load_address>0x2000dff8</load_address>
         <run_address>0x2000dff8</run_address>
         <size>0x3a</size>
         <input_file_ref idref="fl-1a"/>
      </object_component>
      <object_component id="oc-4bc">
         <name>.text:SemaphoreP_destruct</name>
         <load_address>0x2000e032</load_address>
         <run_address>0x2000e032</run_address>
         <size>0x2</size>
         <input_file_ref idref="fl-17"/>
      </object_component>
      <object_component id="oc-50c">
         <name>.text:PRCMLPDSEnterKeepDebugIf</name>
         <load_address>0x2000e034</load_address>
         <run_address>0x2000e034</run_address>
         <size>0x38</size>
         <input_file_ref idref="fl-21"/>
      </object_component>
      <object_component id="oc-db">
         <name>.text:addToList</name>
         <load_address>0x2000e06c</load_address>
         <run_address>0x2000e06c</run_address>
         <size>0x38</size>
         <input_file_ref idref="fl-18"/>
      </object_component>
      <object_component id="oc-59">
         <name>.text:initVectors</name>
         <load_address>0x2000e0a4</load_address>
         <run_address>0x2000e0a4</run_address>
         <size>0x38</size>
         <input_file_ref idref="fl-1b"/>
      </object_component>
      <object_component id="oc-4dd">
         <name>.text:notify</name>
         <load_address>0x2000e0dc</load_address>
         <run_address>0x2000e0dc</run_address>
         <size>0x38</size>
         <input_file_ref idref="fl-11"/>
      </object_component>
      <object_component id="oc-41e">
         <name>.text:ClockP_getTicksUntilInterrupt</name>
         <load_address>0x2000e114</load_address>
         <run_address>0x2000e114</run_address>
         <size>0x34</size>
         <input_file_ref idref="fl-18"/>
      </object_component>
      <object_component id="oc-3d3">
         <name>.text:ClockP_startup</name>
         <load_address>0x2000e148</load_address>
         <run_address>0x2000e148</run_address>
         <size>0x34</size>
         <input_file_ref idref="fl-18"/>
      </object_component>
      <object_component id="oc-25d">
         <name>.text:PinModeGet</name>
         <load_address>0x2000e17c</load_address>
         <run_address>0x2000e17c</run_address>
         <size>0x34</size>
         <input_file_ref idref="fl-20"/>
      </object_component>
      <object_component id="oc-365">
         <name>.text:ClockP_start</name>
         <load_address>0x2000e1b0</load_address>
         <run_address>0x2000e1b0</run_address>
         <size>0x30</size>
         <input_file_ref idref="fl-18"/>
      </object_component>
      <object_component id="oc-571">
         <name>.text:PowerCC32XX_restoreParkedPin</name>
         <load_address>0x2000e1e0</load_address>
         <run_address>0x2000e1e0</run_address>
         <size>0x30</size>
         <input_file_ref idref="fl-11"/>
      </object_component>
      <object_component id="oc-2c8">
         <name>.text:HwiP_create</name>
         <load_address>0x2000e210</load_address>
         <run_address>0x2000e210</run_address>
         <size>0x2a</size>
         <input_file_ref idref="fl-19"/>
      </object_component>
      <object_component id="oc-2fc">
         <name>.text:_nop</name>
         <load_address>0x2000e23a</load_address>
         <run_address>0x2000e23a</run_address>
         <size>0x2</size>
         <input_file_ref idref="fl-e8"/>
      </object_component>
      <object_component id="oc-257">
         <name>.text:PRCMPeripheralClkDisable</name>
         <load_address>0x2000e23c</load_address>
         <run_address>0x2000e23c</run_address>
         <size>0x28</size>
         <input_file_ref idref="fl-21"/>
      </object_component>
      <object_component id="oc-295">
         <name>.text:Power_registerNotify</name>
         <load_address>0x2000e264</load_address>
         <run_address>0x2000e264</run_address>
         <size>0x28</size>
         <input_file_ref idref="fl-11"/>
      </object_component>
      <object_component id="oc-480">
         <name>.text:free_list_insert</name>
         <load_address>0x2000e28c</load_address>
         <run_address>0x2000e28c</run_address>
         <size>0x28</size>
         <input_file_ref idref="fl-e0"/>
      </object_component>
      <object_component id="oc-387">
         <name>.text:List_put</name>
         <load_address>0x2000e2b4</load_address>
         <run_address>0x2000e2b4</run_address>
         <size>0x26</size>
         <input_file_ref idref="fl-14"/>
      </object_component>
      <object_component id="oc-73">
         <name>.text:busFaultHandler</name>
         <load_address>0x2000e2da</load_address>
         <run_address>0x2000e2da</run_address>
         <size>0x2</size>
         <input_file_ref idref="fl-1b"/>
      </object_component>
      <object_component id="oc-4a6">
         <name>.text:HwiP_dispatch</name>
         <load_address>0x2000e2dc</load_address>
         <run_address>0x2000e2dc</run_address>
         <size>0x24</size>
         <input_file_ref idref="fl-19"/>
      </object_component>
      <object_component id="oc-c5">
         <name>.text:_c_int00_noargs:_c_int00_noargs</name>
         <load_address>0x2000e300</load_address>
         <run_address>0x2000e300</run_address>
         <size>0x24</size>
         <input_file_ref idref="fl-e1"/>
      </object_component>
      <object_component id="oc-3df">
         <name>.text:sleepTicks</name>
         <load_address>0x2000e324</load_address>
         <run_address>0x2000e324</run_address>
         <size>0x24</size>
         <input_file_ref idref="fl-18"/>
      </object_component>
      <object_component id="oc-54e">
         <name>.text:PinToPadGet</name>
         <load_address>0x2000e348</load_address>
         <run_address>0x2000e348</run_address>
         <size>0x1c</size>
         <input_file_ref idref="fl-20"/>
      </object_component>
      <object_component id="oc-412">
         <name>.text:SwiP_disable</name>
         <load_address>0x2000e364</load_address>
         <run_address>0x2000e364</run_address>
         <size>0x1c</size>
         <input_file_ref idref="fl-1c"/>
      </object_component>
      <object_component id="oc-47">
         <name>.text:decompress:ZI:__TI_zero_init_nomemset:__TI_zero_init_nomemset</name>
         <load_address>0x2000e380</load_address>
         <run_address>0x2000e380</run_address>
         <size>0x1c</size>
         <input_file_ref idref="fl-dd"/>
      </object_component>
      <object_component id="oc-47a">
         <name>.text:free_list_remove</name>
         <load_address>0x2000e39c</load_address>
         <run_address>0x2000e39c</run_address>
         <size>0x1c</size>
         <input_file_ref idref="fl-e0"/>
      </object_component>
      <object_component id="oc-277">
         <name>.text:SemaphoreP_createBinary</name>
         <load_address>0x2000e3b8</load_address>
         <run_address>0x2000e3b8</run_address>
         <size>0x1a</size>
         <input_file_ref idref="fl-17"/>
      </object_component>
      <object_component id="oc-37d">
         <name>.text:clkFxn</name>
         <load_address>0x2000e3d2</load_address>
         <run_address>0x2000e3d2</run_address>
         <size>0x2</size>
         <input_file_ref idref="fl-17"/>
      </object_component>
      <object_component id="oc-21">
         <name>.text:resetISR</name>
         <load_address>0x2000e3d4</load_address>
         <run_address>0x2000e3d4</run_address>
         <size>0x1a</size>
         <input_file_ref idref="fl-1b"/>
      </object_component>
      <object_component id="oc-6d">
         <name>.text:defaultHandler</name>
         <load_address>0x2000e3ee</load_address>
         <run_address>0x2000e3ee</run_address>
         <size>0x2</size>
         <input_file_ref idref="fl-1b"/>
      </object_component>
      <object_component id="oc-1ea">
         <name>.text:GPIO_setCallback</name>
         <load_address>0x2000e3f0</load_address>
         <run_address>0x2000e3f0</run_address>
         <size>0x18</size>
         <input_file_ref idref="fl-e"/>
      </object_component>
      <object_component id="oc-424">
         <name>.text:Power_getTransitionLatency</name>
         <load_address>0x2000e408</load_address>
         <run_address>0x2000e408</run_address>
         <size>0x18</size>
         <input_file_ref idref="fl-11"/>
      </object_component>
      <object_component id="oc-51d">
         <name>.text:Power_idleFunc</name>
         <load_address>0x2000e420</load_address>
         <run_address>0x2000e420</run_address>
         <size>0x18</size>
         <input_file_ref idref="fl-11"/>
      </object_component>
      <object_component id="oc-441">
         <name>.text</name>
         <load_address>0x2000e438</load_address>
         <run_address>0x2000e438</run_address>
         <size>0x18</size>
         <input_file_ref idref="fl-da"/>
      </object_component>
      <object_component id="oc-245">
         <name>.text:PRCMHIBRegRead</name>
         <load_address>0x2000e450</load_address>
         <run_address>0x2000e450</run_address>
         <size>0x16</size>
         <input_file_ref idref="fl-21"/>
      </object_component>
      <object_component id="oc-23f">
         <name>.text:PRCMHIBRegWrite</name>
         <load_address>0x2000e466</load_address>
         <run_address>0x2000e466</run_address>
         <size>0x16</size>
         <input_file_ref idref="fl-21"/>
      </object_component>
      <object_component id="oc-34d">
         <name>.text:SemaphoreP_create</name>
         <load_address>0x2000e47c</load_address>
         <run_address>0x2000e47c</run_address>
         <size>0x16</size>
         <input_file_ref idref="fl-17"/>
      </object_component>
      <object_component id="oc-159">
         <name>.text:Board_init</name>
         <load_address>0x2000e492</load_address>
         <run_address>0x2000e492</run_address>
         <size>0x14</size>
         <input_file_ref idref="fl-3"/>
      </object_component>
      <object_component id="oc-a3">
         <name>.text:CPUcpsid</name>
         <load_address>0x2000e4a6</load_address>
         <run_address>0x2000e4a6</run_address>
         <size>0x14</size>
         <input_file_ref idref="fl-1e"/>
      </object_component>
      <object_component id="oc-67">
         <name>.text:faultISR</name>
         <load_address>0x2000e4ba</load_address>
         <run_address>0x2000e4ba</run_address>
         <size>0x2</size>
         <input_file_ref idref="fl-1b"/>
      </object_component>
      <object_component id="oc-38e">
         <name>.text:HwiP_inISR</name>
         <load_address>0x2000e4bc</load_address>
         <run_address>0x2000e4bc</run_address>
         <size>0x14</size>
         <input_file_ref idref="fl-19"/>
      </object_component>
      <object_component id="oc-af">
         <name>.text:IntVTableBaseSet</name>
         <load_address>0x2000e4d0</load_address>
         <run_address>0x2000e4d0</run_address>
         <size>0x14</size>
         <input_file_ref idref="fl-1f"/>
      </object_component>
      <object_component id="oc-394">
         <name>.text:Power_disablePolicy</name>
         <load_address>0x2000e4e4</load_address>
         <run_address>0x2000e4e4</run_address>
         <size>0x14</size>
         <input_file_ref idref="fl-11"/>
      </object_component>
      <object_component id="oc-56a">
         <name>.text:Power_getDependencyCount</name>
         <load_address>0x2000e4f8</load_address>
         <run_address>0x2000e4f8</run_address>
         <size>0x14</size>
         <input_file_ref idref="fl-11"/>
      </object_component>
      <object_component id="oc-2c2">
         <name>.text:HwiP_Params_init</name>
         <load_address>0x2000e50c</load_address>
         <run_address>0x2000e50c</run_address>
         <size>0x12</size>
         <input_file_ref idref="fl-19"/>
      </object_component>
      <object_component id="oc-11f">
         <name>.text:main</name>
         <load_address>0x2000e51e</load_address>
         <run_address>0x2000e51e</run_address>
         <size>0x12</size>
         <input_file_ref idref="fl-4"/>
      </object_component>
      <object_component id="oc-35f">
         <name>.text:ClockP_add</name>
         <load_address>0x2000e530</load_address>
         <run_address>0x2000e530</run_address>
         <size>0x10</size>
         <input_file_ref idref="fl-18"/>
      </object_component>
      <object_component id="oc-40c">
         <name>.text:ClockP_getCpuFreq</name>
         <load_address>0x2000e540</load_address>
         <run_address>0x2000e540</run_address>
         <size>0x10</size>
         <input_file_ref idref="fl-18"/>
      </object_component>
      <object_component id="oc-42a">
         <name>.text:ClockP_getSystemTicks</name>
         <load_address>0x2000e550</load_address>
         <run_address>0x2000e550</run_address>
         <size>0x10</size>
         <input_file_ref idref="fl-18"/>
      </object_component>
      <object_component id="oc-446">
         <name>.text:ClockP_setTicks</name>
         <load_address>0x2000e560</load_address>
         <run_address>0x2000e560</run_address>
         <size>0x10</size>
         <input_file_ref idref="fl-18"/>
      </object_component>
      <object_component id="oc-283">
         <name>.text:HwiP_restore</name>
         <load_address>0x2000e570</load_address>
         <run_address>0x2000e570</run_address>
         <size>0x10</size>
         <input_file_ref idref="fl-19"/>
      </object_component>
      <object_component id="oc-36b">
         <name>.text:Power_enablePolicy</name>
         <load_address>0x2000e580</load_address>
         <run_address>0x2000e580</run_address>
         <size>0x10</size>
         <input_file_ref idref="fl-11"/>
      </object_component>
      <object_component id="oc-347">
         <name>.text:SemaphoreP_Params_init</name>
         <load_address>0x2000e590</load_address>
         <run_address>0x2000e590</run_address>
         <size>0x10</size>
         <input_file_ref idref="fl-17"/>
      </object_component>
      <object_component id="oc-202">
         <name>.text:gpioButtonFxn1</name>
         <load_address>0x2000e5a0</load_address>
         <run_address>0x2000e5a0</run_address>
         <size>0x10</size>
         <input_file_ref idref="fl-2"/>
      </object_component>
      <object_component id="oc-27d">
         <name>.text:HwiP_disable</name>
         <load_address>0x2000e5b0</load_address>
         <run_address>0x2000e5b0</run_address>
         <size>0xe</size>
         <input_file_ref idref="fl-19"/>
      </object_component>
      <object_component id="oc-15f">
         <name>.text:HwiP_enable</name>
         <load_address>0x2000e5be</load_address>
         <run_address>0x2000e5be</run_address>
         <size>0xe</size>
         <input_file_ref idref="fl-19"/>
      </object_component>
      <object_component id="oc-1a">
         <name>.text:decompress:none:__TI_decompress_none</name>
         <load_address>0x2000e5cc</load_address>
         <run_address>0x2000e5cc</run_address>
         <size>0xe</size>
         <input_file_ref idref="fl-de"/>
      </object_component>
      <object_component id="oc-61">
         <name>.text:nmiISR</name>
         <load_address>0x2000e5da</load_address>
         <run_address>0x2000e5da</run_address>
         <size>0x2</size>
         <input_file_ref idref="fl-1b"/>
      </object_component>
      <object_component id="oc-418">
         <name>.text:Power_getConstraintMask</name>
         <load_address>0x2000e5dc</load_address>
         <run_address>0x2000e5dc</run_address>
         <size>0xc</size>
         <input_file_ref idref="fl-11"/>
      </object_component>
      <object_component id="oc-1fc">
         <name>.text:gpioButtonFxn0</name>
         <load_address>0x2000e5e8</load_address>
         <run_address>0x2000e5e8</run_address>
         <size>0xc</size>
         <input_file_ref idref="fl-2"/>
      </object_component>
      <object_component id="oc-371">
         <name>.text:ClockP_isActive</name>
         <load_address>0x2000e5f4</load_address>
         <run_address>0x2000e5f4</run_address>
         <size>0xa</size>
         <input_file_ref idref="fl-18"/>
      </object_component>
      <object_component id="oc-53">
         <name>.text:IntMasterDisable</name>
         <load_address>0x2000e5fe</load_address>
         <run_address>0x2000e5fe</run_address>
         <size>0xa</size>
         <input_file_ref idref="fl-1f"/>
      </object_component>
      <object_component id="oc-3b2">
         <name>.text:malloc</name>
         <load_address>0x2000e608</load_address>
         <run_address>0x2000e608</run_address>
         <size>0x8</size>
         <input_file_ref idref="fl-e0"/>
      </object_component>
      <object_component id="oc-23e">
         <name>.text:UtilsDelay</name>
         <load_address>0x2000e610</load_address>
         <run_address>0x2000e610</run_address>
         <size>0x6</size>
         <input_file_ref idref="fl-23"/>
      </object_component>
      <object_component id="oc-515">
         <name>.text:HwiP_post</name>
         <load_address>0x2000e616</load_address>
         <run_address>0x2000e616</run_address>
         <size>0x4</size>
         <input_file_ref idref="fl-19"/>
      </object_component>
      <object_component id="oc-289">
         <name>.text:SemaphoreP_delete</name>
         <load_address>0x2000e61a</load_address>
         <run_address>0x2000e61a</run_address>
         <size>0x4</size>
         <input_file_ref idref="fl-17"/>
      </object_component>
      <object_component id="oc-119">
         <name>.text:_system_pre_init</name>
         <load_address>0x2000e61e</load_address>
         <run_address>0x2000e61e</run_address>
         <size>0x4</size>
         <input_file_ref idref="fl-e5"/>
      </object_component>
      <object_component id="oc-16c">
         <name>.text:abort:abort</name>
         <load_address>0x2000e622</load_address>
         <run_address>0x2000e622</run_address>
         <size>0x4</size>
         <input_file_ref idref="fl-e7"/>
      </object_component>
      <object_component id="oc-4d7">
         <name>.text</name>
         <load_address>0x2000e626</load_address>
         <run_address>0x2000e626</run_address>
         <size>0x2</size>
         <input_file_ref idref="fl-e2"/>
      </object_component>
      <object_component id="oc-325">
         <name>.const:g_ulPinToPadMap</name>
         <load_address>0x2000ec48</load_address>
         <run_address>0x2000ec48</run_address>
         <size>0x100</size>
         <input_file_ref idref="fl-20"/>
      </object_component>
      <object_component id="oc-31e">
         <name>.const:PRCM_PeriphRegsList</name>
         <load_address>0x2000ed48</load_address>
         <run_address>0x2000ed48</run_address>
         <size>0xa8</size>
         <input_file_ref idref="fl-21"/>
      </object_component>
      <object_component id="oc-273">
         <name>.const:PowerCC32XX_config</name>
         <load_address>0x2000edf0</load_address>
         <run_address>0x2000edf0</run_address>
         <size>0x44</size>
         <input_file_ref idref="fl-3"/>
      </object_component>
      <object_component id="oc-2dd">
         <name>.const:portConfigs</name>
         <load_address>0x2000ee34</load_address>
         <run_address>0x2000ee34</run_address>
         <size>0x28</size>
         <input_file_ref idref="fl-10"/>
      </object_component>
      <object_component id="oc-2d4">
         <name>.const:.string:pinTable</name>
         <load_address>0x2000ee5c</load_address>
         <run_address>0x2000ee5c</run_address>
         <size>0x21</size>
         <input_file_ref idref="fl-10"/>
      </object_component>
      <object_component id="oc-113">
         <name>.const:g_pulEnRegs</name>
         <load_address>0x2000ee80</load_address>
         <run_address>0x2000ee80</run_address>
         <size>0x18</size>
         <input_file_ref idref="fl-1f"/>
      </object_component>
      <object_component id="oc-599">
         <name>.const:g_pulPendRegs</name>
         <load_address>0x2000ee98</load_address>
         <run_address>0x2000ee98</run_address>
         <size>0x18</size>
         <input_file_ref idref="fl-1f"/>
      </object_component>
      <object_component id="oc-2a8">
         <name>.const:GPIO_config</name>
         <load_address>0x2000eeb0</load_address>
         <run_address>0x2000eeb0</run_address>
         <size>0x10</size>
         <input_file_ref idref="fl-3"/>
      </object_component>
      <object_component id="oc-2a5">
         <name>.const</name>
         <load_address>0x2000eec0</load_address>
         <run_address>0x2000eec0</run_address>
         <size>0x8</size>
         <input_file_ref idref="fl-3"/>
      </object_component>
      <object_component id="oc-5cd">
         <name>.cinit..data.load</name>
         <load_address>0x2000f140</load_address>
         <run_address>0x2000f140</run_address>
         <size>0xcf</size>
      </object_component>
      <object_component id="oc-5cb">
         <name>__TI_handler_table</name>
         <load_address>0x2000f210</load_address>
         <run_address>0x2000f210</run_address>
         <size>0xc</size>
      </object_component>
      <object_component id="oc-5ce">
         <name>.cinit..bss.load</name>
         <load_address>0x2000f220</load_address>
         <run_address>0x2000f220</run_address>
         <size>0x8</size>
      </object_component>
      <object_component id="oc-5cc">
         <name>__TI_cinit_table</name>
         <load_address>0x2000f228</load_address>
         <run_address>0x2000f228</run_address>
         <size>0x10</size>
      </object_component>
      <object_component id="oc-39f">
         <name>.data:gpioPinConfigs</name>
         <load_address>0x2000eb98</load_address>
         <run_address>0x2000eb98</run_address>
         <size>0x84</size>
         <input_file_ref idref="fl-3"/>
      </object_component>
      <object_component id="oc-340">
         <name>.data:parkInfo</name>
         <load_address>0x2000eaa0</load_address>
         <run_address>0x2000eaa0</run_address>
         <size>0xf8</size>
         <input_file_ref idref="fl-3"/>
      </object_component>
      <object_component id="oc-2a2">
         <name>.data</name>
         <load_address>0x2000ec44</load_address>
         <run_address>0x2000ec44</run_address>
         <size>0x2</size>
         <input_file_ref idref="fl-10"/>
      </object_component>
      <object_component id="oc-270">
         <name>.data:PowerCC32XX_module</name>
         <load_address>0x2000e934</load_address>
         <run_address>0x2000e934</run_address>
         <size>0x16c</size>
         <input_file_ref idref="fl-11"/>
      </object_component>
      <object_component id="oc-383">
         <name>.data</name>
         <load_address>0x2000ec41</load_address>
         <run_address>0x2000ec41</run_address>
         <size>0x3</size>
         <input_file_ref idref="fl-17"/>
      </object_component>
      <object_component id="oc-45c">
         <name>.data:SemaphoreP_defaultParams</name>
         <load_address>0x2000ec2c</load_address>
         <run_address>0x2000ec2c</run_address>
         <size>0x8</size>
         <input_file_ref idref="fl-17"/>
      </object_component>
      <object_component id="oc-3e5">
         <name>.data</name>
         <load_address>0x2000ec3c</load_address>
         <run_address>0x2000ec3c</run_address>
         <size>0x5</size>
         <input_file_ref idref="fl-18"/>
      </object_component>
      <object_component id="oc-4a3">
         <name>.data:HwiP_dispatchTable</name>
         <load_address>0x2000e628</load_address>
         <run_address>0x2000e628</run_address>
         <size>0x30c</size>
         <input_file_ref idref="fl-19"/>
      </object_component>
      <object_component id="oc-4ac">
         <name>.data</name>
         <load_address>0x2000ec34</load_address>
         <run_address>0x2000ec34</run_address>
         <size>0x8</size>
         <input_file_ref idref="fl-19"/>
      </object_component>
      <object_component id="oc-526">
         <name>.data:$O1$$</name>
         <load_address>0x2000ec24</load_address>
         <run_address>0x2000ec24</run_address>
         <size>0x8</size>
         <input_file_ref idref="fl-e0"/>
      </object_component>
      <object_component id="oc-210">
         <name>.data:$O1$$</name>
         <load_address>0x2000ec1c</load_address>
         <run_address>0x2000ec1c</run_address>
         <size>0x8</size>
         <input_file_ref idref="fl-e8"/>
      </object_component>
      <object_component id="oc-208">
         <name>.bss:$O1$$</name>
         <uninitialized>true</uninitialized>
         <run_address>0x2000f130</run_address>
         <size>0x4</size>
         <input_file_ref idref="fl-2"/>
      </object_component>
      <object_component id="oc-2ab">
         <name>.bss:powerNotifyObj</name>
         <uninitialized>true</uninitialized>
         <run_address>0x2000f0fc</run_address>
         <size>0x14</size>
         <input_file_ref idref="fl-10"/>
      </object_component>
      <object_component id="oc-2a1">
         <name>.bss</name>
         <uninitialized>true</uninitialized>
         <run_address>0x2000f134</run_address>
         <size>0x4</size>
         <input_file_ref idref="fl-10"/>
      </object_component>
      <object_component id="oc-4b7">
         <name>.bss</name>
         <uninitialized>true</uninitialized>
         <run_address>0x2000f138</run_address>
         <size>0x4</size>
         <input_file_ref idref="fl-18"/>
      </object_component>
      <object_component id="oc-4c8">
         <name>.bss</name>
         <uninitialized>true</uninitialized>
         <run_address>0x2000f120</run_address>
         <size>0xd</size>
         <input_file_ref idref="fl-1c"/>
      </object_component>
      <object_component id="oc-3a2">
         <name>.common:gpioCallbackFunctions</name>
         <uninitialized>true</uninitialized>
         <run_address>0x2000eff4</run_address>
         <size>0x84</size>
      </object_component>
      <object_component id="oc-3a3">
         <name>.common:gpioUserArgs</name>
         <uninitialized>true</uninitialized>
         <run_address>0x2000f078</run_address>
         <size>0x84</size>
      </object_component>
      <object_component id="oc-55b">
         <name>.common:PowerCC32XX_contextSave</name>
         <uninitialized>true</uninitialized>
         <run_address>0x2000eec8</run_address>
         <size>0x12c</size>
      </object_component>
      <object_component id="oc-e1">
         <name>.common:ClockP_ctrl</name>
         <uninitialized>true</uninitialized>
         <run_address>0x2000f110</run_address>
         <size>0x10</size>
      </object_component>
      <object_component id="oc-2a">
         <name>.sysmem</name>
         <uninitialized>true</uninitialized>
         <run_address>0x20004040</run_address>
         <size>0x10</size>
         <input_file_ref idref="fl-e0"/>
      </object_component>
      <object_component id="oc-5d1">
         <name>.sysmem</name>
         <uninitialized>true</uninitialized>
         <run_address>0x20004040</run_address>
         <size>0x0</size>
      </object_component>
      <object_component id="oc-2d">
         <name>.stack</name>
         <uninitialized>true</uninitialized>
         <run_address>0x20003000</run_address>
         <size>0x4</size>
         <input_file_ref idref="fl-e1"/>
      </object_component>
      <object_component id="oc-5d0">
         <name>.stack</name>
         <uninitialized>true</uninitialized>
         <run_address>0x20003000</run_address>
         <size>0x0</size>
      </object_component>
      <object_component id="oc-27">
         <name>.resetVecs:retain</name>
         <load_address>0x20004000</load_address>
         <run_address>0x20004000</run_address>
         <size>0x40</size>
         <input_file_ref idref="fl-1b"/>
      </object_component>
      <object_component id="oc-bb">
         <name>.ramVecs</name>
         <uninitialized>true</uninitialized>
         <run_address>0x20000000</run_address>
         <size>0x30c</size>
         <input_file_ref idref="fl-1b"/>
      </object_component>
      <object_component id="oc-152">
         <name>.debug_info</name>
         <load_address>0x0</load_address>
         <run_address>0x0</run_address>
         <size>0x41a</size>
         <input_file_ref idref="fl-2"/>
      </object_component>
      <object_component id="oc-209">
         <name>.debug_info</name>
         <load_address>0x41a</load_address>
         <run_address>0x41a</run_address>
         <size>0x128</size>
         <input_file_ref idref="fl-2"/>
      </object_component>
      <object_component id="oc-1f7">
         <name>.debug_info</name>
         <load_address>0x542</load_address>
         <run_address>0x542</run_address>
         <size>0x48b</size>
         <input_file_ref idref="fl-2"/>
      </object_component>
      <object_component id="oc-166">
         <name>.debug_info</name>
         <load_address>0x9cd</load_address>
         <run_address>0x9cd</run_address>
         <size>0x215</size>
         <input_file_ref idref="fl-2"/>
      </object_component>
      <object_component id="oc-203">
         <name>.debug_info</name>
         <load_address>0xbe2</load_address>
         <run_address>0xbe2</run_address>
         <size>0x154</size>
         <input_file_ref idref="fl-2"/>
      </object_component>
      <object_component id="oc-1fd">
         <name>.debug_info</name>
         <load_address>0xd36</load_address>
         <run_address>0xd36</run_address>
         <size>0x154</size>
         <input_file_ref idref="fl-2"/>
      </object_component>
      <object_component id="oc-1ad">
         <name>.debug_info</name>
         <load_address>0xe8a</load_address>
         <run_address>0xe8a</run_address>
         <size>0x2a7</size>
         <input_file_ref idref="fl-2"/>
      </object_component>
      <object_component id="oc-139">
         <name>.debug_info</name>
         <load_address>0x1131</load_address>
         <run_address>0x1131</run_address>
         <size>0x100</size>
         <input_file_ref idref="fl-2"/>
      </object_component>
      <object_component id="oc-233">
         <name>.debug_info</name>
         <load_address>0x1231</load_address>
         <run_address>0x1231</run_address>
         <size>0xf8</size>
         <input_file_ref idref="fl-2"/>
      </object_component>
      <object_component id="oc-e7">
         <name>.debug_info</name>
         <load_address>0x1329</load_address>
         <run_address>0x1329</run_address>
         <size>0x26b</size>
         <input_file_ref idref="fl-2"/>
      </object_component>
      <object_component id="oc-1bc">
         <name>.debug_info</name>
         <load_address>0x1594</load_address>
         <run_address>0x1594</run_address>
         <size>0xa8</size>
         <input_file_ref idref="fl-2"/>
      </object_component>
      <object_component id="oc-1b2">
         <name>.debug_info</name>
         <load_address>0x163c</load_address>
         <run_address>0x163c</run_address>
         <size>0xa1</size>
         <input_file_ref idref="fl-2"/>
      </object_component>
      <object_component id="oc-22e">
         <name>.debug_info</name>
         <load_address>0x16dd</load_address>
         <run_address>0x16dd</run_address>
         <size>0xb6</size>
         <input_file_ref idref="fl-2"/>
      </object_component>
      <object_component id="oc-2f5">
         <name>.debug_info</name>
         <load_address>0x1793</load_address>
         <run_address>0x1793</run_address>
         <size>0x75</size>
         <input_file_ref idref="fl-2"/>
      </object_component>
      <object_component id="oc-10d">
         <name>.debug_info</name>
         <load_address>0x1808</load_address>
         <run_address>0x1808</run_address>
         <size>0x8b</size>
         <input_file_ref idref="fl-2"/>
      </object_component>
      <object_component id="oc-14d">
         <name>.debug_info</name>
         <load_address>0x1893</load_address>
         <run_address>0x1893</run_address>
         <size>0x2a4</size>
         <input_file_ref idref="fl-2"/>
      </object_component>
      <object_component id="oc-1b7">
         <name>.debug_info</name>
         <load_address>0x1b37</load_address>
         <run_address>0x1b37</run_address>
         <size>0xef</size>
         <input_file_ref idref="fl-2"/>
      </object_component>
      <object_component id="oc-134">
         <name>.debug_info</name>
         <load_address>0x1c26</load_address>
         <run_address>0x1c26</run_address>
         <size>0xbb</size>
         <input_file_ref idref="fl-2"/>
      </object_component>
      <object_component id="oc-aa">
         <name>.debug_info</name>
         <load_address>0x1ce1</load_address>
         <run_address>0x1ce1</run_address>
         <size>0x2c</size>
         <input_file_ref idref="fl-2"/>
      </object_component>
      <object_component id="oc-589">
         <name>.debug_info</name>
         <load_address>0x1d0d</load_address>
         <run_address>0x1d0d</run_address>
         <size>0x53</size>
         <input_file_ref idref="fl-2"/>
      </object_component>
      <object_component id="oc-1c1">
         <name>.debug_info</name>
         <load_address>0x1d60</load_address>
         <run_address>0x1d60</run_address>
         <size>0x53</size>
         <input_file_ref idref="fl-2"/>
      </object_component>
      <object_component id="oc-345">
         <name>.debug_info</name>
         <load_address>0x1db3</load_address>
         <run_address>0x1db3</run_address>
         <size>0x469</size>
         <input_file_ref idref="fl-3"/>
      </object_component>
      <object_component id="oc-2a6">
         <name>.debug_info</name>
         <load_address>0x221c</load_address>
         <run_address>0x221c</run_address>
         <size>0x2b2</size>
         <input_file_ref idref="fl-3"/>
      </object_component>
      <object_component id="oc-3a0">
         <name>.debug_info</name>
         <load_address>0x24ce</load_address>
         <run_address>0x24ce</run_address>
         <size>0x10d</size>
         <input_file_ref idref="fl-3"/>
      </object_component>
      <object_component id="oc-2a9">
         <name>.debug_info</name>
         <load_address>0x25db</load_address>
         <run_address>0x25db</run_address>
         <size>0x107</size>
         <input_file_ref idref="fl-3"/>
      </object_component>
      <object_component id="oc-274">
         <name>.debug_info</name>
         <load_address>0x26e2</load_address>
         <run_address>0x26e2</run_address>
         <size>0x115</size>
         <input_file_ref idref="fl-3"/>
      </object_component>
      <object_component id="oc-341">
         <name>.debug_info</name>
         <load_address>0x27f7</load_address>
         <run_address>0x27f7</run_address>
         <size>0x101</size>
         <input_file_ref idref="fl-3"/>
      </object_component>
      <object_component id="oc-1de">
         <name>.debug_info</name>
         <load_address>0x28f8</load_address>
         <run_address>0x28f8</run_address>
         <size>0x159</size>
         <input_file_ref idref="fl-3"/>
      </object_component>
      <object_component id="oc-15b">
         <name>.debug_info</name>
         <load_address>0x2a51</load_address>
         <run_address>0x2a51</run_address>
         <size>0x19f</size>
         <input_file_ref idref="fl-3"/>
      </object_component>
      <object_component id="oc-457">
         <name>.debug_info</name>
         <load_address>0x2bf0</load_address>
         <run_address>0x2bf0</run_address>
         <size>0x198</size>
         <input_file_ref idref="fl-3"/>
      </object_component>
      <object_component id="oc-32f">
         <name>.debug_info</name>
         <load_address>0x2d88</load_address>
         <run_address>0x2d88</run_address>
         <size>0x878</size>
         <input_file_ref idref="fl-3"/>
      </object_component>
      <object_component id="oc-3fc">
         <name>.debug_info</name>
         <load_address>0x3600</load_address>
         <run_address>0x3600</run_address>
         <size>0x62</size>
         <input_file_ref idref="fl-3"/>
      </object_component>
      <object_component id="oc-122">
         <name>.debug_info</name>
         <load_address>0x3662</load_address>
         <run_address>0x3662</run_address>
         <size>0x15a</size>
         <input_file_ref idref="fl-4"/>
      </object_component>
      <object_component id="oc-36">
         <name>.debug_info</name>
         <load_address>0x37bc</load_address>
         <run_address>0x37bc</run_address>
         <size>0x84</size>
         <input_file_ref idref="fl-4"/>
      </object_component>
      <object_component id="oc-154">
         <name>.debug_info</name>
         <load_address>0x3840</load_address>
         <run_address>0x3840</run_address>
         <size>0x18a</size>
         <input_file_ref idref="fl-e"/>
      </object_component>
      <object_component id="oc-1ed">
         <name>.debug_info</name>
         <load_address>0x39ca</load_address>
         <run_address>0x39ca</run_address>
         <size>0x15e</size>
         <input_file_ref idref="fl-e"/>
      </object_component>
      <object_component id="oc-104">
         <name>.debug_info</name>
         <load_address>0x3b28</load_address>
         <run_address>0x3b28</run_address>
         <size>0x2c</size>
         <input_file_ref idref="fl-e"/>
      </object_component>
      <object_component id="oc-ec">
         <name>.debug_info</name>
         <load_address>0x3b54</load_address>
         <run_address>0x3b54</run_address>
         <size>0x35</size>
         <input_file_ref idref="fl-e"/>
      </object_component>
      <object_component id="oc-1aa">
         <name>.debug_info</name>
         <load_address>0x3b89</load_address>
         <run_address>0x3b89</run_address>
         <size>0x400</size>
         <input_file_ref idref="fl-f"/>
      </object_component>
      <object_component id="oc-143">
         <name>.debug_info</name>
         <load_address>0x3f89</load_address>
         <run_address>0x3f89</run_address>
         <size>0x137</size>
         <input_file_ref idref="fl-f"/>
      </object_component>
      <object_component id="oc-13e">
         <name>.debug_info</name>
         <load_address>0x40c0</load_address>
         <run_address>0x40c0</run_address>
         <size>0x110</size>
         <input_file_ref idref="fl-f"/>
      </object_component>
      <object_component id="oc-2e1">
         <name>.debug_info</name>
         <load_address>0x41d0</load_address>
         <run_address>0x41d0</run_address>
         <size>0x5a8</size>
         <input_file_ref idref="fl-10"/>
      </object_component>
      <object_component id="oc-2d5">
         <name>.debug_info</name>
         <load_address>0x4778</load_address>
         <run_address>0x4778</run_address>
         <size>0xdc</size>
         <input_file_ref idref="fl-10"/>
      </object_component>
      <object_component id="oc-2de">
         <name>.debug_info</name>
         <load_address>0x4854</load_address>
         <run_address>0x4854</run_address>
         <size>0xe2</size>
         <input_file_ref idref="fl-10"/>
      </object_component>
      <object_component id="oc-2a3">
         <name>.debug_info</name>
         <load_address>0x4936</load_address>
         <run_address>0x4936</run_address>
         <size>0x11a</size>
         <input_file_ref idref="fl-10"/>
      </object_component>
      <object_component id="oc-2ac">
         <name>.debug_info</name>
         <load_address>0x4a50</load_address>
         <run_address>0x4a50</run_address>
         <size>0xe8</size>
         <input_file_ref idref="fl-10"/>
      </object_component>
      <object_component id="oc-2d9">
         <name>.debug_info</name>
         <load_address>0x4b38</load_address>
         <run_address>0x4b38</run_address>
         <size>0x1a4</size>
         <input_file_ref idref="fl-10"/>
      </object_component>
      <object_component id="oc-3c1">
         <name>.debug_info</name>
         <load_address>0x4cdc</load_address>
         <run_address>0x4cdc</run_address>
         <size>0x187</size>
         <input_file_ref idref="fl-10"/>
      </object_component>
      <object_component id="oc-1f2">
         <name>.debug_info</name>
         <load_address>0x4e63</load_address>
         <run_address>0x4e63</run_address>
         <size>0x185</size>
         <input_file_ref idref="fl-10"/>
      </object_component>
      <object_component id="oc-2d0">
         <name>.debug_info</name>
         <load_address>0x4fe8</load_address>
         <run_address>0x4fe8</run_address>
         <size>0x1f1</size>
         <input_file_ref idref="fl-10"/>
      </object_component>
      <object_component id="oc-1e6">
         <name>.debug_info</name>
         <load_address>0x51d9</load_address>
         <run_address>0x51d9</run_address>
         <size>0x372</size>
         <input_file_ref idref="fl-10"/>
      </object_component>
      <object_component id="oc-2b0">
         <name>.debug_info</name>
         <load_address>0x554b</load_address>
         <run_address>0x554b</run_address>
         <size>0x1dd</size>
         <input_file_ref idref="fl-10"/>
      </object_component>
      <object_component id="oc-2e6">
         <name>.debug_info</name>
         <load_address>0x5728</load_address>
         <run_address>0x5728</run_address>
         <size>0x1de</size>
         <input_file_ref idref="fl-10"/>
      </object_component>
      <object_component id="oc-1d8">
         <name>.debug_info</name>
         <load_address>0x5906</load_address>
         <run_address>0x5906</run_address>
         <size>0x21c</size>
         <input_file_ref idref="fl-10"/>
      </object_component>
      <object_component id="oc-3cd">
         <name>.debug_info</name>
         <load_address>0x5b22</load_address>
         <run_address>0x5b22</run_address>
         <size>0x72</size>
         <input_file_ref idref="fl-10"/>
      </object_component>
      <object_component id="oc-32b">
         <name>.debug_info</name>
         <load_address>0x5b94</load_address>
         <run_address>0x5b94</run_address>
         <size>0x5aa</size>
         <input_file_ref idref="fl-11"/>
      </object_component>
      <object_component id="oc-271">
         <name>.debug_info</name>
         <load_address>0x613e</load_address>
         <run_address>0x613e</run_address>
         <size>0xf3</size>
         <input_file_ref idref="fl-11"/>
      </object_component>
      <object_component id="oc-4df">
         <name>.debug_info</name>
         <load_address>0x6231</load_address>
         <run_address>0x6231</run_address>
         <size>0x16d</size>
         <input_file_ref idref="fl-11"/>
      </object_component>
      <object_component id="oc-556">
         <name>.debug_info</name>
         <load_address>0x639e</load_address>
         <run_address>0x639e</run_address>
         <size>0x25b</size>
         <input_file_ref idref="fl-11"/>
      </object_component>
      <object_component id="oc-4e5">
         <name>.debug_info</name>
         <load_address>0x65f9</load_address>
         <run_address>0x65f9</run_address>
         <size>0x197</size>
         <input_file_ref idref="fl-11"/>
      </object_component>
      <object_component id="oc-4eb">
         <name>.debug_info</name>
         <load_address>0x6790</load_address>
         <run_address>0x6790</run_address>
         <size>0x127</size>
         <input_file_ref idref="fl-11"/>
      </object_component>
      <object_component id="oc-4f6">
         <name>.debug_info</name>
         <load_address>0x68b7</load_address>
         <run_address>0x68b7</run_address>
         <size>0x12d</size>
         <input_file_ref idref="fl-11"/>
      </object_component>
      <object_component id="oc-56c">
         <name>.debug_info</name>
         <load_address>0x69e4</load_address>
         <run_address>0x69e4</run_address>
         <size>0x190</size>
         <input_file_ref idref="fl-11"/>
      </object_component>
      <object_component id="oc-4fc">
         <name>.debug_info</name>
         <load_address>0x6b74</load_address>
         <run_address>0x6b74</run_address>
         <size>0x16d</size>
         <input_file_ref idref="fl-11"/>
      </object_component>
      <object_component id="oc-573">
         <name>.debug_info</name>
         <load_address>0x6ce1</load_address>
         <run_address>0x6ce1</run_address>
         <size>0x1fe</size>
         <input_file_ref idref="fl-11"/>
      </object_component>
      <object_component id="oc-502">
         <name>.debug_info</name>
         <load_address>0x6edf</load_address>
         <run_address>0x6edf</run_address>
         <size>0x177</size>
         <input_file_ref idref="fl-11"/>
      </object_component>
      <object_component id="oc-43d">
         <name>.debug_info</name>
         <load_address>0x7056</load_address>
         <run_address>0x7056</run_address>
         <size>0x2dc</size>
         <input_file_ref idref="fl-11"/>
      </object_component>
      <object_component id="oc-41a">
         <name>.debug_info</name>
         <load_address>0x7332</load_address>
         <run_address>0x7332</run_address>
         <size>0x13f</size>
         <input_file_ref idref="fl-11"/>
      </object_component>
      <object_component id="oc-2be">
         <name>.debug_info</name>
         <load_address>0x7471</load_address>
         <run_address>0x7471</run_address>
         <size>0x1df</size>
         <input_file_ref idref="fl-11"/>
      </object_component>
      <object_component id="oc-297">
         <name>.debug_info</name>
         <load_address>0x7650</load_address>
         <run_address>0x7650</run_address>
         <size>0x246</size>
         <input_file_ref idref="fl-11"/>
      </object_component>
      <object_component id="oc-26c">
         <name>.debug_info</name>
         <load_address>0x7896</load_address>
         <run_address>0x7896</run_address>
         <size>0x193</size>
         <input_file_ref idref="fl-11"/>
      </object_component>
      <object_component id="oc-1d2">
         <name>.debug_info</name>
         <load_address>0x7a29</load_address>
         <run_address>0x7a29</run_address>
         <size>0x151</size>
         <input_file_ref idref="fl-11"/>
      </object_component>
      <object_component id="oc-51f">
         <name>.debug_info</name>
         <load_address>0x7b7a</load_address>
         <run_address>0x7b7a</run_address>
         <size>0x130</size>
         <input_file_ref idref="fl-11"/>
      </object_component>
      <object_component id="oc-426">
         <name>.debug_info</name>
         <load_address>0x7caa</load_address>
         <run_address>0x7caa</run_address>
         <size>0x19b</size>
         <input_file_ref idref="fl-11"/>
      </object_component>
      <object_component id="oc-36d">
         <name>.debug_info</name>
         <load_address>0x7e45</load_address>
         <run_address>0x7e45</run_address>
         <size>0x131</size>
         <input_file_ref idref="fl-11"/>
      </object_component>
      <object_component id="oc-396">
         <name>.debug_info</name>
         <load_address>0x7f76</load_address>
         <run_address>0x7f76</run_address>
         <size>0x158</size>
         <input_file_ref idref="fl-11"/>
      </object_component>
      <object_component id="oc-3aa">
         <name>.debug_info</name>
         <load_address>0x80ce</load_address>
         <run_address>0x80ce</run_address>
         <size>0x19d</size>
         <input_file_ref idref="fl-11"/>
      </object_component>
      <object_component id="oc-406">
         <name>.debug_info</name>
         <load_address>0x826b</load_address>
         <run_address>0x826b</run_address>
         <size>0x2c</size>
         <input_file_ref idref="fl-11"/>
      </object_component>
      <object_component id="oc-4f2">
         <name>.debug_info</name>
         <load_address>0x8297</load_address>
         <run_address>0x8297</run_address>
         <size>0x125</size>
         <input_file_ref idref="fl-12"/>
      </object_component>
      <object_component id="oc-560">
         <name>.debug_info</name>
         <load_address>0x83bc</load_address>
         <run_address>0x83bc</run_address>
         <size>0x109</size>
         <input_file_ref idref="fl-12"/>
      </object_component>
      <object_component id="oc-496">
         <name>.debug_info</name>
         <load_address>0x84c5</load_address>
         <run_address>0x84c5</run_address>
         <size>0x1ee</size>
         <input_file_ref idref="fl-14"/>
      </object_component>
      <object_component id="oc-388">
         <name>.debug_info</name>
         <load_address>0x86b3</load_address>
         <run_address>0x86b3</run_address>
         <size>0x172</size>
         <input_file_ref idref="fl-14"/>
      </object_component>
      <object_component id="oc-354">
         <name>.debug_info</name>
         <load_address>0x8825</load_address>
         <run_address>0x8825</run_address>
         <size>0x4a6</size>
         <input_file_ref idref="fl-17"/>
      </object_component>
      <object_component id="oc-384">
         <name>.debug_info</name>
         <load_address>0x8ccb</load_address>
         <run_address>0x8ccb</run_address>
         <size>0x1cc</size>
         <input_file_ref idref="fl-17"/>
      </object_component>
      <object_component id="oc-45d">
         <name>.debug_info</name>
         <load_address>0x8e97</load_address>
         <run_address>0x8e97</run_address>
         <size>0x179</size>
         <input_file_ref idref="fl-17"/>
      </object_component>
      <object_component id="oc-37e">
         <name>.debug_info</name>
         <load_address>0x9010</load_address>
         <run_address>0x9010</run_address>
         <size>0x1aa</size>
         <input_file_ref idref="fl-17"/>
      </object_component>
      <object_component id="oc-29e">
         <name>.debug_info</name>
         <load_address>0x91ba</load_address>
         <run_address>0x91ba</run_address>
         <size>0x23a</size>
         <input_file_ref idref="fl-17"/>
      </object_component>
      <object_component id="oc-292">
         <name>.debug_info</name>
         <load_address>0x93f4</load_address>
         <run_address>0x93f4</run_address>
         <size>0x312</size>
         <input_file_ref idref="fl-17"/>
      </object_component>
      <object_component id="oc-4bf">
         <name>.debug_info</name>
         <load_address>0x9706</load_address>
         <run_address>0x9706</run_address>
         <size>0x1ca</size>
         <input_file_ref idref="fl-17"/>
      </object_component>
      <object_component id="oc-28c">
         <name>.debug_info</name>
         <load_address>0x98d0</load_address>
         <run_address>0x98d0</run_address>
         <size>0x1cc</size>
         <input_file_ref idref="fl-17"/>
      </object_component>
      <object_component id="oc-34a">
         <name>.debug_info</name>
         <load_address>0x9a9c</load_address>
         <run_address>0x9a9c</run_address>
         <size>0x1d0</size>
         <input_file_ref idref="fl-17"/>
      </object_component>
      <object_component id="oc-463">
         <name>.debug_info</name>
         <load_address>0x9c6c</load_address>
         <run_address>0x9c6c</run_address>
         <size>0x284</size>
         <input_file_ref idref="fl-17"/>
      </object_component>
      <object_component id="oc-350">
         <name>.debug_info</name>
         <load_address>0x9ef0</load_address>
         <run_address>0x9ef0</run_address>
         <size>0x22d</size>
         <input_file_ref idref="fl-17"/>
      </object_component>
      <object_component id="oc-27a">
         <name>.debug_info</name>
         <load_address>0xa11d</load_address>
         <run_address>0xa11d</run_address>
         <size>0x232</size>
         <input_file_ref idref="fl-17"/>
      </object_component>
      <object_component id="oc-46e">
         <name>.debug_info</name>
         <load_address>0xa34f</load_address>
         <run_address>0xa34f</run_address>
         <size>0x76</size>
         <input_file_ref idref="fl-17"/>
      </object_component>
      <object_component id="oc-469">
         <name>.debug_info</name>
         <load_address>0xa3c5</load_address>
         <run_address>0xa3c5</run_address>
         <size>0xcc</size>
         <input_file_ref idref="fl-17"/>
      </object_component>
      <object_component id="oc-e2">
         <name>.debug_info</name>
         <load_address>0xa491</load_address>
         <run_address>0xa491</run_address>
         <size>0x3e0</size>
         <input_file_ref idref="fl-18"/>
      </object_component>
      <object_component id="oc-3e6">
         <name>.debug_info</name>
         <load_address>0xa871</load_address>
         <run_address>0xa871</run_address>
         <size>0x1a2</size>
         <input_file_ref idref="fl-18"/>
      </object_component>
      <object_component id="oc-4b8">
         <name>.debug_info</name>
         <load_address>0xaa13</load_address>
         <run_address>0xaa13</run_address>
         <size>0x165</size>
         <input_file_ref idref="fl-18"/>
      </object_component>
      <object_component id="oc-4b2">
         <name>.debug_info</name>
         <load_address>0xab78</load_address>
         <run_address>0xab78</run_address>
         <size>0x1c9</size>
         <input_file_ref idref="fl-18"/>
      </object_component>
      <object_component id="oc-3d4">
         <name>.debug_info</name>
         <load_address>0xad41</load_address>
         <run_address>0xad41</run_address>
         <size>0x1c9</size>
         <input_file_ref idref="fl-18"/>
      </object_component>
      <object_component id="oc-3da">
         <name>.debug_info</name>
         <load_address>0xaf0a</load_address>
         <run_address>0xaf0a</run_address>
         <size>0x1fb</size>
         <input_file_ref idref="fl-18"/>
      </object_component>
      <object_component id="oc-3e0">
         <name>.debug_info</name>
         <load_address>0xb105</load_address>
[...]
         <object_component_ref idref="oc-11f"/>
      </symbol>
      <symbol id="sm-141">
         <name>GPIO_setCallback</name>
         <value>0x2000e3f1</value>
         <object_component_ref idref="oc-1ea"/>
      </symbol>
      <symbol id="sm-1f7">
         <name>GPIO_setInterruptConfig</name>
         <value>0x2000d7a9</value>
         <object_component_ref idref="oc-2ce"/>
      </symbol>
      <symbol id="sm-1f8">
         <name>GPIO_setConfig</name>
         <value>0x2000c7fd</value>
         <object_component_ref idref="oc-1e4"/>
      </symbol>
      <symbol id="sm-1f9">
         <name>GPIO_init</name>
         <value>0x2000d199</value>
         <object_component_ref idref="oc-1d6"/>
      </symbol>
      <symbol id="sm-1fa">
         <name>GPIO_disableInt</name>
         <value>0x2000dcc5</value>
         <object_component_ref idref="oc-3bf"/>
      </symbol>
      <symbol id="sm-1fb">
         <name>GPIO_enableInt</name>
         <value>0x2000dd0d</value>
         <object_component_ref idref="oc-1f0"/>
      </symbol>
      <symbol id="sm-1fc">
         <name>GPIO_write</name>
         <value>0x2000d55d</value>
         <object_component_ref idref="oc-2e4"/>
      </symbol>
      <symbol id="sm-1fd">
         <name>GPIO_hwiIntFxn</name>
         <value>0x2000d8d5</value>
         <object_component_ref idref="oc-2d7"/>
      </symbol>
      <symbol id="sm-335">
         <name>PowerCC32XX_contextSave</name>
         <value>0x2000eec8</value>
      </symbol>
      <symbol id="sm-336">
         <name>PowerCC32XX_configureWakeup</name>
         <value>0x2000cf1d</value>
         <object_component_ref idref="oc-26a"/>
      </symbol>
      <symbol id="sm-337">
         <name>Power_registerNotify</name>
         <value>0x2000e265</value>
         <object_component_ref idref="oc-295"/>
      </symbol>
      <symbol id="sm-338">
         <name>PowerCC32XX_restoreParkedPin</name>
         <value>0x2000e1e1</value>
         <object_component_ref idref="oc-571"/>
      </symbol>
      <symbol id="sm-339">
         <name>Power_sleep</name>
         <value>0x2000ca99</value>
         <object_component_ref idref="oc-43b"/>
      </symbol>
      <symbol id="sm-33a">
         <name>Power_idleFunc</name>
         <value>0x2000e421</value>
         <object_component_ref idref="oc-51d"/>
      </symbol>
      <symbol id="sm-33b">
         <name>Power_getConstraintMask</name>
         <value>0x2000e5dd</value>
         <object_component_ref idref="oc-418"/>
      </symbol>
      <symbol id="sm-33c">
         <name>Power_disablePolicy</name>
         <value>0x2000e4e5</value>
         <object_component_ref idref="oc-394"/>
      </symbol>
      <symbol id="sm-33d">
         <name>Power_init</name>
         <value>0x2000d455</value>
         <object_component_ref idref="oc-1d0"/>
      </symbol>
      <symbol id="sm-33e">
         <name>PowerCC32XX_setParkState</name>
         <value>0x2000d80d</value>
         <object_component_ref idref="oc-3a8"/>
      </symbol>
      <symbol id="sm-33f">
         <name>Power_getDependencyCount</name>
         <value>0x2000e4f9</value>
         <object_component_ref idref="oc-56a"/>
      </symbol>
      <symbol id="sm-340">
         <name>Power_enablePolicy</name>
         <value>0x2000e581</value>
         <object_component_ref idref="oc-36b"/>
      </symbol>
      <symbol id="sm-341">
         <name>PowerCC32XX_parkPin</name>
         <value>0x2000db9d</value>
         <object_component_ref idref="oc-554"/>
      </symbol>
      <symbol id="sm-342">
         <name>PowerCC32XX_module</name>
         <value>0x2000e934</value>
         <object_component_ref idref="oc-270"/>
      </symbol>
      <symbol id="sm-343">
         <name>Power_getTransitionLatency</name>
         <value>0x2000e409</value>
         <object_component_ref idref="oc-424"/>
      </symbol>
      <symbol id="sm-344">
         <name>Power_setDependency</name>
         <value>0x2000d5dd</value>
         <object_component_ref idref="oc-2bc"/>
      </symbol>
      <symbol id="sm-355">
         <name>PowerCC32XX_enterLPDS</name>
         <value>0x2000de6d</value>
         <object_component_ref idref="oc-4ef"/>
      </symbol>
      <symbol id="sm-356">
         <name>PowerCC32XX_resumeLPDS</name>
         <value>0x2000daa9</value>
         <object_component_ref idref="oc-55d"/>
      </symbol>
      <symbol id="sm-365">
         <name>List_put</name>
         <value>0x2000e2b5</value>
         <object_component_ref idref="oc-387"/>
      </symbol>
      <symbol id="sm-3e9">
         <name>SemaphoreP_defaultParams</name>
         <value>0x2000ec2c</value>
         <object_component_ref idref="oc-45c"/>
      </symbol>
      <symbol id="sm-3ea">
         <name>SemaphoreP_construct</name>
         <value>0x2000db4d</value>
         <object_component_ref idref="oc-460"/>
      </symbol>
      <symbol id="sm-3eb">
         <name>SemaphoreP_create</name>
         <value>0x2000e47d</value>
         <object_component_ref idref="oc-34d"/>
      </symbol>
      <symbol id="sm-3ec">
         <name>SemaphoreP_destruct</name>
         <value>0x2000e033</value>
         <object_component_ref idref="oc-4bc"/>
      </symbol>
      <symbol id="sm-3ed">
         <name>SemaphoreP_post</name>
         <value>0x2000deb1</value>
         <object_component_ref idref="oc-29b"/>
      </symbol>
      <symbol id="sm-3ee">
         <name>SemaphoreP_pend</name>
         <value>0x2000cfc5</value>
         <object_component_ref idref="oc-28f"/>
      </symbol>
      <symbol id="sm-3ef">
         <name>SemaphoreP_delete</name>
         <value>0x2000e61b</value>
         <object_component_ref idref="oc-289"/>
      </symbol>
      <symbol id="sm-3f0">
         <name>SemaphoreP_createBinary</name>
         <value>0x2000e3b9</value>
         <object_component_ref idref="oc-277"/>
      </symbol>
      <symbol id="sm-3f1">
         <name>SemaphoreP_Params_init</name>
         <value>0x2000e591</value>
         <object_component_ref idref="oc-347"/>
      </symbol>
      <symbol id="sm-3f2">
         <name>clkFxn</name>
         <value>0x2000e3d3</value>
         <object_component_ref idref="oc-37d"/>
      </symbol>
      <symbol id="sm-4d2">
         <name>ClockP_ctrl</name>
         <value>0x2000f110</value>
      </symbol>
      <symbol id="sm-4d3">
         <name>ClockP_doTick</name>
         <value>0x2000dafd</value>
         <object_component_ref idref="oc-79"/>
      </symbol>
      <symbol id="sm-4d4">
         <name>ClockP_startup</name>
         <value>0x2000e149</value>
         <object_component_ref idref="oc-3d3"/>
      </symbol>
      <symbol id="sm-4d5">
         <name>ClockP_stop</name>
         <value>0x2000dde5</value>
         <object_component_ref idref="oc-488"/>
      </symbol>
      <symbol id="sm-4d6">
         <name>ClockP_getTicksUntilInterrupt</name>
         <value>0x2000e115</value>
         <object_component_ref idref="oc-41e"/>
      </symbol>
      <symbol id="sm-4d7">
         <name>ClockP_setTicks</name>
         <value>0x2000e561</value>
         <object_component_ref idref="oc-446"/>
      </symbol>
      <symbol id="sm-4d8">
         <name>ClockP_tickPeriod</name>
         <value>0x2000ec3c</value>
         <object_component_ref idref="oc-3e5"/>
      </symbol>
      <symbol id="sm-4d9">
         <name>ClockP_usleep</name>
         <value>0x2000dc35</value>
         <object_component_ref idref="oc-2ea"/>
      </symbol>
      <symbol id="sm-4da">
         <name>ClockP_getSystemTicks</name>
         <value>0x2000e551</value>
         <object_component_ref idref="oc-42a"/>
      </symbol>
      <symbol id="sm-4db">
         <name>ClockP_destruct</name>
         <value>0x2000dfbd</value>
         <object_component_ref idref="oc-377"/>
      </symbol>
      <symbol id="sm-4dc">
         <name>ClockP_start</name>
         <value>0x2000e1b1</value>
         <object_component_ref idref="oc-365"/>
      </symbol>
      <symbol id="sm-4dd">
         <name>ClockP_sysTickHandler</name>
         <value>0x2000dafd</value>
         <object_component_ref idref="oc-79"/>
      </symbol>
      <symbol id="sm-4de">
         <name>ClockP_isActive</name>
         <value>0x2000e5f5</value>
         <object_component_ref idref="oc-371"/>
      </symbol>
      <symbol id="sm-4df">
         <name>ClockP_getCpuFreq</name>
         <value>0x2000e541</value>
         <object_component_ref idref="oc-40c"/>
      </symbol>
      <symbol id="sm-4e0">
         <name>ClockP_add</name>
         <value>0x2000e531</value>
         <object_component_ref idref="oc-35f"/>
      </symbol>
      <symbol id="sm-551">
         <name>HwiP_construct</name>
         <value>0x2000d2b9</value>
         <object_component_ref idref="oc-3b8"/>
      </symbol>
      <symbol id="sm-552">
         <name>HwiP_inISR</name>
         <value>0x2000e4bd</value>
         <object_component_ref idref="oc-38e"/>
      </symbol>
      <symbol id="sm-553">
         <name>HwiP_dispatch</name>
         <value>0x2000e2dd</value>
         <object_component_ref idref="oc-4a6"/>
      </symbol>
      <symbol id="sm-554">
         <name>HwiP_swiPIntNum</name>
         <value>0x2000ec38</value>
         <object_component_ref idref="oc-4ac"/>
      </symbol>
      <symbol id="sm-555">
         <name>HwiP_Params_init</name>
         <value>0x2000e50d</value>
         <object_component_ref idref="oc-2c2"/>
      </symbol>
      <symbol id="sm-556">
         <name>HwiP_disable</name>
         <value>0x2000e5b1</value>
         <object_component_ref idref="oc-27d"/>
      </symbol>
      <symbol id="sm-557">
         <name>HwiP_key</name>
         <value>0x2000ec34</value>
         <object_component_ref idref="oc-4ac"/>
      </symbol>
      <symbol id="sm-558">
         <name>HwiP_create</name>
         <value>0x2000e211</value>
         <object_component_ref idref="oc-2c8"/>
      </symbol>
      <symbol id="sm-559">
         <name>HwiP_post</name>
         <value>0x2000e617</value>
         <object_component_ref idref="oc-515"/>
      </symbol>
      <symbol id="sm-55a">
         <name>HwiP_enable</name>
         <value>0x2000e5bf</value>
         <object_component_ref idref="oc-15f"/>
      </symbol>
      <symbol id="sm-55b">
         <name>HwiP_restore</name>
         <value>0x2000e571</value>
         <object_component_ref idref="oc-283"/>
      </symbol>
      <symbol id="sm-58b">
         <name>PowerCC32XX_initPolicy</name>
         <value>0x2000dafb</value>
         <object_component_ref idref="oc-334"/>
      </symbol>
      <symbol id="sm-58c">
         <name>PowerCC32XX_sleepPolicy</name>
         <value>0x2000c661</value>
         <object_component_ref idref="oc-33a"/>
      </symbol>
      <symbol id="sm-5dc">
         <name>resetISR</name>
         <value>0x2000e3d5</value>
         <object_component_ref idref="oc-21"/>
      </symbol>
      <symbol id="sm-5dd">
         <name>resetVectorAddr</name>
         <value>0x2000e3e8</value>
         <object_component_ref idref="oc-21"/>
      </symbol>
      <symbol id="sm-5de">
         <name>initVectors</name>
         <value>0x2000e0a5</value>
         <object_component_ref idref="oc-59"/>
      </symbol>
      <symbol id="sm-5df">
         <name>resetVectors</name>
         <value>0x20004000</value>
         <object_component_ref idref="oc-27"/>
      </symbol>
      <symbol id="sm-60f">
         <name>SwiP_disable</name>
         <value>0x2000e365</value>
         <object_component_ref idref="oc-412"/>
      </symbol>
      <symbol id="sm-610">
         <name>SwiP_restore</name>
         <value>0x2000def5</value>
         <object_component_ref idref="oc-44c"/>
      </symbol>
      <symbol id="sm-61b">
         <name>CPUcpsid</name>
         <value>0x2000e4a7</value>
         <object_component_ref idref="oc-a3"/>
      </symbol>
      <symbol id="sm-660">
         <name>IntVTableBaseSet</name>
         <value>0x2000e4d1</value>
         <object_component_ref idref="oc-af"/>
      </symbol>
      <symbol id="sm-661">
         <name>IntEnable</name>
         <value>0x2000ce75</value>
         <object_component_ref idref="oc-b5"/>
      </symbol>
      <symbol id="sm-662">
         <name>IntMasterDisable</name>
         <value>0x2000e5ff</value>
         <object_component_ref idref="oc-53"/>
      </symbol>
      <symbol id="sm-663">
         <name>IntPendSet</name>
         <value>0x2000d345</value>
         <object_component_ref idref="oc-580"/>
      </symbol>
      <symbol id="sm-69d">
         <name>PinModeGet</name>
         <value>0x2000e17d</value>
         <object_component_ref idref="oc-25d"/>
      </symbol>
      <symbol id="sm-69e">
         <name>PinConfigSet</name>
         <value>0x2000d3cd</value>
         <object_component_ref idref="oc-2b6"/>
      </symbol>
      <symbol id="sm-69f">
         <name>PinModeSet</name>
         <value>0x2000df7d</value>
         <object_component_ref idref="oc-263"/>
      </symbol>
      <symbol id="sm-6a0">
         <name>PinToPadGet</name>
         <value>0x2000e349</value>
         <object_component_ref idref="oc-54e"/>
      </symbol>
      <symbol id="sm-769">
         <name>PRCMLPDSRestoreInfoSet</name>
         <value>0x2000de29</value>
         <object_component_ref idref="oc-562"/>
      </symbol>
      <symbol id="sm-76a">
         <name>PRCMPeripheralReset</name>
         <value>0x2000da51</value>
         <object_component_ref idref="oc-251"/>
      </symbol>
      <symbol id="sm-76b">
         <name>PRCMLPDSEnter</name>
         <value>0x2000dd55</value>
         <object_component_ref idref="oc-506"/>
      </symbol>
      <symbol id="sm-76c">
         <name>PRCMPeripheralClkEnable</name>
         <value>0x2000dd9d</value>
         <object_component_ref idref="oc-24b"/>
      </symbol>
      <symbol id="sm-76d">
         <name>PRCMLPDSEnterKeepDebugIf</name>
         <value>0x2000e035</value>
         <object_component_ref idref="oc-50c"/>
      </symbol>
      <symbol id="sm-76e">
         <name>PRCMCC3200MCUInit</name>
         <value>0x2000c041</value>
         <object_component_ref idref="oc-1ca"/>
      </symbol>
      <symbol id="sm-76f">
         <name>PRCMHIBRegWrite</name>
         <value>0x2000e467</value>
         <object_component_ref idref="oc-23f"/>
      </symbol>
      <symbol id="sm-770">
         <name>PRCMSysResetCauseGet</name>
         <value>0x2000d935</value>
         <object_component_ref idref="oc-238"/>
      </symbol>
      <symbol id="sm-771">
         <name>PRCMPeripheralClkDisable</name>
         <value>0x2000e23d</value>
         <object_component_ref idref="oc-257"/>
      </symbol>
      <symbol id="sm-772">
         <name>PRCMHIBRegRead</name>
         <value>0x2000e451</value>
         <object_component_ref idref="oc-245"/>
      </symbol>
      <symbol id="sm-777">
         <name>UtilsDelay</name>
         <value>0x2000e611</value>
         <object_component_ref idref="oc-23e"/>
      </symbol>
      <symbol id="sm-787">
         <name>FlashDisable</name>
         <value>0x2000dc7d</value>
         <object_component_ref idref="oc-578"/>
      </symbol>
      <symbol id="sm-790">
         <name>__aeabi_lmul</name>
         <value>0x2000e439</value>
         <object_component_ref idref="oc-441"/>
      </symbol>
      <symbol id="sm-7ab">
         <name>memcpy</name>
         <value>0x2000d065</value>
         <object_component_ref idref="oc-3b"/>
      </symbol>
      <symbol id="sm-7ac">
         <name>__aeabi_memcpy</name>
         <value>0x2000d065</value>
         <object_component_ref idref="oc-3b"/>
      </symbol>
      <symbol id="sm-7ad">
         <name>__aeabi_memcpy8</name>
         <value>0x2000d065</value>
         <object_component_ref idref="oc-3b"/>
      </symbol>
      <symbol id="sm-7ae">
         <name>__aeabi_memcpy4</name>
         <value>0x2000d065</value>
         <object_component_ref idref="oc-3b"/>
      </symbol>
      <symbol id="sm-7bb">
         <name>__aeabi_uldivmod</name>
         <value>0x2000d101</value>
         <object_component_ref idref="oc-436"/>
      </symbol>
      <symbol id="sm-7cf">
         <name>__TI_zero_init_nomemset</name>
         <value>0x2000e381</value>
         <object_component_ref idref="oc-47"/>
      </symbol>
      <symbol id="sm-7e6">
         <name>__TI_decompress_none</name>
         <value>0x2000e5cd</value>
         <object_component_ref idref="oc-1a"/>
      </symbol>
      <symbol id="sm-809">
         <name>__TI_decompress_lzss</name>
         <value>0x2000d741</value>
         <object_component_ref idref="oc-14"/>
      </symbol>
      <symbol id="sm-892">
         <name>_sys_memory</name>
         <value>0x20004040</value>
         <object_component_ref idref="oc-2a"/>
      </symbol>
      <symbol id="sm-893">
         <name>free</name>
         <value>0x2000ccd1</value>
         <object_component_ref idref="oc-358"/>
      </symbol>
      <symbol id="sm-894">
         <name>memalign</name>
         <value>0x2000cbd1</value>
         <object_component_ref idref="oc-49c"/>
      </symbol>
      <symbol id="sm-895">
         <name>malloc</name>
         <value>0x2000e609</value>
         <object_component_ref idref="oc-3b2"/>
      </symbol>
      <symbol id="sm-896">
         <name>aligned_alloc</name>
         <value>0x2000cbd1</value>
         <object_component_ref idref="oc-49c"/>
      </symbol>
      <symbol id="sm-8a8">
         <name>__stack</name>
         <value>0x20003000</value>
         <object_component_ref idref="oc-2d"/>
      </symbol>
      <symbol id="sm-8a9">
         <name>_c_int00_noargs</name>
         <value>0x2000e301</value>
         <object_component_ref idref="oc-c5"/>
      </symbol>
      <symbol id="sm-8b3">
         <name>__aeabi_idiv0</name>
         <value>0x2000e627</value>
         <object_component_ref idref="oc-4d7"/>
      </symbol>
      <symbol id="sm-8b4">
         <name>__aeabi_ldiv0</name>
         <value>0x2000e627</value>
         <object_component_ref idref="oc-4d7"/>
      </symbol>
      <symbol id="sm-8dd">
         <name>__TI_auto_init_nobinit_nopinit</name>
         <value>0x2000df39</value>
         <object_component_ref idref="oc-178"/>
      </symbol>
      <symbol id="sm-8e7">
         <name>_system_pre_init</name>
         <value>0x2000e61f</value>
         <object_component_ref idref="oc-119"/>
      </symbol>
      <symbol id="sm-8f3">
         <name>C$$EXIT</name>
         <value>0x2000e623</value>
         <object_component_ref idref="oc-16c"/>
      </symbol>
      <symbol id="sm-8f4">
         <name>abort</name>
         <value>0x2000e623</value>
         <object_component_ref idref="oc-16c"/>
      </symbol>
      <symbol id="sm-909">
         <name>_nop</name>
         <value>0x2000e23b</value>
         <object_component_ref idref="oc-2fc"/>
      </symbol>
      <symbol id="sm-90a">
         <name>_lock</name>
         <value>0x2000ec1c</value>
         <object_component_ref idref="oc-210"/>
      </symbol>
      <symbol id="sm-90b">
         <name>_unlock</name>
         <value>0x2000ec20</value>
         <object_component_ref idref="oc-210"/>
      </symbol>
      <symbol id="sm-90d">
         <name>__TI_static_base__</name>
         <value>0x2000f140</value>
      </symbol>
      <symbol id="sm-910">
         <name>ITM_flush</name>
         <value>0x0</value>
      </symbol>
      <symbol id="sm-911">
         <name>ITM_restore</name>
         <value>0x0</value>
      </symbol>
      <symbol id="sm-912">
         <name>__mpu_init</name>
         <value>0x0</value>
      </symbol>
      <symbol id="sm-913">
         <name>_system_post_cinit</name>
         <value>0x0</value>
      </symbol>
      <symbol id="sm-914">
         <name>usleep</name>
         <value>0x2000dc35</value>
      </symbol>
      <symbol id="sm-915">
         <name>NoRTOS_start</name>
         <value>0x2000e5bf</value>
      </symbol>
   </symbol_table>
   <title>Link successful</title>
</link_info>
