******************************************************************************
                  TI ARM Linker PC v20.2.5                     
******************************************************************************
>> Linked Sat Oct 30 11:27:26 2021

OUTPUT FILE NAME:   <pwmled2_CC3220S_LAUNCHXL_nortos_ccs.out>
ENTRY POINT SYMBOL: "resetISR"  address: 2000e359


MEMORY CONFIGURATION

         name            origin    length      used     unused   attr    fill
----------------------  --------  ---------  --------  --------  ----  --------
  SRAM2                 20000000   00004000  0000130c  00002cf4  RW X
  SRAM                  20004000   0003c000  0000ad14  000312ec  RW X
  LOG_DATA              90000000   00040000  00000000  00040000  R   


SEGMENT ALLOCATION MAP

run origin  load origin   length   init length attrs members
----------  ----------- ---------- ----------- ----- -------
20003000    20003000    00001000   00000000    rw-
  20003000    20003000    00001000   00000000    rw- .stack
20004000    20004000    00000040   00000040    r--
  20004000    20004000    00000040   00000040    r-- .resetVecs
20004040    20004040    00008000   00000000    rw-
  20004040    20004040    00008000   00000000    rw- .sysmem
2000c040    2000c040    000027e3   000027e3    r-x
  2000c040    2000c040    00002520   00002520    r-x .text
  2000e560    2000e560    000002c3   000002c3    r-- .const
2000e824    2000e824    0000027d   00000000    rw-
  2000e824    2000e824    0000027d   00000000    rw- .data
2000eaa8    2000eaa8    0000019c   00000000    rw-
  2000eaa8    2000eaa8    0000019c   00000000    rw- .bss
2000ec48    2000ec48    000000d8   000000d8    r--
  2000ec48    2000ec48    000000d8   000000d8    r-- .cinit


SECTION ALLOCATION MAP

 output                                  attributes/
section   page    origin      length       input sections
--------  ----  ----------  ----------   ----------------
.text      0    2000c040    00002520     
                  2000c040    0000042c     driverlib.a : prcm.obj (.text:PRCMCC3200MCUInit)
                  2000c46c    0000019c     nortos_cc32xx.a : PowerCC32XX_nortos.oem4 (.text:PowerCC32XX_sleepPolicy)
                  2000c608    00000148     drivers_cc32xx.a : PowerCC32XX.oem4 (.text:parkPins)
                  2000c750    00000140                      : PWMTimerCC32XX.oem4 (.text:PWMTimerCC32XX_setDutyAndPeriod)
                  2000c890    00000138                      : PowerCC32XX.oem4 (.text:Power_sleep)
                  2000c9c8    000000f0                      : PWMTimerCC32XX.oem4 (.text:PWMTimerCC32XX_open)
                  2000cab8    000000d8     pwmled2.obj (.text:mainThread)
                  2000cb90    000000c4     drivers_cc32xx.a : PWMTimerCC32XX.oem4 (.text:PWMTimerCC32XX_stop)
                  2000cc54    000000c0                      : PowerCC32XX.oem4 (.text:restoreParkedPins)
                  2000cd14    000000b8                      : PWMTimerCC32XX.oem4 (.text:PWMTimerCC32XX_setDuty)
                  2000cdcc    000000a8     driverlib.a : interrupt.obj (.text:IntEnable)
                  2000ce74    000000a8     drivers_cc32xx.a : PowerCC32XX.oem4 (.text:PowerCC32XX_configureWakeup)
                  2000cf1c    000000a4                      : PWMTimerCC32XX.oem4 (.text:initHw)
                  2000cfc0    000000a0     nortos_cc32xx.a : SemaphoreP_nortos.oem4 (.text:SemaphoreP_pend)
                  2000d060    0000009c     rtsv7M4_T_le_eabi.lib : memcpy_t2.asm.obj (.text)
                  2000d0fc    00000098     drivers_cc32xx.a : PWMTimerCC32XX.oem4 (.text:PWMTimerCC32XX_setPeriod)
                  2000d194    00000096     rtsv7M4_T_le_eabi.lib : ull_div_t2.asm.obj (.text)
                  2000d22a    00000002     ti_drivers_config.obj (.text:Board_initHook)
                  2000d22c    00000090     drivers_cc32xx.a : PowerCC32XX.oem4 (.text:restoreNVICRegs)
                  2000d2bc    00000088     driverlib.a : interrupt.obj (.text:IntPendSet)
                  2000d344    00000088     drivers_cc32xx.a : PWMTimerCC32XX.oem4 (.text:PWMTimerCC32XX_close)
                  2000d3cc    00000088     driverlib.a : pin.obj (.text:PinConfigSet)
                  2000d454    00000084     drivers_cc32xx.a : PowerCC32XX.oem4 (.text:Power_init)
                  2000d4d8    00000084                      : PowerCC32XX.oem4 (.text:saveNVICRegs)
                  2000d55c    00000080                      : PowerCC32XX.oem4 (.text:Power_setDependency)
                  2000d5dc    00000068                      : PWMTimerCC32XX.oem4 (.text:PWMTimerCC32XX_start)
                  2000d644    00000068     rtsv7M4_T_le_eabi.lib : copy_decompress_lzss.c.obj (.text:decompress:lzss:__TI_decompress_lzss)
                  2000d6ac    00000064     drivers_cc32xx.a : PowerCC32XX.oem4 (.text:PowerCC32XX_setParkState)
                  2000d710    00000060     driverlib.a : prcm.obj (.text:PRCMSysResetCauseGet)
                  2000d770    00000060     nortos_cc32xx.a : ClockPSysTick_nortos.oem4 (.text:getTimeUsec)
                  2000d7d0    0000005c                     : ClockPSysTick_nortos.oem4 (.text:sysTickInit)
                  2000d82c    00000058     driverlib.a : prcm.obj (.text:PRCMPeripheralReset)
                  2000d884    00000058     drivers_cc32xx.a : PowerCC32XX.oem4 (.text:Power_releaseDependency)
                  2000d8dc    00000052                      : PowerCC32XX_asm.oem4 (.text:PowerCC32XX_resumeLPDS)
                  2000d92e    00000002                      : PWMTimerCC32XX.oem4 (.text:PWMTimerCC32XX_init)
                  2000d930    00000050     nortos_cc32xx.a : ClockPSysTick_nortos.oem4 (.text:ClockP_sysTickHandler)
                  2000d980    00000050                     : SemaphoreP_nortos.oem4 (.text:SemaphoreP_construct)
                  2000d9d0    00000050     drivers_cc32xx.a : TimerCC32XX.oem4 (.text:TimerCC32XX_allocateTimerResource)
                  2000da20    0000004c                      : PowerCC32XX.oem4 (.text:PowerCC32XX_parkPin)
                  2000da6c    0000004c                      : PWMTimerCC32XX.oem4 (.text:getDutyCounts)
                  2000dab8    0000004c                      : PWMTimerCC32XX.oem4 (.text:getPeriodCounts)
                  2000db04    0000004c                      : PowerCC32XX.oem4 (.text:restorePeriphClocks)
                  2000db50    00000048     nortos_cc32xx.a : ClockPSysTick_nortos.oem4 (.text:ClockP_usleep)
                  2000db98    00000048     driverlib.a : flash.obj (.text:FlashDisable)
                  2000dbe0    00000048                 : prcm.obj (.text:PRCMLPDSEnter)
                  2000dc28    00000048                 : prcm.obj (.text:PRCMPeripheralClkEnable)
                  2000dc70    00000048     drivers_cc32xx.a : PowerCC32XX.oem4 (.text:Power_releaseConstraint)
                  2000dcb8    00000044     nortos_cc32xx.a : ClockPSysTick_nortos.oem4 (.text:ClockP_stop)
                  2000dcfc    00000044     driverlib.a : prcm.obj (.text:PRCMLPDSRestoreInfoSet)
                  2000dd40    00000044     drivers_cc32xx.a : PWM.oem4 (.text:PWM_init)
                  2000dd84    00000044                      : PowerCC32XX_asm.oem4 (.text:PowerCC32XX_enterLPDS)
                  2000ddc8    00000044     nortos_cc32xx.a : SwiP_nortos.oem4 (.text:SwiP_restore)
                  2000de0c    00000044     rtsv7M4_T_le_eabi.lib : autoinit.c.obj (.text:__TI_auto_init_nobinit_nopinit:__TI_auto_init_nobinit_nopinit)
                  2000de50    00000040     drivers_cc32xx.a : PWM.oem4 (.text:PWM_open)
                  2000de90    00000040     driverlib.a : pin.obj (.text:PinModeSet)
                  2000ded0    0000003c     nortos_cc32xx.a : ClockPSysTick_nortos.oem4 (.text:ClockP_destruct)
                  2000df0c    0000003c     drivers_cc32xx.a : PowerCC32XX.oem4 (.text:Power_setConstraint)
                  2000df48    0000003a     nortos_cc32xx.a : PowerCC32XX_nortos.oem4 (.text:getCountsRTC)
                  2000df82    0000003a     drivers_cc32xx.a : PWMTimerCC32XX.oem4 (.text:getPowerMgrId)
                  2000dfbc    00000038     driverlib.a : prcm.obj (.text:PRCMLPDSEnterKeepDebugIf)
                  2000dff4    00000038     nortos_cc32xx.a : ClockPSysTick_nortos.oem4 (.text:addToList)
                  2000e02c    00000038                     : startup_cc32xx_ccs.oem4 (.text:initVectors)
                  2000e064    00000038     drivers_cc32xx.a : PowerCC32XX.oem4 (.text:notify)
                  2000e09c    00000034     nortos_cc32xx.a : ClockPSysTick_nortos.oem4 (.text:ClockP_getTicksUntilInterrupt)
                  2000e0d0    00000034                     : ClockPSysTick_nortos.oem4 (.text:ClockP_startup)
                  2000e104    00000034     driverlib.a : pin.obj (.text:PinModeGet)
                  2000e138    00000034     drivers_cc32xx.a : TimerCC32XX.oem4 (.text:TimerCC32XX_freeTimerResource)
                  2000e16c    00000034                      : TimerCC32XX.oem4 (.text:getPowerMgrId)
                  2000e1a0    00000030     nortos_cc32xx.a : ClockPSysTick_nortos.oem4 (.text:ClockP_start)
                  2000e1d0    00000030     drivers_cc32xx.a : PowerCC32XX.oem4 (.text:PowerCC32XX_restoreParkedPin)
                  2000e200    00000028     driverlib.a : prcm.obj (.text:PRCMPeripheralClkDisable)
                  2000e228    00000028     drivers_cc32xx.a : PowerCC32XX.oem4 (.text:Power_registerNotify)
                  2000e250    00000026                      : List.oem4 (.text:List_put)
                  2000e276    00000026                      : List.oem4 (.text:List_remove)
                  2000e29c    00000024     rtsv7M4_T_le_eabi.lib : boot_cortex_m.c.obj (.text:_c_int00_noargs:_c_int00_noargs)
                  2000e2c0    00000024     nortos_cc32xx.a : ClockPSysTick_nortos.oem4 (.text:sleepTicks)
                  2000e2e4    00000020     drivers_cc32xx.a : PowerCC32XX.oem4 (.text:Power_unregisterNotify)
                  2000e304    0000001c     driverlib.a : pin.obj (.text:PinToPadGet)
                  2000e320    0000001c     nortos_cc32xx.a : SwiP_nortos.oem4 (.text:SwiP_disable)
                  2000e33c    0000001c     rtsv7M4_T_le_eabi.lib : copy_zero_init.c.obj (.text:decompress:ZI:__TI_zero_init_nomemset:__TI_zero_init_nomemset)
                  2000e358    0000001a     nortos_cc32xx.a : startup_cc32xx_ccs.oem4 (.text:resetISR)
                  2000e372    00000002                     : PowerCC32XX_nortos.oem4 (.text:PowerCC32XX_initPolicy)
                  2000e374    00000018     drivers_cc32xx.a : PowerCC32XX.oem4 (.text:Power_getTransitionLatency)
                  2000e38c    00000018                      : PowerCC32XX.oem4 (.text:Power_idleFunc)
                  2000e3a4    00000018     rtsv7M4_T_le_eabi.lib : ll_mul_t2.asm.obj (.text)
                  2000e3bc    00000016     driverlib.a : prcm.obj (.text:PRCMHIBRegRead)
                  2000e3d2    00000016                 : prcm.obj (.text:PRCMHIBRegWrite)
                  2000e3e8    00000014                 : cpu.obj (.text:CPUcpsid)
                  2000e3fc    00000014                 : interrupt.obj (.text:IntVTableBaseSet)
                  2000e410    00000014     drivers_cc32xx.a : PWM.oem4 (.text:PWM_Params_init)
                  2000e424    00000014                      : PowerCC32XX.oem4 (.text:Power_getDependencyCount)
                  2000e438    00000012     main_nortos.obj (.text:main)
                  2000e44a    00000012     drivers_cc32xx.a : PWMTimerCC32XX.oem4 (.text:postNotifyFxn)
                  2000e45c    00000010     ti_drivers_config.obj (.text:Board_init)
                  2000e46c    00000010     nortos_cc32xx.a : ClockPSysTick_nortos.oem4 (.text:ClockP_add)
                  2000e47c    00000010                     : ClockPSysTick_nortos.oem4 (.text:ClockP_getCpuFreq)
                  2000e48c    00000010                     : ClockPSysTick_nortos.oem4 (.text:ClockP_getSystemTicks)
                  2000e49c    00000010                     : ClockPSysTick_nortos.oem4 (.text:ClockP_setTicks)
                  2000e4ac    00000010                     : HwiPCC32XX_nortos.oem4 (.text:HwiP_restore)
                  2000e4bc    00000010     drivers_cc32xx.a : PowerCC32XX.oem4 (.text:Power_enablePolicy)
                  2000e4cc    00000010     nortos_cc32xx.a : SemaphoreP_nortos.oem4 (.text:SemaphoreP_Params_init)
                  2000e4dc    0000000e                     : HwiPCC32XX_nortos.oem4 (.text:HwiP_disable)
                  2000e4ea    0000000e                     : HwiPCC32XX_nortos.oem4 (.text:HwiP_enable)
                  2000e4f8    0000000e     rtsv7M4_T_le_eabi.lib : copy_decompress_none.c.obj (.text:decompress:none:__TI_decompress_none)
                  2000e506    00000002     nortos_cc32xx.a : SemaphoreP_nortos.oem4 (.text:SemaphoreP_destruct)
                  2000e508    0000000c     drivers_cc32xx.a : PowerCC32XX.oem4 (.text:Power_getConstraintMask)
                  2000e514    0000000a     nortos_cc32xx.a : ClockPSysTick_nortos.oem4 (.text:ClockP_isActive)
                  2000e51e    0000000a     driverlib.a : interrupt.obj (.text:IntMasterDisable)
                  2000e528    0000000a     drivers_cc32xx.a : PWM.oem4 (.text:PWM_setDuty)
                  2000e532    0000000a                      : PWM.oem4 (.text:PWM_start)
                  2000e53c    00000006                      : PWMTimerCC32XX.oem4 (.text:PWMTimerCC32XX_control)
                  2000e542    00000006     driverlib.a : utils.obj (.text:UtilsDelay)
                  2000e548    00000004     nortos_cc32xx.a : HwiPCC32XX_nortos.oem4 (.text:HwiP_post)
                  2000e54c    00000004     rtsv7M4_T_le_eabi.lib : pre_init.c.obj (.text:_system_pre_init)
                  2000e550    00000004                           : exit.c.obj (.text:abort:abort)
                  2000e554    00000002     nortos_cc32xx.a : startup_cc32xx_ccs.oem4 (.text:busFaultHandler)
                  2000e556    00000002                     : SemaphoreP_nortos.oem4 (.text:clkFxn)
                  2000e558    00000002                     : startup_cc32xx_ccs.oem4 (.text:defaultHandler)
                  2000e55a    00000002                     : startup_cc32xx_ccs.oem4 (.text:faultISR)
                  2000e55c    00000002                     : startup_cc32xx_ccs.oem4 (.text:nmiISR)
                  2000e55e    00000002     rtsv7M4_T_le_eabi.lib : div0.asm.obj (.text)

.const     0    2000e560    000002c3     
                  2000e560    00000100     driverlib.a : pin.obj (.const:g_ulPinToPadMap)
                  2000e660    000000a8                 : prcm.obj (.const:PRCM_PeriphRegsList)
                  2000e708    00000044     ti_drivers_config.obj (.const:PowerCC32XX_config)
                  2000e74c    00000024     drivers_cc32xx.a : PWMTimerCC32XX.oem4 (.const:PWMTimerCC32XX_fxnTable)
                  2000e770    00000020                      : PWMTimerCC32XX.oem4 (.const:gpioPinIndexes)
                  2000e790    00000018     ti_drivers_config.obj (.const:PWM_config)
                  2000e7a8    00000018     drivers_cc32xx.a : PWM.oem4 (.const:PWM_defaultParams)
                  2000e7c0    00000018     driverlib.a : interrupt.obj (.const:g_pulEnRegs)
                  2000e7d8    00000018                 : interrupt.obj (.const:g_pulPendRegs)
                  2000e7f0    00000010     drivers_cc32xx.a : PWMTimerCC32XX.oem4 (.const:gpioBaseAddresses)
                  2000e800    00000010                      : PWMTimerCC32XX.oem4 (.const:timerBaseAddresses)
                  2000e810    00000008     ti_drivers_config.obj (.const:pwmTimerCC32XXHWAttrs)
                  2000e818    00000008     drivers_cc32xx.a : PWMTimerCC32XX.oem4 (.const:timerHalves)
                  2000e820    00000003     ti_drivers_config.obj (.const)

.cinit     0    2000ec48    000000d8     
                  2000ec48    000000b0     (.cinit..data.load) [load image, compression = lzss]
                  2000ecf8    0000000c     (__TI_handler_table)
                  2000ed04    00000004     --HOLE-- [fill = 0]
                  2000ed08    00000008     (.cinit..bss.load) [load image, compression = zero_init]
                  2000ed10    00000010     (__TI_cinit_table)

.init_array 
*          0    20004000    00000000     UNINITIALIZED

.ramVecs   0    20000000    0000030c     NOLOAD SECTION
                  20000000    0000030c     nortos_cc32xx.a : startup_cc32xx_ccs.oem4 (.ramVecs)

.stack     0    20003000    00001000     UNINITIALIZED
                  20003000    00000004     rtsv7M4_T_le_eabi.lib : boot_cortex_m.c.obj (.stack)
                  20003004    00000ffc     --HOLE--

.resetVecs 
*          0    20004000    00000040     
                  20004000    00000040     nortos_cc32xx.a : startup_cc32xx_ccs.oem4 (.resetVecs:retain)

.sysmem    0    20004040    00008000     UNINITIALIZED
                  20004040    00000010     rtsv7M4_T_le_eabi.lib : memory.c.obj (.sysmem)
                  20004050    00007ff0     --HOLE--

.data      0    2000e824    0000027d     UNINITIALIZED
                  2000e824    0000016c     drivers_cc32xx.a : PowerCC32XX.oem4 (.data:PowerCC32XX_module)
                  2000e990    000000f8     ti_drivers_config.obj (.data:parkInfo)
                  2000ea88    00000008     nortos_cc32xx.a : SemaphoreP_nortos.oem4 (.data:SemaphoreP_defaultParams)
                  2000ea90    00000008                     : HwiPCC32XX_nortos.oem4 (.data)
                  2000ea98    00000005                     : ClockPSysTick_nortos.oem4 (.data)
                  2000ea9d    00000003                     : SemaphoreP_nortos.oem4 (.data)
                  2000eaa0    00000001     drivers_cc32xx.a : PWM.oem4 (.data)

.bss       0    2000eaa8    0000019c     UNINITIALIZED
                  2000eaa8    0000012c     (.common:PowerCC32XX_contextSave)
                  2000ebd4    00000048     (.common:pwmTimerCC32XXObjects)
                  2000ec1c    00000004     nortos_cc32xx.a : ClockPSysTick_nortos.oem4 (.bss)
                  2000ec20    00000010     (.common:ClockP_ctrl)
                  2000ec30    0000000d                     : SwiP_nortos.oem4 (.bss)
                  2000ec3d    00000003     --HOLE--
                  2000ec40    00000004     drivers_cc32xx.a : TimerCC32XX.oem4 (.bss:timerState)

.log_data 
*          0    90000000    00000000     COPY SECTION

__llvm_prf_cnts 
*          0    20004000    00000000     UNINITIALIZED

MODULE SUMMARY

       Module                       code   ro data   rw data
       ------                       ----   -------   -------
    .\
       pwmled2.obj                  216    0         0      
       main_nortos.obj              18     0         0      
    +--+----------------------------+------+---------+---------+
       Total:                       234    0         0      
                                                            
    .\syscfg\
       ti_drivers_config.obj        18     103       320    
    +--+----------------------------+------+---------+---------+
       Total:                       18     103       320    
                                                            
    C:/ti/simplelink_cc32xx_sdk_5_20_00_06/kernel/nortos/lib/ccs/m4/nortos_cc32xx.a
       startup_cc32xx_ccs.oem4      90     64        780    
       ClockPSysTick_nortos.oem4    786    0         25     
       PowerCC32XX_nortos.oem4      472    0         0      
       SemaphoreP_nortos.oem4       260    0         11     
       SwiP_nortos.oem4             96     0         13     
       HwiPCC32XX_nortos.oem4       48     0         8      
    +--+----------------------------+------+---------+---------+
       Total:                       1752   64        837    
                                                            
    C:/ti/simplelink_cc32xx_sdk_5_20_00_06/source/ti/devices/cc32xx/driverlib/ccs/Release/driverlib.a
       prcm.obj                     1604   168       0      
       pin.obj                      280    256       0      
       interrupt.obj                334    48        0      
       flash.obj                    72     0         0      
       cpu.obj                      20     0         0      
       utils.obj                    6      0         0      
    +--+----------------------------+------+---------+---------+
       Total:                       2316   472       0      
                                                            
    C:/ti/simplelink_cc32xx_sdk_5_20_00_06/source/ti/drivers/lib/ccs/m4/drivers_cc32xx.a
       PowerCC32XX.oem4             2280   0         664    
       PWMTimerCC32XX.oem4          1732   108       0      
       PWM.oem4                     172    24        1      
       TimerCC32XX.oem4             184    0         4      
       PowerCC32XX_asm.oem4         150    0         0      
       List.oem4                    76     0         0      
    +--+----------------------------+------+---------+---------+
       Total:                       4594   132       669    
                                                            
    C:\ti\ccs1040\ccs\tools\compiler\ti-cgt-arm_20.2.5.LTS\lib\rtsv7M4_T_le_eabi.lib
       memcpy_t2.asm.obj            156    0         0      
       ull_div_t2.asm.obj           150    0         0      
       copy_decompress_lzss.c.obj   104    0         0      
       autoinit.c.obj               68     0         0      
       boot_cortex_m.c.obj          36     0         0      
       copy_zero_init.c.obj         28     0         0      
       ll_mul_t2.asm.obj            24     0         0      
       copy_decompress_none.c.obj   14     0         0      
       exit.c.obj                   4      0         0      
       pre_init.c.obj               4      0         0      
       div0.asm.obj                 2      0         0      
    +--+----------------------------+------+---------+---------+
       Total:                       590    0         0      
                                                            
       Heap:                        0      0         32768  
       Stack:                       0      0         4096   
       Linker Generated:            0      212       0      
    +--+----------------------------+------+---------+---------+
       Grand Total:                 9504   983       38690  


LINKER GENERATED COPY TABLES

__TI_cinit_table @ 2000ed10 records: 2, size/record: 8, table size: 16
	.data: load addr=2000ec48, load size=000000b0 bytes, run addr=2000e824, run size=0000027d bytes, compression=lzss
	.bss: load addr=2000ed08, load size=00000008 bytes, run addr=2000eaa8, run size=0000019c bytes, compression=zero_init


LINKER GENERATED HANDLER TABLE

__TI_handler_table @ 2000ecf8 records: 3, size/record: 4, table size: 12
	index: 0, handler: __TI_decompress_lzss
	index: 1, handler: __TI_decompress_none
	index: 2, handler: __TI_zero_init


GLOBAL SYMBOLS: SORTED ALPHABETICALLY BY Name 

address   name                             
-------   ----                             
2000e45d  Board_init                       
2000d22b  Board_initHook                   
2000e551  C$$EXIT                          
2000e820  CONFIG_PWM_0_CONST               
2000e821  CONFIG_PWM_1_CONST               
2000e3e9  CPUcpsid                         
2000e46d  ClockP_add                       
2000ec20  ClockP_ctrl                      
2000ded1  ClockP_destruct                  
2000d931  ClockP_doTick                    
2000e47d  ClockP_getCpuFreq                
2000e48d  ClockP_getSystemTicks            
2000e09d  ClockP_getTicksUntilInterrupt    
2000e515  ClockP_isActive                  
2000e49d  ClockP_setTicks                  
2000e1a1  ClockP_start                     
2000e0d1  ClockP_startup                   
2000dcb9  ClockP_stop                      
2000d931  ClockP_sysTickHandler            
2000ea98  ClockP_tickPeriod                
2000db51  ClockP_usleep                    
2000db99  FlashDisable                     
2000e4dd  HwiP_disable                     
2000e4eb  HwiP_enable                      
2000ea90  HwiP_key                         
2000e549  HwiP_post                        
2000e4ad  HwiP_restore                     
2000ea94  HwiP_swiPIntNum                  
UNDEFED   ITM_flush                        
UNDEFED   ITM_restore                      
2000cdcd  IntEnable                        
2000e51f  IntMasterDisable                 
2000d2bd  IntPendSet                       
2000e3fd  IntVTableBaseSet                 
2000e251  List_put                         
2000e277  List_remove                      
2000e4eb  NoRTOS_start                     
2000c041  PRCMCC3200MCUInit                
2000e3bd  PRCMHIBRegRead                   
2000e3d3  PRCMHIBRegWrite                  
2000dbe1  PRCMLPDSEnter                    
2000dfbd  PRCMLPDSEnterKeepDebugIf         
2000dcfd  PRCMLPDSRestoreInfoSet           
2000e201  PRCMPeripheralClkDisable         
2000dc29  PRCMPeripheralClkEnable          
2000d82d  PRCMPeripheralReset              
2000d711  PRCMSysResetCauseGet             
2000d345  PWMTimerCC32XX_close             
2000e53d  PWMTimerCC32XX_control           
2000e74c  PWMTimerCC32XX_fxnTable          
2000d92f  PWMTimerCC32XX_init              
2000c9c9  PWMTimerCC32XX_open              
2000cd15  PWMTimerCC32XX_setDuty           
2000c751  PWMTimerCC32XX_setDutyAndPeriod  
2000d0fd  PWMTimerCC32XX_setPeriod         
2000d5dd  PWMTimerCC32XX_start             
2000cb91  PWMTimerCC32XX_stop              
2000e411  PWM_Params_init                  
2000e790  PWM_config                       
2000e822  PWM_count                        
2000e7a8  PWM_defaultParams                
2000dd41  PWM_init                         
2000de51  PWM_open                         
2000e529  PWM_setDuty                      
2000e533  PWM_start                        
2000d3cd  PinConfigSet                     
2000e105  PinModeGet                       
2000de91  PinModeSet                       
2000e305  PinToPadGet                      
2000e708  PowerCC32XX_config               
2000ce75  PowerCC32XX_configureWakeup      
2000eaa8  PowerCC32XX_contextSave          
2000dd85  PowerCC32XX_enterLPDS            
2000e373  PowerCC32XX_initPolicy           
2000e824  PowerCC32XX_module               
2000da21  PowerCC32XX_parkPin              
2000e1d1  PowerCC32XX_restoreParkedPin     
2000d8dd  PowerCC32XX_resumeLPDS           
2000d6ad  PowerCC32XX_setParkState         
2000c46d  PowerCC32XX_sleepPolicy          
2000e4bd  Power_enablePolicy               
2000e509  Power_getConstraintMask          
2000e425  Power_getDependencyCount         
2000e375  Power_getTransitionLatency       
2000e38d  Power_idleFunc                   
2000d455  Power_init                       
2000e229  Power_registerNotify             
2000dc71  Power_releaseConstraint          
2000d885  Power_releaseDependency          
2000df0d  Power_setConstraint              
2000d55d  Power_setDependency              
2000c891  Power_sleep                      
2000e2e5  Power_unregisterNotify           
2000e4cd  SemaphoreP_Params_init           
2000d981  SemaphoreP_construct             
2000ea88  SemaphoreP_defaultParams         
2000e507  SemaphoreP_destruct              
2000cfc1  SemaphoreP_pend                  
2000e321  SwiP_disable                     
2000ddc9  SwiP_restore                     
2000d9d1  TimerCC32XX_allocateTimerResource
2000e139  TimerCC32XX_freeTimerResource    
2000e543  UtilsDelay                       
20004000  __STACK_END                      
00001000  __STACK_SIZE                     
00008000  __SYSMEM_SIZE                    
2000ed10  __TI_CINIT_Base                  
2000ed20  __TI_CINIT_Limit                 
2000ecf8  __TI_Handler_Table_Base          
2000ed04  __TI_Handler_Table_Limit         
2000de0d  __TI_auto_init_nobinit_nopinit   
2000d645  __TI_decompress_lzss             
2000e4f9  __TI_decompress_none             
ffffffff  __TI_pprof_out_hndl              
ffffffff  __TI_prof_data_size              
ffffffff  __TI_prof_data_start             
2000ec48  __TI_static_base__               
2000e33d  __TI_zero_init_nomemset          
2000e55f  __aeabi_idiv0                    
2000e55f  __aeabi_ldiv0                    
2000e3a5  __aeabi_lmul                     
2000d061  __aeabi_memcpy                   
2000d061  __aeabi_memcpy4                  
2000d061  __aeabi_memcpy8                  
2000d195  __aeabi_uldivmod                 
ffffffff  __binit__                        
ffffffff  __c_args__                       
UNDEFED   __mpu_init                       
20003000  __stack                          
20004000  __start___llvm_prf_cnts          
20004000  __stop___llvm_prf_cnts           
2000e29d  _c_int00_noargs                  
20004040  _sys_memory                      
UNDEFED   _system_post_cinit               
2000e54d  _system_pre_init                 
2000e551  abort                            
ffffffff  binit                            
2000e557  clkFxn                           
2000e02d  initVectors                      
2000e439  main                             
2000cab9  mainThread                       
2000d061  memcpy                           
2000e990  parkInfo                         
2000e810  pwmTimerCC32XXHWAttrs            
2000ebd4  pwmTimerCC32XXObjects            
2000e359  resetISR                         
2000e36c  resetVectorAddr                  
20004000  resetVectors                     
2000db51  usleep                           


GLOBAL SYMBOLS: SORTED BY Symbol Address 

address   name                             
-------   ----                             
00001000  __STACK_SIZE                     
00008000  __SYSMEM_SIZE                    
20003000  __stack                          
20004000  __STACK_END                      
20004000  __start___llvm_prf_cnts          
20004000  __stop___llvm_prf_cnts           
20004000  resetVectors                     
20004040  _sys_memory                      
2000c041  PRCMCC3200MCUInit                
2000c46d  PowerCC32XX_sleepPolicy          
2000c751  PWMTimerCC32XX_setDutyAndPeriod  
2000c891  Power_sleep                      
2000c9c9  PWMTimerCC32XX_open              
2000cab9  mainThread                       
2000cb91  PWMTimerCC32XX_stop              
2000cd15  PWMTimerCC32XX_setDuty           
2000cdcd  IntEnable                        
2000ce75  PowerCC32XX_configureWakeup      
2000cfc1  SemaphoreP_pend                  
2000d061  __aeabi_memcpy                   
2000d061  __aeabi_memcpy4                  
2000d061  __aeabi_memcpy8                  
2000d061  memcpy                           
2000d0fd  PWMTimerCC32XX_setPeriod         
2000d195  __aeabi_uldivmod                 
2000d22b  Board_initHook                   
2000d2bd  IntPendSet                       
2000d345  PWMTimerCC32XX_close             
2000d3cd  PinConfigSet                     
2000d455  Power_init                       
2000d55d  Power_setDependency              
2000d5dd  PWMTimerCC32XX_start             
2000d645  __TI_decompress_lzss             
2000d6ad  PowerCC32XX_setParkState         
2000d711  PRCMSysResetCauseGet             
2000d82d  PRCMPeripheralReset              
2000d885  Power_releaseDependency          
2000d8dd  PowerCC32XX_resumeLPDS           
2000d92f  PWMTimerCC32XX_init              
2000d931  ClockP_doTick                    
2000d931  ClockP_sysTickHandler            
2000d981  SemaphoreP_construct             
2000d9d1  TimerCC32XX_allocateTimerResource
2000da21  PowerCC32XX_parkPin              
2000db51  ClockP_usleep                    
2000db51  usleep                           
2000db99  FlashDisable                     
2000dbe1  PRCMLPDSEnter                    
2000dc29  PRCMPeripheralClkEnable          
2000dc71  Power_releaseConstraint          
2000dcb9  ClockP_stop                      
2000dcfd  PRCMLPDSRestoreInfoSet           
2000dd41  PWM_init                         
2000dd85  PowerCC32XX_enterLPDS            
2000ddc9  SwiP_restore                     
2000de0d  __TI_auto_init_nobinit_nopinit   
2000de51  PWM_open                         
2000de91  PinModeSet                       
2000ded1  ClockP_destruct                  
2000df0d  Power_setConstraint              
2000dfbd  PRCMLPDSEnterKeepDebugIf         
2000e02d  initVectors                      
2000e09d  ClockP_getTicksUntilInterrupt    
2000e0d1  ClockP_startup                   
2000e105  PinModeGet                       
2000e139  TimerCC32XX_freeTimerResource    
2000e1a1  ClockP_start                     
2000e1d1  PowerCC32XX_restoreParkedPin     
2000e201  PRCMPeripheralClkDisable         
2000e229  Power_registerNotify             
2000e251  List_put                         
2000e277  List_remove                      
2000e29d  _c_int00_noargs                  
2000e2e5  Power_unregisterNotify           
2000e305  PinToPadGet                      
2000e321  SwiP_disable                     
2000e33d  __TI_zero_init_nomemset          
2000e359  resetISR                         
2000e36c  resetVectorAddr                  
2000e373  PowerCC32XX_initPolicy           
2000e375  Power_getTransitionLatency       
2000e38d  Power_idleFunc                   
2000e3a5  __aeabi_lmul                     
2000e3bd  PRCMHIBRegRead                   
2000e3d3  PRCMHIBRegWrite                  
2000e3e9  CPUcpsid                         
2000e3fd  IntVTableBaseSet                 
2000e411  PWM_Params_init                  
2000e425  Power_getDependencyCount         
2000e439  main                             
2000e45d  Board_init                       
2000e46d  ClockP_add                       
2000e47d  ClockP_getCpuFreq                
2000e48d  ClockP_getSystemTicks            
2000e49d  ClockP_setTicks                  
2000e4ad  HwiP_restore                     
2000e4bd  Power_enablePolicy               
2000e4cd  SemaphoreP_Params_init           
2000e4dd  HwiP_disable                     
2000e4eb  HwiP_enable                      
2000e4eb  NoRTOS_start                     
2000e4f9  __TI_decompress_none             
2000e507  SemaphoreP_destruct              
2000e509  Power_getConstraintMask          
2000e515  ClockP_isActive                  
2000e51f  IntMasterDisable                 
2000e529  PWM_setDuty                      
2000e533  PWM_start                        
2000e53d  PWMTimerCC32XX_control           
2000e543  UtilsDelay                       
2000e549  HwiP_post                        
2000e54d  _system_pre_init                 
2000e551  C$$EXIT                          
2000e551  abort                            
2000e557  clkFxn                           
2000e55f  __aeabi_idiv0                    
2000e55f  __aeabi_ldiv0                    
2000e708  PowerCC32XX_config               
2000e74c  PWMTimerCC32XX_fxnTable          
2000e790  PWM_config                       
2000e7a8  PWM_defaultParams                
2000e810  pwmTimerCC32XXHWAttrs            
2000e820  CONFIG_PWM_0_CONST               
2000e821  CONFIG_PWM_1_CONST               
2000e822  PWM_count                        
2000e824  PowerCC32XX_module               
2000e990  parkInfo                         
2000ea88  SemaphoreP_defaultParams         
2000ea90  HwiP_key                         
2000ea94  HwiP_swiPIntNum                  
2000ea98  ClockP_tickPeriod                
2000eaa8  PowerCC32XX_contextSave          
2000ebd4  pwmTimerCC32XXObjects            
2000ec20  ClockP_ctrl                      
2000ec48  __TI_static_base__               
2000ecf8  __TI_Handler_Table_Base          
2000ed04  __TI_Handler_Table_Limit         
2000ed10  __TI_CINIT_Base                  
2000ed20  __TI_CINIT_Limit                 
ffffffff  __TI_pprof_out_hndl              
ffffffff  __TI_prof_data_size              
ffffffff  __TI_prof_data_start             
ffffffff  __binit__                        
ffffffff  __c_args__                       
ffffffff  binit                            
UNDEFED   ITM_flush                        
UNDEFED   ITM_restore                      
UNDEFED   __mpu_init                       
UNDEFED   _system_post_cinit               

[149 symbols]
