******************************************************************************
                  TI ARM Linker PC v20.2.5                     
******************************************************************************
>> Linked Sun Dec 12 15:43:43 2021

OUTPUT FILE NAME:   <gpiointerrupt_CC3220S_LAUNCHXL_nortos_ccs.out>
ENTRY POINT SYMBOL: "resetISR"  address: 20011e19


MEMORY CONFIGURATION

         name            origin    length      used     unused   attr    fill
----------------------  --------  ---------  --------  --------  ----  --------
  SRAM2                 20000000   00004000  0000130c  00002cf4  RW X
  SRAM                  20004000   0003c000  0000f49a  0002cb66  RW X
  LOG_DATA              90000000   00040000  00000000  00040000  R   


SEGMENT ALLOCATION MAP

run origin  load origin   length   init length attrs members
----------  ----------- ---------- ----------- ----- -------
20003000    20003000    00001000   00000000    rw-
  20003000    20003000    00001000   00000000    rw- .stack
20004000    20004000    00000040   00000040    r--
  20004000    20004000    00000040   00000040    r-- .resetVecs
20004040    20004040    00008000   00000000    rw-
  20004040    20004040    00008000   00000000    rw- .sysmem
2000c040    2000c040    0000631e   0000631e    r-x
  2000c040    2000c040    0000631e   0000631e    r-x .text
20012360    20012360    000006cc   00000000    rw-
  20012360    20012360    000006cc   00000000    rw- .data
20012a2c    20012a2c    000004e0   000004e0    r--
  20012a2c    20012a2c    000004e0   000004e0    r-- .const
20012f10    20012f10    00000498   00000000    rw-
  20012f10    20012f10    00000498   00000000    rw- .bss
200133a8    200133a8    000000f8   000000f8    r--
  200133a8    200133a8    000000f8   000000f8    r-- .cinit


SECTION ALLOCATION MAP

 output                                  attributes/
section   page    origin      length       input sections
--------  ----  ----------  ----------   ----------------
.text      0    2000c040    0000631e     
                  2000c040    00000a4e     rtsv7M4_T_le_eabi.lib : _printfi.c.obj (.text:__TI_printfi)
                  2000ca8e    00000002     ti_drivers_config.obj (.text:Board_initHook)
                  2000ca90    0000042c     driverlib.a : prcm.obj (.text:PRCMCC3200MCUInit)
                  2000cebc    00000288     drivers_cc32xx.a : UARTCC32XX.oem4 (.text:UARTCC32XX_open)
                  2000d144    00000268     rtsv7M4_T_le_eabi.lib : _printfi.c.obj (.text:_pconv_a)
                  2000d3ac    000001cc                           : _printfi.c.obj (.text:_pconv_g)
                  2000d578    000001c8     gpiointerrupt.obj (.text:initI2C)
                  2000d740    000001b6     rtsv7M4_T_le_eabi.lib : fd_add_t2.asm.obj (.text)
                  2000d8f6    00000002     drivers_cc32xx.a : I2C.oem4 (.text:I2C_init)
                  2000d8f8    0000019c     nortos_cc32xx.a : PowerCC32XX_nortos.oem4 (.text:PowerCC32XX_sleepPolicy)
                  2000da94    00000154     drivers_cc32xx.a : GPIOCC32XX.oem4 (.text:GPIO_setConfig)
                  2000dbe8    00000148                      : I2CCC32XX.oem4 (.text:I2CCC32XX_hwiFxn)
                  2000dd30    00000148                      : PowerCC32XX.oem4 (.text:parkPins)
                  2000de78    0000013c     rtsv7M4_T_le_eabi.lib : _printfi.c.obj (.text:_pconv_e)
                  2000dfb4    00000138     drivers_cc32xx.a : PowerCC32XX.oem4 (.text:Power_sleep)
                  2000e0ec    00000138                      : TimerCC32XX.oem4 (.text:Timer_open)
                  2000e224    00000136     rtsv7M4_T_le_eabi.lib : fd_div_t2.asm.obj (.text)
                  2000e35a    00000122     drivers_cc32xx.a : I2C.oem4 (.text:I2C_transferTimeout)
                  2000e47c    00000120                      : UARTCC32XX.oem4 (.text:UARTCC32XX_close)
                  2000e59c    00000120     rtsv7M4_T_le_eabi.lib : _printfi.c.obj (.text:fcvt)
                  2000e6bc    00000100                           : memory.c.obj (.text:aligned_alloc)
                  2000e7bc    000000fc     drivers_cc32xx.a : I2CCC32XX.oem4 (.text:I2C_open)
                  2000e8b8    000000fc     rtsv7M4_T_le_eabi.lib : fd_mul_t2.asm.obj (.text)
                  2000e9b4    000000f2     drivers_cc32xx.a : UARTCC32XX.oem4 (.text:UARTCC32XX_control)
                  2000eaa6    00000002     nortos_cc32xx.a : PowerCC32XX_nortos.oem4 (.text:PowerCC32XX_initPolicy)
                  2000eaa8    000000ec     gpiointerrupt.obj (.text:mainThread)
                  2000eb94    000000ec     gpiointerrupt.obj (.text:readTemp)
                  2000ec80    000000e4     rtsv7M4_T_le_eabi.lib : memory.c.obj (.text:free)
                  2000ed64    000000d0                           : s_scalbn.c.obj (.text:scalbn)
                  2000ee34    000000ca     drivers_cc32xx.a : UARTCC32XX.oem4 (.text:UARTCC32XX_write)
                  2000eefe    00000002     nortos_cc32xx.a : SemaphoreP_nortos.oem4 (.text:SemaphoreP_destruct)
                  2000ef00    000000c0     drivers_cc32xx.a : PowerCC32XX.oem4 (.text:restoreParkedPins)
                  2000efc0    000000ba                      : UARTCC32XX.oem4 (.text:UARTCC32XX_readPolling)
                  2000f07a    00000002                      : Timer.oem4 (.text:Timer_init)
                  2000f07c    000000b8                      : UARTCC32XX.oem4 (.text:initHw)
                  2000f134    000000b6                      : UARTCC32XX.oem4 (.text:readTaskCallback)
                  2000f1ea    000000b2                      : I2CCC32XX.oem4 (.text:I2CCC32XX_completeTransfer)
                  2000f29c    000000b1     rtsv7M4_T_le_eabi.lib : _printfi.c.obj (.text:_ltostr)
                  2000f34d    00000001     --HOLE-- [fill = 0]
                  2000f34e    000000b0     drivers_cc32xx.a : UARTCC32XX.oem4 (.text:readTaskBlocking)
                  2000f3fe    000000ae                      : UARTCC32XX.oem4 (.text:readIsrTextBlocking)
                  2000f4ac    000000a8                      : I2CCC32XX.oem4 (.text:I2CCC32XX_primeWriteBurst)
                  2000f554    000000a8     driverlib.a : interrupt.obj (.text:IntEnable)
                  2000f5fc    000000a8     drivers_cc32xx.a : PowerCC32XX.oem4 (.text:PowerCC32XX_configureWakeup)
                  2000f6a4    000000a2                      : UARTCC32XX.oem4 (.text:readIsrTextCallback)
                  2000f746    000000a2                      : UARTCC32XX.oem4 (.text:writeData)
                  2000f7e8    000000a0     nortos_cc32xx.a : SemaphoreP_nortos.oem4 (.text:SemaphoreP_pend)
                  2000f888    0000009c     drivers_cc32xx.a : I2CCC32XX.oem4 (.text:I2CCC32XX_initHw)
                  2000f924    0000009c     rtsv7M4_T_le_eabi.lib : memcpy_t2.asm.obj (.text)
                  2000f9c0    00000096                           : ull_div_t2.asm.obj (.text)
                  2000fa56    00000002     drivers_cc32xx.a : UARTCC32XX.oem4 (.text:UARTCC32XX_init)
                  2000fa58    00000090                      : GPIOCC32XX.oem4 (.text:GPIO_init)
                  2000fae8    00000090                      : PowerCC32XX.oem4 (.text:restoreNVICRegs)
                  2000fb78    0000008c     nortos_cc32xx.a : HwiPCC32XX_nortos.oem4 (.text:HwiP_construct)
                  2000fc04    00000088     driverlib.a : interrupt.obj (.text:IntPendSet)
                  2000fc8c    00000088                 : pin.obj (.text:PinConfigSet)
                  2000fd14    00000086     rtsv7M4_T_le_eabi.lib : fd_cmp_t2.asm.obj (.text:__aeabi_cdcmple)
                  2000fd9a    00000086                           : fd_cmp_t2.asm.obj (.text:__aeabi_cdrcmple)
                  2000fe20    00000084     drivers_cc32xx.a : PowerCC32XX.oem4 (.text:Power_init)
                  2000fea4    00000084                      : PowerCC32XX.oem4 (.text:saveNVICRegs)
                  2000ff28    00000080                      : GPIOCC32XX.oem4 (.text:GPIO_write)
                  2000ffa8    00000080                      : PowerCC32XX.oem4 (.text:Power_setDependency)
                  20010028    0000007c                      : UARTCC32XX.oem4 (.text:readIsrBinaryBlocking)
                  200100a4    0000007a                      : I2CCC32XX.oem4 (.text:I2CCC32XX_primeReadBurst)
                  2001011e    0000007a     rtsv7M4_T_le_eabi.lib : fs_mul_t2.asm.obj (.text)
                  20010198    0000007a                           : memset_t2.asm.obj (.text)
                  20010212    00000078     drivers_cc32xx.a : UARTCC32XX.oem4 (.text:readIsrBinaryCallback)
                  2001028a    00000074                      : UARTCC32XX.oem4 (.text:UARTCC32XX_hwiIntFxn)
                  200102fe    00000002     rtsv7M4_T_le_eabi.lib : _lock.c.obj (.text:_nop)
                  20010300    00000074     drivers_cc32xx.a : GPIOCC32XX.oem4 (.text:powerNotifyFxn)
                  20010374    00000070     rtsv7M4_T_le_eabi.lib : memory.c.obj (.text:split)
                  200103e4    0000006e                           : _printfi.c.obj (.text:_mcpy)
                  20010452    0000006a     drivers_cc32xx.a : I2CCC32XX.oem4 (.text:I2CSupport_primeTransfer)
                  200104bc    00000068     rtsv7M4_T_le_eabi.lib : copy_decompress_lzss.c.obj (.text:decompress:lzss:__TI_decompress_lzss)
                  20010524    00000066     drivers_cc32xx.a : UARTCC32XX.oem4 (.text:UARTCC32XX_writeCancel)
                  2001058a    00000002     nortos_cc32xx.a : startup_cc32xx_ccs.oem4 (.text:busFaultHandler)
                  2001058c    00000064     drivers_cc32xx.a : GPIOCC32XX.oem4 (.text:GPIO_setInterruptConfig)
                  200105f0    00000064                      : PowerCC32XX.oem4 (.text:PowerCC32XX_setParkState)
                  20010654    00000062                      : UARTCC32XX.oem4 (.text:UARTCC32XX_writePolling)
                  200106b6    00000002     nortos_cc32xx.a : SemaphoreP_nortos.oem4 (.text:clkFxn)
                  200106b8    00000060     drivers_cc32xx.a : GPIOCC32XX.oem4 (.text:GPIO_hwiIntFxn)
                  20010718    00000060     driverlib.a : prcm.obj (.text:PRCMSysResetCauseGet)
                  20010778    0000005c     rtsv7M4_T_le_eabi.lib : s_frexp.c.obj (.text:frexp)
                  200107d4    0000005c     nortos_cc32xx.a : ClockPSysTick_nortos.oem4 (.text:sysTickInit)
                  20010830    00000058     driverlib.a : prcm.obj (.text:PRCMPeripheralReset)
                  20010888    00000058     drivers_cc32xx.a : PowerCC32XX.oem4 (.text:Power_releaseDependency)
                  200108e0    00000056     rtsv7M4_T_le_eabi.lib : _printfi.c.obj (.text:_pconv_f)
                  20010936    00000054                           : _ltoa.c.obj (.text:__TI_ltoa)
                  2001098a    00000054     drivers_cc32xx.a : UARTCC32XX.oem4 (.text:ringBufGet)
                  200109de    00000052                      : PowerCC32XX_asm.oem4 (.text:PowerCC32XX_resumeLPDS)
                  20010a30    00000052     rtsv7M4_T_le_eabi.lib : _printfi.c.obj (.text:_ecpy)
                  20010a82    00000052     drivers_cc32xx.a : TimerCC32XX.oem4 (.text:initHw)
                  20010ad4    00000050     nortos_cc32xx.a : ClockPSysTick_nortos.oem4 (.text:ClockP_sysTickHandler)
                  20010b24    00000050                     : SemaphoreP_nortos.oem4 (.text:SemaphoreP_construct)
                  20010b74    00000050     drivers_cc32xx.a : TimerCC32XX.oem4 (.text:TimerCC32XX_allocateTimerResource)
                  20010bc4    0000004c                      : I2CCC32XX.oem4 (.text:I2CCC32XX_readRecieveFifo)
                  20010c10    0000004c                      : PowerCC32XX.oem4 (.text:PowerCC32XX_parkPin)
                  20010c5c    0000004c     rtsv7M4_T_le_eabi.lib : atoi.c.obj (.text:atoi)
                  20010ca8    0000004c     drivers_cc32xx.a : PowerCC32XX.oem4 (.text:restorePeriphClocks)
                  20010cf4    0000004c     rtsv7M4_T_le_eabi.lib : snprintf.c.obj (.text:snprintf)
                  20010d40    00000048     driverlib.a : flash.obj (.text:FlashDisable)
                  20010d88    00000048     drivers_cc32xx.a : GPIOCC32XX.oem4 (.text:GPIO_disableInt)
                  20010dd0    00000048                      : GPIOCC32XX.oem4 (.text:GPIO_enableInt)
                  20010e18    00000048     driverlib.a : prcm.obj (.text:PRCMLPDSEnter)
                  20010e60    00000048                 : prcm.obj (.text:PRCMPeripheralClkEnable)
                  20010ea8    00000048     drivers_cc32xx.a : PowerCC32XX.oem4 (.text:Power_releaseConstraint)
                  20010ef0    00000048     gpiointerrupt.obj (.text:initTimer)
                  20010f38    00000048     rtsv7M4_T_le_eabi.lib : fd_toi_t2.asm.obj (.text)
                  20010f80    00000046     drivers_cc32xx.a : RingBuf.oem4 (.text:RingBuf_put)
                  20010fc6    00000046                      : TimerCC32XX.oem4 (.text:getPrescaler)
                  2001100c    00000044     nortos_cc32xx.a : ClockPSysTick_nortos.oem4 (.text:ClockP_stop)
                  20011050    00000044     driverlib.a : prcm.obj (.text:PRCMLPDSRestoreInfoSet)
                  20011094    00000044     drivers_cc32xx.a : PowerCC32XX_asm.oem4 (.text:PowerCC32XX_enterLPDS)
                  200110d8    00000044     nortos_cc32xx.a : SemaphoreP_nortos.oem4 (.text:SemaphoreP_post)
                  2001111c    00000044                     : SwiP_nortos.oem4 (.text:SwiP_restore)
                  20011160    00000044     drivers_cc32xx.a : Timer.oem4 (.text:Timer_start)
                  200111a4    00000044                      : UART.oem4 (.text:UART_init)
                  200111e8    00000044     rtsv7M4_T_le_eabi.lib : autoinit.c.obj (.text:__TI_auto_init_nobinit_nopinit:__TI_auto_init_nobinit_nopinit)
                  2001122c    00000040     nortos_cc32xx.a : ClockPSysTick_nortos.oem4 (.text:ClockP_construct)
                  2001126c    00000040     driverlib.a : pin.obj (.text:PinModeSet)
                  200112ac    00000040     drivers_cc32xx.a : RingBuf.oem4 (.text:RingBuf_get)
                  200112ec    00000040                      : TimerCC32XX.oem4 (.text:TimerSupport_timerEnable)
                  2001132c    00000040                      : TimerCC32XX.oem4 (.text:Timer_close)
                  2001136c    00000040                      : UARTCC32XX.oem4 (.text:UARTCC32XX_read)
                  200113ac    00000040                      : UART.oem4 (.text:UART_open)
                  200113ec    00000040     gpiointerrupt.obj (.text:timerCallback)
                  2001142c    0000003e     rtsv7M4_T_le_eabi.lib : _printfi.c.obj (.text:_fcpy)
                  2001146a    00000002     nortos_cc32xx.a : startup_cc32xx_ccs.oem4 (.text:defaultHandler)
                  2001146c    0000003c                     : ClockPSysTick_nortos.oem4 (.text:ClockP_destruct)
                  200114a8    0000003c     drivers_cc32xx.a : PowerCC32XX.oem4 (.text:Power_setConstraint)
                  200114e4    0000003c     gpiointerrupt.obj (.text:TickFct_CheckButtons)
                  20011520    0000003c     gpiointerrupt.obj (.text:initUART)
                  2001155c    0000003a     nortos_cc32xx.a : PowerCC32XX_nortos.oem4 (.text:getCountsRTC)
                  20011596    00000002                     : startup_cc32xx_ccs.oem4 (.text:faultISR)
                  20011598    00000038     driverlib.a : prcm.obj (.text:PRCMLPDSEnterKeepDebugIf)
                  200115d0    00000038     nortos_cc32xx.a : ClockPSysTick_nortos.oem4 (.text:addToList)
                  20011608    00000038                     : startup_cc32xx_ccs.oem4 (.text:initVectors)
                  20011640    00000038     drivers_cc32xx.a : PowerCC32XX.oem4 (.text:notify)
                  20011678    00000038     rtsv7M4_T_le_eabi.lib : fs_toi_t2.asm.obj (.text)
                  200116b0    00000038                           : i_tofs_t2.asm.obj (.text)
                  200116e8    00000036     driverlib.a : timer.obj (.text:TimerControlStall)
                  2001171e    00000036     drivers_cc32xx.a : Timer.oem4 (.text:Timer_stop)
                  20011754    00000036                      : UARTCC32XX.oem4 (.text:UARTCC32XX_readCancel)
                  2001178a    00000002     nortos_cc32xx.a : startup_cc32xx_ccs.oem4 (.text:nmiISR)
                  2001178c    00000034                     : ClockPSysTick_nortos.oem4 (.text:ClockP_getTicksUntilInterrupt)
                  200117c0    00000034                     : ClockPSysTick_nortos.oem4 (.text:ClockP_startup)
                  200117f4    00000034     driverlib.a : pin.obj (.text:PinModeGet)
                  20011828    00000034     drivers_cc32xx.a : PowerCC32XX.oem4 (.text:PowerCC32XX_restoreParkState)
                  2001185c    00000034                      : TimerCC32XX.oem4 (.text:TimerCC32XX_freeTimerResource)
                  20011890    00000034                      : TimerCC32XX.oem4 (.text:TimerCC32XX_hwiIntFunction)
                  200118c4    00000034                      : TimerCC32XX.oem4 (.text:getPowerMgrId)
                  200118f8    00000030     nortos_cc32xx.a : ClockPSysTick_nortos.oem4 (.text:ClockP_start)
                  20011928    00000030     drivers_cc32xx.a : PowerCC32XX.oem4 (.text:PowerCC32XX_restoreParkedPin)
                  20011958    00000030     rtsv7M4_T_le_eabi.lib : snprintf.c.obj (.text:_outs)
                  20011988    0000002e                           : i_tofd_t2.asm.obj (.text)
                  200119b6    00000002                           : div0.asm.obj (.text)
                  200119b8    0000002c     drivers_cc32xx.a : PowerCC32XX.oem4 (.text:PowerCC32XX_getParkState)
                  200119e4    0000002c     gpiointerrupt.obj (.text:TickFct_SetHeat)
                  20011a10    0000002a     nortos_cc32xx.a : HwiPCC32XX_nortos.oem4 (.text:HwiP_create)
                  20011a3a    0000002a     driverlib.a : timer.obj (.text:TimerLoadSet)
                  20011a64    0000002a                 : timer.obj (.text:TimerPrescaleSet)
                  20011a8e    00000028                 : i2c.obj (.text:I2CFIFODataPutNonBlocking)
                  20011ab6    00000002     --HOLE-- [fill = 0]
                  20011ab8    00000028                 : prcm.obj (.text:PRCMPeripheralClkDisable)
                  20011ae0    00000028     drivers_cc32xx.a : PowerCC32XX.oem4 (.text:Power_registerNotify)
                  20011b08    00000028     rtsv7M4_T_le_eabi.lib : memory.c.obj (.text:free_list_insert)
                  20011b30    00000026     driverlib.a : i2c.obj (.text:I2CFIFODataGetNonBlocking)
                  20011b56    00000026     drivers_cc32xx.a : I2C.oem4 (.text:I2C_cancel)
                  20011b7c    00000026                      : List.oem4 (.text:List_put)
                  20011ba2    00000026                      : List.oem4 (.text:List_remove)
                  20011bc8    00000024     nortos_cc32xx.a : HwiPCC32XX_nortos.oem4 (.text:HwiP_dispatch)
                  20011bec    00000024     drivers_cc32xx.a : PowerCC32XX.oem4 (.text:PowerCC32XX_reset)
                  20011c10    00000024                      : TimerCC32XX.oem4 (.text:TimerSupport_timerDisable)
                  20011c34    00000024     rtsv7M4_T_le_eabi.lib : boot_cortex_m.c.obj (.text:_c_int00_noargs:_c_int00_noargs)
                  20011c58    00000022     driverlib.a : i2c.obj (.text:I2CMasterSlaveAddrSet)
                  20011c7a    00000020     nortos_cc32xx.a : HwiPCC32XX_nortos.oem4 (.text:HwiP_destruct)
                  20011c9a    00000002     --HOLE-- [fill = 0]
                  20011c9c    00000020     drivers_cc32xx.a : PowerCC32XX.oem4 (.text:Power_unregisterNotify)
                  20011cbc    00000020                      : RingBuf.oem4 (.text:RingBuf_peek)
                  20011cdc    00000020                      : UARTCC32XX.oem4 (.text:getPowerMgrId)
                  20011cfc    0000001e     driverlib.a : i2c.obj (.text:I2CMasterIntStatusEx)
                  20011d1a    0000001e     nortos_cc32xx.a : SemaphoreP_nortos.oem4 (.text:SemaphoreP_constructBinary)
                  20011d38    0000001e     driverlib.a : timer.obj (.text:TimerDisable)
                  20011d56    0000001e                 : timer.obj (.text:TimerEnable)
                  20011d74    0000001c                 : pin.obj (.text:PinToPadGet)
                  20011d90    0000001c     nortos_cc32xx.a : SwiP_nortos.oem4 (.text:SwiP_disable)
                  20011dac    0000001c     rtsv7M4_T_le_eabi.lib : memory.c.obj (.text:free_list_remove)
                  20011dc8    0000001c                           : memccpy.c.obj (.text:memccpy)
                  20011de4    0000001a     nortos_cc32xx.a : ClockPSysTick_nortos.oem4 (.text:ClockP_create)
                  20011dfe    0000001a                     : SemaphoreP_nortos.oem4 (.text:SemaphoreP_createBinary)
                  20011e18    0000001a                     : startup_cc32xx_ccs.oem4 (.text:resetISR)
                  20011e32    00000002     --HOLE-- [fill = 0]
                  20011e34    00000018     drivers_cc32xx.a : GPIO.oem4 (.text:GPIO_setCallback)
                  20011e4c    00000018     driverlib.a : i2c.obj (.text:I2CMasterBusBusy)
                  20011e64    00000018                 : i2c.obj (.text:I2CMasterIntDisableEx)
                  20011e7c    00000018                 : i2c.obj (.text:I2CMasterIntEnableEx)
                  20011e94    00000018                 : i2c.obj (.text:I2CRxFIFOFlush)
                  20011eac    00000018                 : i2c.obj (.text:I2CTxFIFOFlush)
                  20011ec4    00000018     drivers_cc32xx.a : PowerCC32XX.oem4 (.text:Power_getTransitionLatency)
                  20011edc    00000018                      : PowerCC32XX.oem4 (.text:Power_idleFunc)
                  20011ef4    00000018     driverlib.a : timer.obj (.text:TimerIntDisable)
                  20011f0c    00000018                 : timer.obj (.text:TimerIntEnable)
                  20011f24    00000018                 : uart.obj (.text:UARTBusy)
                  20011f3c    00000018                 : uart.obj (.text:UARTIntEnable)
                  20011f54    00000018     drivers_cc32xx.a : UART.oem4 (.text:UART_Params_init)
                  20011f6c    00000018     rtsv7M4_T_le_eabi.lib : snprintf.c.obj (.text:_outc)
                  20011f84    00000018                           : ll_mul_t2.asm.obj (.text)
                  20011f9c    00000016     driverlib.a : i2c.obj (.text:I2CMasterBurstLengthSet)
                  20011fb2    00000016                 : prcm.obj (.text:PRCMHIBRegRead)
                  20011fc8    00000016                 : prcm.obj (.text:PRCMHIBRegWrite)
                  20011fde    00000016     nortos_cc32xx.a : SemaphoreP_nortos.oem4 (.text:SemaphoreP_create)
                  20011ff4    00000016     rtsv7M4_T_le_eabi.lib : strchr.c.obj (.text:strchr)
                  2001200a    00000014     ti_drivers_config.obj (.text:Board_init)
                  2001201e    00000014     driverlib.a : cpu.obj (.text:CPUcpsid)
                  20012032    00000002     --HOLE-- [fill = 0]
                  20012034    00000014     nortos_cc32xx.a : HwiPCC32XX_nortos.oem4 (.text:HwiP_inISR)
                  20012048    00000014     drivers_cc32xx.a : I2CCC32XX.oem4 (.text:I2CSupport_masterFinish)
                  2001205c    00000014                      : I2C.oem4 (.text:I2C_transfer)
                  20012070    00000014     driverlib.a : interrupt.obj (.text:IntVTableBaseSet)
                  20012084    00000014     drivers_cc32xx.a : PowerCC32XX.oem4 (.text:Power_disablePolicy)
                  20012098    00000014                      : PowerCC32XX.oem4 (.text:Power_getDependencyCount)
                  200120ac    00000014                      : UARTCC32XX.oem4 (.text:releasePowerConstraint)
                  200120c0    00000014     rtsv7M4_T_le_eabi.lib : strlen.c.obj (.text:strlen)
                  200120d4    00000012     nortos_cc32xx.a : HwiPCC32XX_nortos.oem4 (.text:HwiP_Params_init)
                  200120e6    00000012     driverlib.a : i2c.obj (.text:I2CMasterIntClearEx)
                  200120f8    00000012     drivers_cc32xx.a : RingBuf.oem4 (.text:RingBuf_construct)
                  2001210a    00000012     driverlib.a : timer.obj (.text:TimerIntClear)
                  2001211c    00000012     main_nortos.obj (.text:main)
                  2001212e    00000012     rtsv7M4_T_le_eabi.lib : wcslen.c.obj (.text:wcslen)
                  20012140    00000010     nortos_cc32xx.a : ClockPSysTick_nortos.oem4 (.text:ClockP_add)
                  20012150    00000010                     : ClockPSysTick_nortos.oem4 (.text:ClockP_delete)
                  20012160    00000010                     : ClockPSysTick_nortos.oem4 (.text:ClockP_getCpuFreq)
                  20012170    00000010                     : ClockPSysTick_nortos.oem4 (.text:ClockP_getSystemTicks)
                  20012180    00000010                     : ClockPSysTick_nortos.oem4 (.text:ClockP_setTicks)
                  20012190    00000010                     : HwiPCC32XX_nortos.oem4 (.text:HwiP_delete)
                  200121a0    00000010                     : HwiPCC32XX_nortos.oem4 (.text:HwiP_restore)
                  200121b0    00000010     driverlib.a : i2c.obj (.text:I2CFIFOStatus)
                  200121c0    00000010     drivers_cc32xx.a : I2C.oem4 (.text:I2C_Params_init)
                  200121d0    00000010                      : PowerCC32XX.oem4 (.text:Power_enablePolicy)
                  200121e0    00000010     nortos_cc32xx.a : SemaphoreP_nortos.oem4 (.text:SemaphoreP_Params_init)
                  200121f0    00000010     drivers_cc32xx.a : Timer.oem4 (.text:Timer_Params_init)
                  20012200    00000010     gpiointerrupt.obj (.text:gpioButtonFxn0)
                  20012210    00000010     gpiointerrupt.obj (.text:gpioButtonFxn1)
                  20012220    00000010     drivers_cc32xx.a : UARTCC32XX.oem4 (.text:readBlockingTimeout)
                  20012230    0000000e     nortos_cc32xx.a : HwiPCC32XX_nortos.oem4 (.text:HwiP_clearInterrupt)
                  2001223e    0000000e                     : HwiPCC32XX_nortos.oem4 (.text:HwiP_disable)
                  2001224c    0000000e                     : HwiPCC32XX_nortos.oem4 (.text:HwiP_disableInterrupt)
                  2001225a    0000000e                     : HwiPCC32XX_nortos.oem4 (.text:HwiP_enable)
                  20012268    0000000e                     : HwiPCC32XX_nortos.oem4 (.text:HwiP_enableInterrupt)
                  20012276    0000000e     drivers_cc32xx.a : I2CCC32XX.oem4 (.text:I2CCC32XX_updateReg)
                  20012284    0000000e                      : RingBuf.oem4 (.text:RingBuf_isFull)
                  20012292    0000000e     rtsv7M4_T_le_eabi.lib : copy_decompress_none.c.obj (.text:decompress:none:__TI_decompress_none)
                  200122a0    0000000c     drivers_cc32xx.a : I2CCC32XX.oem4 (.text:I2CCC32XX_postNotify)
                  200122ac    0000000c                      : PowerCC32XX.oem4 (.text:Power_getConstraintMask)
                  200122b8    0000000c     rtsv7M4_T_le_eabi.lib : s_copysign.c.obj (.text:copysign)
                  200122c4    0000000c                           : copy_zero_init.c.obj (.text:decompress:ZI:__TI_zero_init)
                  200122d0    0000000c     drivers_cc32xx.a : TimerCC32XX.oem4 (.text:postNotifyFxn)
                  200122dc    0000000c                      : UARTCC32XX.oem4 (.text:postNotifyFxn)
                  200122e8    0000000a     nortos_cc32xx.a : ClockPSysTick_nortos.oem4 (.text:ClockP_Params_init)
                  200122f2    0000000a                     : ClockPSysTick_nortos.oem4 (.text:ClockP_isActive)
                  200122fc    0000000a     driverlib.a : interrupt.obj (.text:IntMasterDisable)
                  20012306    0000000a     drivers_cc32xx.a : UART.oem4 (.text:UART_write)
                  20012310    00000008                      : I2CCC32XX.oem4 (.text:I2CCC32XX_blockingCallback)
                  20012318    00000008     rtsv7M4_T_le_eabi.lib : errno.c.obj (.text:__aeabi_errno_addr)
                  20012320    00000008                           : memory.c.obj (.text:malloc)
                  20012328    00000008     drivers_cc32xx.a : UARTCC32XX.oem4 (.text:readSemCallback)
                  20012330    00000008                      : UARTCC32XX.oem4 (.text:writeSemCallback)
                  20012338    00000006                      : I2CCC32XX.oem4 (.text:I2CSupport_powerRelConstraint)
                  2001233e    00000006                      : I2CCC32XX.oem4 (.text:I2CSupport_powerSetConstraint)
                  20012344    00000006     driverlib.a : utils.obj (.text:UtilsDelay)
                  2001234a    00000004     nortos_cc32xx.a : ClockPSysTick_nortos.oem4 (.text:ClockP_setTimeout)
                  2001234e    00000004                     : HwiPCC32XX_nortos.oem4 (.text:HwiP_post)
                  20012352    00000004                     : SemaphoreP_nortos.oem4 (.text:SemaphoreP_delete)
                  20012356    00000004     rtsv7M4_T_le_eabi.lib : pre_init.c.obj (.text:_system_pre_init)
                  2001235a    00000004                           : exit.c.obj (.text:abort:abort)

.const     0    20012a2c    000004e0     
                  20012a2c    00000101     rtsv7M4_T_le_eabi.lib : ctype.c.obj (.const:.string:_ctypes_)
                  20012b2d    00000003     --HOLE-- [fill = 0]
                  20012b30    00000100     driverlib.a : pin.obj (.const:g_ulPinToPadMap)
                  20012c30    000000a8                 : prcm.obj (.const:PRCM_PeriphRegsList)
                  20012cd8    00000044     ti_drivers_config.obj (.const:PowerCC32XX_config)
                  20012d1c    00000028     drivers_cc32xx.a : UARTCC32XX.oem4 (.const:UARTCC32XX_fxnTable)
                  20012d44    00000028                      : GPIOCC32XX.oem4 (.const:portConfigs)
                  20012d6c    00000024                      : UART.oem4 (.const:UART_defaultParams)
                  20012d90    00000024     ti_drivers_config.obj (.const:uartCC32XXHWAttrs0)
                  20012db4    00000021     drivers_cc32xx.a : GPIOCC32XX.oem4 (.const:.string:pinTable)
                  20012dd5    00000003     --HOLE-- [fill = 0]
                  20012dd8    00000020                      : UARTCC32XX.oem4 (.const:staticFxnTable)
                  20012df8    00000018     driverlib.a : interrupt.obj (.const:g_pulEnRegs)
                  20012e10    00000018                 : interrupt.obj (.const:g_pulPendRegs)
                  20012e28    00000018     gpiointerrupt.obj (.const:sensors)
                  20012e40    00000014     ti_drivers_config.obj (.const:i2cCC32XXHWAttrs)
                  20012e54    00000014     drivers_cc32xx.a : UARTCC32XX.oem4 (.const:parityType)
                  20012e68    00000010     ti_drivers_config.obj (.const:GPIO_config)
                  20012e78    00000010     drivers_cc32xx.a : I2C.oem4 (.const:I2C_defaultParams)
                  20012e88    00000010                      : I2CCC32XX.oem4 (.const:I2C_defaultParams)
                  20012e98    00000010                      : UARTCC32XX.oem4 (.const:dataLength)
                  20012ea8    00000010     ti_drivers_config.obj (.const:timerCC32XXHWAttrs)
                  20012eb8    0000000c     gpiointerrupt.obj (.const:.string)
                  20012ec4    0000000c     ti_drivers_config.obj (.const:UART_config)
                  20012ed0    0000000c     drivers_cc32xx.a : Timer.oem4 (.const:defaultParams)
                  20012edc    0000000c                      : TimerCC32XX.oem4 (.const:defaultParams)
                  20012ee8    0000000b     ti_drivers_config.obj (.const)
                  20012ef3    00000001     --HOLE-- [fill = 0]
                  20012ef4    00000008     ti_drivers_config.obj (.const:I2C_config)
                  20012efc    00000008     ti_drivers_config.obj (.const:Timer_config)
                  20012f04    00000008     drivers_cc32xx.a : UARTCC32XX.oem4 (.const:stopBits)

.cinit     0    200133a8    000000f8     
                  200133a8    000000d2     (.cinit..data.load) [load image, compression = lzss]
                  2001347a    00000002     --HOLE-- [fill = 0]
                  2001347c    0000000c     (__TI_handler_table)
                  20013488    00000008     (.cinit..bss.load) [load image, compression = zero_init]
                  20013490    00000010     (__TI_cinit_table)

.init_array 
*          0    20004000    00000000     UNINITIALIZED

.ramVecs   0    20000000    0000030c     NOLOAD SECTION
                  20000000    0000030c     nortos_cc32xx.a : startup_cc32xx_ccs.oem4 (.ramVecs)

.stack     0    20003000    00001000     UNINITIALIZED
                  20003000    00000004     rtsv7M4_T_le_eabi.lib : boot_cortex_m.c.obj (.stack)
                  20003004    00000ffc     --HOLE--

.resetVecs 
*          0    20004000    00000040     
                  20004000    00000040     nortos_cc32xx.a : startup_cc32xx_ccs.oem4 (.resetVecs:retain)

.sysmem    0    20004040    00008000     UNINITIALIZED
                  20004040    00000010     rtsv7M4_T_le_eabi.lib : memory.c.obj (.sysmem)
                  20004050    00007ff0     --HOLE--

.data      0    20012360    000006cc     UNINITIALIZED
                  20012360    0000030c     nortos_cc32xx.a : HwiPCC32XX_nortos.oem4 (.data:HwiP_dispatchTable)
                  2001266c    0000016c     drivers_cc32xx.a : PowerCC32XX.oem4 (.data:PowerCC32XX_module)
                  200127d8    000000f8     ti_drivers_config.obj (.data:parkInfo)
                  200128d0    000000a4     gpiointerrupt.obj (.data:$O1$$)
                  20012974    00000084     ti_drivers_config.obj (.data:gpioPinConfigs)
                  200129f8    00000008     rtsv7M4_T_le_eabi.lib : _lock.c.obj (.data:$O1$$)
                  20012a00    00000008                           : memory.c.obj (.data:$O1$$)
                  20012a08    00000008     nortos_cc32xx.a : SemaphoreP_nortos.oem4 (.data:SemaphoreP_defaultParams)
                  20012a10    00000008                     : HwiPCC32XX_nortos.oem4 (.data)
                  20012a18    00000005     gpiointerrupt.obj (.data)
                  20012a1d    00000003     nortos_cc32xx.a : SemaphoreP_nortos.oem4 (.data)
                  20012a20    00000005                     : ClockPSysTick_nortos.oem4 (.data)
                  20012a25    00000002     drivers_cc32xx.a : GPIOCC32XX.oem4 (.data)
                  20012a27    00000001                      : UART.oem4 (.data)
                  20012a28    00000004     rtsv7M4_T_le_eabi.lib : errno.c.obj (.data)

.bss       0    20012f10    00000498     UNINITIALIZED
                  20012f10    0000012c     (.common:PowerCC32XX_contextSave)
                  2001303c    000000fc     (.common:i2cCC32XXObjects)
                  20013138    00000084     (.common:gpioCallbackFunctions)
                  200131bc    00000084     (.common:gpioUserArgs)
                  20013240    00000084     (.common:timerCC32XXObjects)
                  200132c4    00000084     (.common:uartCC32XXObjects0)
                  20013348    00000020     ti_drivers_config.obj (.bss:uartCC32XXRingBuffer0)
                  20013368    00000014     drivers_cc32xx.a : GPIOCC32XX.oem4 (.bss:powerNotifyObj)
                  2001337c    00000004                      : GPIOCC32XX.oem4 (.bss)
                  20013380    00000010     (.common:ClockP_ctrl)
                  20013390    0000000d     nortos_cc32xx.a : SwiP_nortos.oem4 (.bss)
                  2001339d    00000003     --HOLE--
                  200133a0    00000004                     : ClockPSysTick_nortos.oem4 (.bss)
                  200133a4    00000004     drivers_cc32xx.a : TimerCC32XX.oem4 (.bss:timerState)

.log_data 
*          0    90000000    00000000     COPY SECTION

__llvm_prf_cnts 
*          0    20004000    00000000     UNINITIALIZED

MODULE SUMMARY

       Module                       code    ro data   rw data
       ------                       ----    -------   -------
    .\
       gpiointerrupt.obj            1260    36        169    
       main_nortos.obj              18      0         0      
    +--+----------------------------+-------+---------+---------+
       Total:                       1278    36        169    
                                                             
    .\syscfg\
       ti_drivers_config.obj        22      195       1192   
    +--+----------------------------+-------+---------+---------+
       Total:                       22      195       1192   
                                                             
    C:/ti/simplelink_cc32xx_sdk_5_30_00_08/kernel/nortos/lib/ccs/m4/nortos_cc32xx.a
       HwiPCC32XX_nortos.oem4       394     0         788    
       startup_cc32xx_ccs.oem4      90      64        780    
       ClockPSysTick_nortos.oem4    702     0         25     
       PowerCC32XX_nortos.oem4      472     0         0      
       SemaphoreP_nortos.oem4       410     0         11     
       SwiP_nortos.oem4             96      0         13     
    +--+----------------------------+-------+---------+---------+
       Total:                       2164    64        1617   
                                                             
    C:/ti/simplelink_cc32xx_sdk_5_30_00_08/source/ti/devices/cc32xx/driverlib/ccs/Release/driverlib.a
       prcm.obj                     1604    168       0      
       pin.obj                      280     256       0      
       interrupt.obj                334     48        0      
       i2c.obj                      318     0         0      
       timer.obj                    264     0         0      
       flash.obj                    72      0         0      
       uart.obj                     48      0         0      
       cpu.obj                      20      0         0      
       utils.obj                    6       0         0      
    +--+----------------------------+-------+---------+---------+
       Total:                       2946    472       0      
                                                             
    C:/ti/simplelink_cc32xx_sdk_5_30_00_08/source/ti/drivers/lib/ccs/m4/drivers_cc32xx.a
       UARTCC32XX.oem4              3466    116       0      
       PowerCC32XX.oem4             2432    0         664    
       I2CCC32XX.oem4               1452    16        0      
       GPIOCC32XX.oem4              1068    73        26     
       TimerCC32XX.oem4             876     12        4      
       I2C.oem4                     366     16        0      
       UART.oem4                    166     36        1      
       RingBuf.oem4                 198     0         0      
       Timer.oem4                   140     12        0      
       PowerCC32XX_asm.oem4         150     0         0      
       List.oem4                    76      0         0      
       GPIO.oem4                    24      0         0      
    +--+----------------------------+-------+---------+---------+
       Total:                       10414   281       695    
                                                             
    C:\ti\ccs1040\ccs\tools\compiler\ti-cgt-arm_20.2.5.LTS\lib\rtsv7M4_T_le_eabi.lib
       _printfi.c.obj               4835    0         0      
       memory.c.obj                 672     0         8      
       fd_add_t2.asm.obj            438     0         0      
       fd_div_t2.asm.obj            310     0         0      
       fd_cmp_t2.asm.obj            268     0         0      
       ctype.c.obj                  0       257       0      
       fd_mul_t2.asm.obj            252     0         0      
       s_scalbn.c.obj               208     0         0      
       memcpy_t2.asm.obj            156     0         0      
       ull_div_t2.asm.obj           150     0         0      
       snprintf.c.obj               148     0         0      
       fs_mul_t2.asm.obj            122     0         0      
       memset_t2.asm.obj            122     0         0      
       copy_decompress_lzss.c.obj   104     0         0      
       s_frexp.c.obj                92      0         0      
       _ltoa.c.obj                  84      0         0      
       atoi.c.obj                   76      0         0      
       fd_toi_t2.asm.obj            72      0         0      
       autoinit.c.obj               68      0         0      
       fs_toi_t2.asm.obj            56      0         0      
       i_tofs_t2.asm.obj            56      0         0      
       i_tofd_t2.asm.obj            46      0         0      
       boot_cortex_m.c.obj          36      0         0      
       memccpy.c.obj                28      0         0      
       ll_mul_t2.asm.obj            24      0         0      
       strchr.c.obj                 22      0         0      
       strlen.c.obj                 20      0         0      
       wcslen.c.obj                 18      0         0      
       copy_decompress_none.c.obj   14      0         0      
       copy_zero_init.c.obj         12      0         0      
       errno.c.obj                  8       0         4      
       s_copysign.c.obj             12      0         0      
       _lock.c.obj                  2       0         8      
       exit.c.obj                   4       0         0      
       pre_init.c.obj               4       0         0      
       div0.asm.obj                 2       0         0      
    +--+----------------------------+-------+---------+---------+
       Total:                       8541    257       20     
                                                             
       Heap:                        0       0         32768  
       Stack:                       0       0         4096   
       Linker Generated:            0       246       0      
    +--+----------------------------+-------+---------+---------+
       Grand Total:                 25365   1551      40557  


LINKER GENERATED COPY TABLES

__TI_cinit_table @ 20013490 records: 2, size/record: 8, table size: 16
	.data: load addr=200133a8, load size=000000d2 bytes, run addr=20012360, run size=000006cc bytes, compression=lzss
	.bss: load addr=20013488, load size=00000008 bytes, run addr=20012f10, run size=00000498 bytes, compression=zero_init


LINKER GENERATED HANDLER TABLE

__TI_handler_table @ 2001347c records: 3, size/record: 4, table size: 12
	index: 0, handler: __TI_decompress_lzss
	index: 1, handler: __TI_decompress_none
	index: 2, handler: __TI_zero_init


GLOBAL SYMBOLS: SORTED ALPHABETICALLY BY Name 

address   name                             
-------   ----                             
2001200b  Board_init                       
2000ca8f  Board_initHook                   
2001235b  C$$EXIT                          
20012eea  CONFIG_GPIO_BUTTON_0_CONST       
20012eeb  CONFIG_GPIO_BUTTON_1_CONST       
20012eec  CONFIG_GPIO_LED_0_CONST          
20012eed  CONFIG_I2C_0_CONST               
20012eef  CONFIG_TIMER_0_CONST             
20012ef1  CONFIG_UART_0_CONST              
2001201f  CPUcpsid                         
200122e9  ClockP_Params_init               
20012141  ClockP_add                       
2001122d  ClockP_construct                 
20011de5  ClockP_create                    
20013380  ClockP_ctrl                      
20012151  ClockP_delete                    
2001146d  ClockP_destruct                  
20010ad5  ClockP_doTick                    
20012161  ClockP_getCpuFreq                
20012171  ClockP_getSystemTicks            
2001178d  ClockP_getTicksUntilInterrupt    
200122f3  ClockP_isActive                  
20012181  ClockP_setTicks                  
2001234b  ClockP_setTimeout                
200118f9  ClockP_start                     
200117c1  ClockP_startup                   
2001100d  ClockP_stop                      
20010ad5  ClockP_sysTickHandler            
20012a20  ClockP_tickPeriod                
20010d41  FlashDisable                     
20012e68  GPIO_config                      
20010d89  GPIO_disableInt                  
20010dd1  GPIO_enableInt                   
200106b9  GPIO_hwiIntFxn                   
2000fa59  GPIO_init                        
20012ee8  GPIO_pinLowerBound               
20012ee9  GPIO_pinUpperBound               
20011e35  GPIO_setCallback                 
2000da95  GPIO_setConfig                   
2001058d  GPIO_setInterruptConfig          
2000ff29  GPIO_write                       
200120d5  HwiP_Params_init                 
20012231  HwiP_clearInterrupt              
2000fb79  HwiP_construct                   
20011a11  HwiP_create                      
20012191  HwiP_delete                      
20011c7b  HwiP_destruct                    
2001223f  HwiP_disable                     
2001224d  HwiP_disableInterrupt            
20011bc9  HwiP_dispatch                    
2001225b  HwiP_enable                      
20012269  HwiP_enableInterrupt             
20012035  HwiP_inISR                       
20012a10  HwiP_key                         
2001234f  HwiP_post                        
200121a1  HwiP_restore                     
20012a14  HwiP_swiPIntNum                  
20011b31  I2CFIFODataGetNonBlocking        
20011a8f  I2CFIFODataPutNonBlocking        
200121b1  I2CFIFOStatus                    
20011f9d  I2CMasterBurstLengthSet          
20011e4d  I2CMasterBusBusy                 
200120e7  I2CMasterIntClearEx              
20011e65  I2CMasterIntDisableEx            
20011e7d  I2CMasterIntEnableEx             
20011cfd  I2CMasterIntStatusEx             
20011c59  I2CMasterSlaveAddrSet            
20011e95  I2CRxFIFOFlush                   
20012049  I2CSupport_masterFinish          
20012339  I2CSupport_powerRelConstraint    
2001233f  I2CSupport_powerSetConstraint    
20010453  I2CSupport_primeTransfer         
20011ead  I2CTxFIFOFlush                   
200121c1  I2C_Params_init                  
20011b57  I2C_cancel                       
20012ef4  I2C_config                       
20012eee  I2C_count                        
20012e78  I2C_defaultParams                
2000d8f7  I2C_init                         
2000e7bd  I2C_open                         
2001205d  I2C_transfer                     
2000e35b  I2C_transferTimeout              
UNDEFED   ITM_flush                        
UNDEFED   ITM_restore                      
2000f555  IntEnable                        
200122fd  IntMasterDisable                 
2000fc05  IntPendSet                       
20012071  IntVTableBaseSet                 
20011b7d  List_put                         
20011ba3  List_remove                      
2001225b  NoRTOS_start                     
2000ca91  PRCMCC3200MCUInit                
20011fb3  PRCMHIBRegRead                   
20011fc9  PRCMHIBRegWrite                  
20010e19  PRCMLPDSEnter                    
20011599  PRCMLPDSEnterKeepDebugIf         
20011051  PRCMLPDSRestoreInfoSet           
20011ab9  PRCMPeripheralClkDisable         
20010e61  PRCMPeripheralClkEnable          
20010831  PRCMPeripheralReset              
20010719  PRCMSysResetCauseGet             
2000fc8d  PinConfigSet                     
200117f5  PinModeGet                       
2001126d  PinModeSet                       
20011d75  PinToPadGet                      
20012cd8  PowerCC32XX_config               
2000f5fd  PowerCC32XX_configureWakeup      
20012f10  PowerCC32XX_contextSave          
20011095  PowerCC32XX_enterLPDS            
200119b9  PowerCC32XX_getParkState         
2000eaa7  PowerCC32XX_initPolicy           
2001266c  PowerCC32XX_module               
20010c11  PowerCC32XX_parkPin              
20011bed  PowerCC32XX_reset                
20011829  PowerCC32XX_restoreParkState     
20011929  PowerCC32XX_restoreParkedPin     
200109df  PowerCC32XX_resumeLPDS           
200105f1  PowerCC32XX_setParkState         
2000d8f9  PowerCC32XX_sleepPolicy          
20012085  Power_disablePolicy              
200121d1  Power_enablePolicy               
200122ad  Power_getConstraintMask          
20012099  Power_getDependencyCount         
20011ec5  Power_getTransitionLatency       
20011edd  Power_idleFunc                   
2000fe21  Power_init                       
20011ae1  Power_registerNotify             
20010ea9  Power_releaseConstraint          
20010889  Power_releaseDependency          
200114a9  Power_setConstraint              
2000ffa9  Power_setDependency              
2000dfb5  Power_sleep                      
20011c9d  Power_unregisterNotify           
200120f9  RingBuf_construct                
200112ad  RingBuf_get                      
20012285  RingBuf_isFull                   
20011cbd  RingBuf_peek                     
20010f81  RingBuf_put                      
200121e1  SemaphoreP_Params_init           
20010b25  SemaphoreP_construct             
20011d1b  SemaphoreP_constructBinary       
20011fdf  SemaphoreP_create                
20011dff  SemaphoreP_createBinary          
20012a08  SemaphoreP_defaultParams         
20012353  SemaphoreP_delete                
2000eeff  SemaphoreP_destruct              
2000f7e9  SemaphoreP_pend                  
200110d9  SemaphoreP_post                  
20011d91  SwiP_disable                     
2001111d  SwiP_restore                     
200114e5  TickFct_CheckButtons             
200119e5  TickFct_SetHeat                  
20010b75  TimerCC32XX_allocateTimerResource
2001185d  TimerCC32XX_freeTimerResource    
200116e9  TimerControlStall                
20011d39  TimerDisable                     
20011d57  TimerEnable                      
20012a1c  TimerFlag                        
2001210b  TimerIntClear                    
20011ef5  TimerIntDisable                  
20011f0d  TimerIntEnable                   
20011a3b  TimerLoadSet                     
20011a65  TimerPrescaleSet                 
20011c11  TimerSupport_timerDisable        
200112ed  TimerSupport_timerEnable         
200121f1  Timer_Params_init                
2001132d  Timer_close                      
20012efc  Timer_config                     
20012ef0  Timer_count                      
2000f07b  Timer_init                       
2000e0ed  Timer_open                       
20011161  Timer_start                      
2001171f  Timer_stop                       
20011f25  UARTBusy                         
2000e47d  UARTCC32XX_close                 
2000e9b5  UARTCC32XX_control               
20012d1c  UARTCC32XX_fxnTable              
2000fa57  UARTCC32XX_init                  
2000cebd  UARTCC32XX_open                  
2001136d  UARTCC32XX_read                  
20011755  UARTCC32XX_readCancel            
2000efc1  UARTCC32XX_readPolling           
2000ee35  UARTCC32XX_write                 
20010525  UARTCC32XX_writeCancel           
20010655  UARTCC32XX_writePolling          
20011f3d  UARTIntEnable                    
20011f55  UART_Params_init                 
20012ec4  UART_config                      
20012ef2  UART_count                       
20012d6c  UART_defaultParams               
200111a5  UART_init                        
200113ad  UART_open                        
20012307  UART_write                       
20012345  UtilsDelay                       
20004000  __STACK_END                      
00001000  __STACK_SIZE                     
00008000  __SYSMEM_SIZE                    
20013490  __TI_CINIT_Base                  
200134a0  __TI_CINIT_Limit                 
2001347c  __TI_Handler_Table_Base          
20013488  __TI_Handler_Table_Limit         
200111e9  __TI_auto_init_nobinit_nopinit   
200104bd  __TI_decompress_lzss             
20012293  __TI_decompress_none             
20010937  __TI_ltoa                        
ffffffff  __TI_pprof_out_hndl              
2000c041  __TI_printfi                     
ffffffff  __TI_prof_data_size              
ffffffff  __TI_prof_data_start             
200133a8  __TI_static_base__               
200122c5  __TI_zero_init                   
2000fd15  __aeabi_cdcmpeq                  
2000fd15  __aeabi_cdcmple                  
2000fd9b  __aeabi_cdrcmple                 
20010f39  __aeabi_d2iz                     
2000d74b  __aeabi_dadd                     
2000e225  __aeabi_ddiv                     
2000e8b9  __aeabi_dmul                     
2000d741  __aeabi_dsub                     
20012319  __aeabi_errno_addr               
20011679  __aeabi_f2iz                     
2001011f  __aeabi_fmul                     
20011989  __aeabi_i2d                      
200116b1  __aeabi_i2f                      
200119b7  __aeabi_idiv0                    
200119b7  __aeabi_ldiv0                    
20011f85  __aeabi_lmul                     
20010199  __aeabi_memclr                   
20010199  __aeabi_memclr4                  
20010199  __aeabi_memclr8                  
2000f925  __aeabi_memcpy                   
2000f925  __aeabi_memcpy4                  
2000f925  __aeabi_memcpy8                  
2001019b  __aeabi_memset                   
2001019b  __aeabi_memset4                  
2001019b  __aeabi_memset8                  
2000f9c1  __aeabi_uldivmod                 
ffffffff  __binit__                        
ffffffff  __c_args__                       
UNDEFED   __mpu_init                       
20003000  __stack                          
20004000  __start___llvm_prf_cnts          
20004000  __stop___llvm_prf_cnts           
20011c35  _c_int00_noargs                  
20012a2c  _ctypes_                         
200129f8  _lock                            
200102ff  _nop                             
20004040  _sys_memory                      
UNDEFED   _system_post_cinit               
20012357  _system_pre_init                 
200129fc  _unlock                          
2001235b  abort                            
2000e6bd  aligned_alloc                    
20010c5d  atoi                             
ffffffff  binit                            
200106b7  clkFxn                           
200122b9  copysign                         
200122b9  copysignl                        
200128d4  currentTemp                      
200128f0  downFlag                         
20012a28  errno                            
2000ec81  free                             
20010779  frexp                            
20010779  frexpl                           
20012201  gpioButtonFxn0                   
20012211  gpioButtonFxn1                   
20013138  gpioCallbackFunctions            
20012974  gpioPinConfigs                   
200131bc  gpioUserArgs                     
200128e8  heat                             
200128d8  i2c                              
20012e40  i2cCC32XXHWAttrs                 
2001303c  i2cCC32XXObjects                 
200128f4  i2cTransaction                   
2000d579  initI2C                          
20010ef1  initTimer                        
20011521  initUART                         
20011609  initVectors                      
2000ed65  ldexp                            
2000ed65  ldexpl                           
2001211d  main                             
2000eaa9  mainThread                       
20012321  malloc                           
2000e6bd  memalign                         
20011dc9  memccpy                          
2000f925  memcpy                           
200101a1  memset                           
20012934  output                           
200127d8  parkInfo                         
2000eb95  readTemp                         
20011e19  resetISR                         
20011e2c  resetVectorAddr                  
20004000  resetVectors                     
200128d1  rxBuffer                         
2000ed65  scalbn                           
2000ed65  scalbnl                          
200128e4  setTemp                          
20010cf5  snprintf                         
20011ff5  strchr                           
200120c1  strlen                           
20012914  tasks                            
200128e0  timer0                           
20012ea8  timerCC32XXHWAttrs               
20013240  timerCC32XXObjects               
200113ed  timerCallback                    
20012a18  timerCnt                         
200128d0  txBuffer                         
200128dc  uart                             
200132c4  uartCC32XXObjects0               
200128ec  upFlag                           
2001212f  wcslen                           


GLOBAL SYMBOLS: SORTED BY Symbol Address 

address   name                             
-------   ----                             
00001000  __STACK_SIZE                     
00008000  __SYSMEM_SIZE                    
20003000  __stack                          
20004000  __STACK_END                      
20004000  __start___llvm_prf_cnts          
20004000  __stop___llvm_prf_cnts           
20004000  resetVectors                     
20004040  _sys_memory                      
2000c041  __TI_printfi                     
2000ca8f  Board_initHook                   
2000ca91  PRCMCC3200MCUInit                
2000cebd  UARTCC32XX_open                  
2000d579  initI2C                          
2000d741  __aeabi_dsub                     
2000d74b  __aeabi_dadd                     
2000d8f7  I2C_init                         
2000d8f9  PowerCC32XX_sleepPolicy          
2000da95  GPIO_setConfig                   
2000dfb5  Power_sleep                      
2000e0ed  Timer_open                       
2000e225  __aeabi_ddiv                     
2000e35b  I2C_transferTimeout              
2000e47d  UARTCC32XX_close                 
2000e6bd  aligned_alloc                    
2000e6bd  memalign                         
2000e7bd  I2C_open                         
2000e8b9  __aeabi_dmul                     
2000e9b5  UARTCC32XX_control               
2000eaa7  PowerCC32XX_initPolicy           
2000eaa9  mainThread                       
2000eb95  readTemp                         
2000ec81  free                             
2000ed65  ldexp                            
2000ed65  ldexpl                           
2000ed65  scalbn                           
2000ed65  scalbnl                          
2000ee35  UARTCC32XX_write                 
2000eeff  SemaphoreP_destruct              
2000efc1  UARTCC32XX_readPolling           
2000f07b  Timer_init                       
2000f555  IntEnable                        
2000f5fd  PowerCC32XX_configureWakeup      
2000f7e9  SemaphoreP_pend                  
2000f925  __aeabi_memcpy                   
2000f925  __aeabi_memcpy4                  
2000f925  __aeabi_memcpy8                  
2000f925  memcpy                           
2000f9c1  __aeabi_uldivmod                 
2000fa57  UARTCC32XX_init                  
2000fa59  GPIO_init                        
2000fb79  HwiP_construct                   
2000fc05  IntPendSet                       
2000fc8d  PinConfigSet                     
2000fd15  __aeabi_cdcmpeq                  
2000fd15  __aeabi_cdcmple                  
2000fd9b  __aeabi_cdrcmple                 
2000fe21  Power_init                       
2000ff29  GPIO_write                       
2000ffa9  Power_setDependency              
2001011f  __aeabi_fmul                     
20010199  __aeabi_memclr                   
20010199  __aeabi_memclr4                  
20010199  __aeabi_memclr8                  
2001019b  __aeabi_memset                   
2001019b  __aeabi_memset4                  
2001019b  __aeabi_memset8                  
200101a1  memset                           
200102ff  _nop                             
20010453  I2CSupport_primeTransfer         
200104bd  __TI_decompress_lzss             
20010525  UARTCC32XX_writeCancel           
2001058d  GPIO_setInterruptConfig          
200105f1  PowerCC32XX_setParkState         
20010655  UARTCC32XX_writePolling          
200106b7  clkFxn                           
200106b9  GPIO_hwiIntFxn                   
20010719  PRCMSysResetCauseGet             
20010779  frexp                            
20010779  frexpl                           
20010831  PRCMPeripheralReset              
20010889  Power_releaseDependency          
20010937  __TI_ltoa                        
200109df  PowerCC32XX_resumeLPDS           
20010ad5  ClockP_doTick                    
20010ad5  ClockP_sysTickHandler            
20010b25  SemaphoreP_construct             
20010b75  TimerCC32XX_allocateTimerResource
20010c11  PowerCC32XX_parkPin              
20010c5d  atoi                             
20010cf5  snprintf                         
20010d41  FlashDisable                     
20010d89  GPIO_disableInt                  
20010dd1  GPIO_enableInt                   
20010e19  PRCMLPDSEnter                    
20010e61  PRCMPeripheralClkEnable          
20010ea9  Power_releaseConstraint          
20010ef1  initTimer                        
20010f39  __aeabi_d2iz                     
20010f81  RingBuf_put                      
2001100d  ClockP_stop                      
20011051  PRCMLPDSRestoreInfoSet           
20011095  PowerCC32XX_enterLPDS            
200110d9  SemaphoreP_post                  
2001111d  SwiP_restore                     
20011161  Timer_start                      
200111a5  UART_init                        
200111e9  __TI_auto_init_nobinit_nopinit   
2001122d  ClockP_construct                 
2001126d  PinModeSet                       
200112ad  RingBuf_get                      
200112ed  TimerSupport_timerEnable         
2001132d  Timer_close                      
2001136d  UARTCC32XX_read                  
200113ad  UART_open                        
200113ed  timerCallback                    
2001146d  ClockP_destruct                  
200114a9  Power_setConstraint              
200114e5  TickFct_CheckButtons             
20011521  initUART                         
20011599  PRCMLPDSEnterKeepDebugIf         
20011609  initVectors                      
20011679  __aeabi_f2iz                     
200116b1  __aeabi_i2f                      
200116e9  TimerControlStall                
2001171f  Timer_stop                       
20011755  UARTCC32XX_readCancel            
2001178d  ClockP_getTicksUntilInterrupt    
200117c1  ClockP_startup                   
200117f5  PinModeGet                       
20011829  PowerCC32XX_restoreParkState     
2001185d  TimerCC32XX_freeTimerResource    
200118f9  ClockP_start                     
20011929  PowerCC32XX_restoreParkedPin     
20011989  __aeabi_i2d                      
200119b7  __aeabi_idiv0                    
200119b7  __aeabi_ldiv0                    
200119b9  PowerCC32XX_getParkState         
200119e5  TickFct_SetHeat                  
20011a11  HwiP_create                      
20011a3b  TimerLoadSet                     
20011a65  TimerPrescaleSet                 
20011a8f  I2CFIFODataPutNonBlocking        
20011ab9  PRCMPeripheralClkDisable         
20011ae1  Power_registerNotify             
20011b31  I2CFIFODataGetNonBlocking        
20011b57  I2C_cancel                       
20011b7d  List_put                         
20011ba3  List_remove                      
20011bc9  HwiP_dispatch                    
20011bed  PowerCC32XX_reset                
20011c11  TimerSupport_timerDisable        
20011c35  _c_int00_noargs                  
20011c59  I2CMasterSlaveAddrSet            
20011c7b  HwiP_destruct                    
20011c9d  Power_unregisterNotify           
20011cbd  RingBuf_peek                     
20011cfd  I2CMasterIntStatusEx             
20011d1b  SemaphoreP_constructBinary       
20011d39  TimerDisable                     
20011d57  TimerEnable                      
20011d75  PinToPadGet                      
20011d91  SwiP_disable                     
20011dc9  memccpy                          
20011de5  ClockP_create                    
20011dff  SemaphoreP_createBinary          
20011e19  resetISR                         
20011e2c  resetVectorAddr                  
20011e35  GPIO_setCallback                 
20011e4d  I2CMasterBusBusy                 
20011e65  I2CMasterIntDisableEx            
20011e7d  I2CMasterIntEnableEx             
20011e95  I2CRxFIFOFlush                   
20011ead  I2CTxFIFOFlush                   
20011ec5  Power_getTransitionLatency       
20011edd  Power_idleFunc                   
20011ef5  TimerIntDisable                  
20011f0d  TimerIntEnable                   
20011f25  UARTBusy                         
20011f3d  UARTIntEnable                    
20011f55  UART_Params_init                 
20011f85  __aeabi_lmul                     
20011f9d  I2CMasterBurstLengthSet          
20011fb3  PRCMHIBRegRead                   
20011fc9  PRCMHIBRegWrite                  
20011fdf  SemaphoreP_create                
20011ff5  strchr                           
2001200b  Board_init                       
2001201f  CPUcpsid                         
20012035  HwiP_inISR                       
20012049  I2CSupport_masterFinish          
2001205d  I2C_transfer                     
20012071  IntVTableBaseSet                 
20012085  Power_disablePolicy              
20012099  Power_getDependencyCount         
200120c1  strlen                           
200120d5  HwiP_Params_init                 
200120e7  I2CMasterIntClearEx              
200120f9  RingBuf_construct                
2001210b  TimerIntClear                    
2001211d  main                             
2001212f  wcslen                           
20012141  ClockP_add                       
20012151  ClockP_delete                    
20012161  ClockP_getCpuFreq                
20012171  ClockP_getSystemTicks            
20012181  ClockP_setTicks                  
20012191  HwiP_delete                      
200121a1  HwiP_restore                     
200121b1  I2CFIFOStatus                    
200121c1  I2C_Params_init                  
200121d1  Power_enablePolicy               
200121e1  SemaphoreP_Params_init           
200121f1  Timer_Params_init                
20012201  gpioButtonFxn0                   
20012211  gpioButtonFxn1                   
20012231  HwiP_clearInterrupt              
2001223f  HwiP_disable                     
2001224d  HwiP_disableInterrupt            
2001225b  HwiP_enable                      
2001225b  NoRTOS_start                     
20012269  HwiP_enableInterrupt             
20012285  RingBuf_isFull                   
20012293  __TI_decompress_none             
200122ad  Power_getConstraintMask          
200122b9  copysign                         
200122b9  copysignl                        
200122c5  __TI_zero_init                   
200122e9  ClockP_Params_init               
200122f3  ClockP_isActive                  
200122fd  IntMasterDisable                 
20012307  UART_write                       
20012319  __aeabi_errno_addr               
20012321  malloc                           
20012339  I2CSupport_powerRelConstraint    
2001233f  I2CSupport_powerSetConstraint    
20012345  UtilsDelay                       
2001234b  ClockP_setTimeout                
2001234f  HwiP_post                        
20012353  SemaphoreP_delete                
20012357  _system_pre_init                 
2001235b  C$$EXIT                          
2001235b  abort                            
2001266c  PowerCC32XX_module               
200127d8  parkInfo                         
200128d0  txBuffer                         
200128d1  rxBuffer                         
200128d4  currentTemp                      
200128d8  i2c                              
200128dc  uart                             
200128e0  timer0                           
200128e4  setTemp                          
200128e8  heat                             
200128ec  upFlag                           
200128f0  downFlag                         
200128f4  i2cTransaction                   
20012914  tasks                            
20012934  output                           
20012974  gpioPinConfigs                   
200129f8  _lock                            
200129fc  _unlock                          
20012a08  SemaphoreP_defaultParams         
20012a10  HwiP_key                         
20012a14  HwiP_swiPIntNum                  
20012a18  timerCnt                         
20012a1c  TimerFlag                        
20012a20  ClockP_tickPeriod                
20012a28  errno                            
20012a2c  _ctypes_                         
20012cd8  PowerCC32XX_config               
20012d1c  UARTCC32XX_fxnTable              
20012d6c  UART_defaultParams               
20012e40  i2cCC32XXHWAttrs                 
20012e68  GPIO_config                      
20012e78  I2C_defaultParams                
20012ea8  timerCC32XXHWAttrs               
20012ec4  UART_config                      
20012ee8  GPIO_pinLowerBound               
20012ee9  GPIO_pinUpperBound               
20012eea  CONFIG_GPIO_BUTTON_0_CONST       
20012eeb  CONFIG_GPIO_BUTTON_1_CONST       
20012eec  CONFIG_GPIO_LED_0_CONST          
20012eed  CONFIG_I2C_0_CONST               
20012eee  I2C_count                        
20012eef  CONFIG_TIMER_0_CONST             
20012ef0  Timer_count                      
20012ef1  CONFIG_UART_0_CONST              
20012ef2  UART_count                       
20012ef4  I2C_config                       
20012efc  Timer_config                     
20012f10  PowerCC32XX_contextSave          
2001303c  i2cCC32XXObjects                 
20013138  gpioCallbackFunctions            
200131bc  gpioUserArgs                     
20013240  timerCC32XXObjects               
200132c4  uartCC32XXObjects0               
20013380  ClockP_ctrl                      
200133a8  __TI_static_base__               
2001347c  __TI_Handler_Table_Base          
20013488  __TI_Handler_Table_Limit         
20013490  __TI_CINIT_Base                  
200134a0  __TI_CINIT_Limit                 
ffffffff  __TI_pprof_out_hndl              
ffffffff  __TI_prof_data_size              
ffffffff  __TI_prof_data_start             
ffffffff  __binit__                        
ffffffff  __c_args__                       
ffffffff  binit                            
UNDEFED   ITM_flush                        
UNDEFED   ITM_restore                      
UNDEFED   __mpu_init                       
UNDEFED   _system_post_cinit               

[311 symbols]
